2025-09-24 09:22:40 - advanced_pipeline - INFO - Logger advanced_pipeline configuré - Fichier: /data/FCP10/Donnees/MC/explo/FCP10_MLCDP_WAX647/code/Prod/SEGPOTDYN/logs/advanced_pipeline_20250924.log
2025-09-24 09:22:40 - advanced_pipeline - INFO - AdvancedPipeline initialisé - Mode: dev, Clustering: stratifie
2025-09-24 09:22:40 - advanced_pipeline - INFO - Force retrain: False
2025-09-24 09:22:40 - advanced_pipeline - INFO - === DÉMARRAGE PIPELINE AVANCÉ ===
2025-09-24 09:22:40 - advanced_pipeline - INFO - Étape 1: Extraction données
2025-09-24 09:22:44 - advanced_pipeline - INFO - Données extraites: (312440, 30)
2025-09-24 09:22:44 - advanced_pipeline - INFO - Étape 2: Optimisation dimensions
2025-09-24 09:22:46 - advanced_pipeline - INFO - Dimensions optimisées: (312440, 9)
2025-09-24 09:22:46 - advanced_pipeline - INFO - === CLUSTERING AVEC GESTION MODÈLES ===
2025-09-24 09:22:46 - advanced_pipeline - INFO - Modèle existant trouvé: /data/FCP10/Donnees/MC/explo/FCP10_MLCDP_WAX647/code/Prod/SEGPOTDYN/models/age_clustering_20250919_134217.pkl
2025-09-24 09:22:46 - advanced_pipeline - INFO - === MÉTRIQUES DÉTAILLÉES DU MODÈLE ===
2025-09-24 09:22:46 - advanced_pipeline - INFO - 📊 MODÈLE EXISTANT:
2025-09-24 09:22:46 - advanced_pipeline - INFO -   Version: 20250919_134217
2025-09-24 09:22:46 - advanced_pipeline - INFO -   Date entraînement: 2025-09-19T13:52:19.631915
2025-09-24 09:22:46 - advanced_pipeline - INFO -   Échantillons entraînement: 312,412
2025-09-24 09:22:46 - advanced_pipeline - INFO -   Features entraînement: 7
2025-09-24 09:22:46 - advanced_pipeline - INFO -   Silhouette moyenne: 0.655
2025-09-24 09:22:46 - advanced_pipeline - INFO -   Min/Max silhouette: 0.529 / 0.802
2025-09-24 09:22:46 - advanced_pipeline - INFO -   Clusters créés: 50
2025-09-24 09:22:46 - advanced_pipeline - INFO -   Strates viables: 10
2025-09-24 09:22:46 - advanced_pipeline - INFO -   Strates cluster unique: 1
2025-09-24 09:22:46 - advanced_pipeline - INFO - 👥 PROFIL DÉMOGRAPHIQUE MODÈLE:
2025-09-24 09:22:46 - advanced_pipeline - INFO -   Âge moyen entraînement: 49.9 ± 20.2
2025-09-24 09:22:46 - advanced_pipeline - INFO -   Âge min/max entraînement: 18 / 100
2025-09-24 09:22:46 - advanced_pipeline - INFO - 📈 NOUVELLES DONNÉES:
2025-09-24 09:22:46 - advanced_pipeline - INFO -   Échantillons actuels: 312,440
2025-09-24 09:22:46 - advanced_pipeline - INFO -   Features actuelles: 8
2025-09-24 09:22:46 - advanced_pipeline - INFO -   Âge moyen actuel: 49.9 ± 20.2
2025-09-24 09:22:46 - advanced_pipeline - INFO -   Âge min/max actuel: 18 / 100
2025-09-24 09:22:46 - advanced_pipeline - INFO - ⚖️  COMPARAISON MODÈLE vs NOUVELLES DONNÉES:
2025-09-24 09:22:46 - advanced_pipeline - INFO -   Dérive âge moyen: 0.0 ans
2025-09-24 09:22:46 - advanced_pipeline - INFO -   Dérive écart-type âge: 0.0
2025-09-24 09:22:46 - advanced_pipeline - INFO -   Ratio volume: 1.00x (312,440 vs 312,412)
2025-09-24 09:22:46 - advanced_pipeline - INFO - 🧪 TEST APPLICATION MODÈLE:
2025-09-24 09:22:46 - advanced_pipeline - INFO -   Échantillon testé: 1,000
2025-09-24 09:22:46 - advanced_pipeline - INFO -   Clients clusterisés: 1,000 (100.0%)
2025-09-24 09:22:46 - advanced_pipeline - INFO -   Clients non-clusterisés: 0 (0.0%)
2025-09-24 09:22:46 - advanced_pipeline - INFO -   Strates actives: 10
2025-09-24 09:22:46 - advanced_pipeline - INFO -     - 63+: 309 clients
2025-09-24 09:22:46 - advanced_pipeline - INFO -     - 18-22: 97 clients
2025-09-24 09:22:46 - advanced_pipeline - INFO -     - 23-27: 93 clients
2025-09-24 09:22:46 - advanced_pipeline - INFO -     - 58-62: 92 clients
2025-09-24 09:22:46 - advanced_pipeline - INFO -     - 43-47: 76 clients
2025-09-24 09:22:46 - advanced_pipeline - INFO - 🚨 SIGNAUX POUR DÉCISION MANUELLE:
2025-09-24 09:22:46 - advanced_pipeline - INFO -   ✅ AUCUNE ALERTE - Modèle semble adapté aux nouvelles données
2025-09-24 09:22:46 - advanced_pipeline - INFO - 📋 RÉSUMÉ DÉCISIONNEL:
2025-09-24 09:22:46 - advanced_pipeline - INFO -   Âge du modèle: 4 jours
2025-09-24 09:22:46 - advanced_pipeline - INFO -   Qualité modèle: Bonne
2025-09-24 09:22:46 - advanced_pipeline - INFO -   Dérive détectée: Non
2025-09-24 09:22:46 - advanced_pipeline - INFO -   Couverture: Bonne
2025-09-24 09:22:46 - advanced_pipeline - INFO - APPLICATION MODÈLE EXISTANT
2025-09-24 09:24:21 - advanced_pipeline - INFO - Logger advanced_pipeline configuré - Fichier: /data/FCP10/Donnees/MC/explo/FCP10_MLCDP_WAX647/code/Prod/SEGPOTDYN/logs/advanced_pipeline_20250924.log
2025-09-24 09:24:21 - advanced_pipeline - INFO - AdvancedPipeline initialisé - Mode: dev, Clustering: stratifie
2025-09-24 09:24:21 - advanced_pipeline - INFO - Force retrain: False
2025-09-24 09:24:21 - advanced_pipeline - INFO - === DÉMARRAGE PIPELINE AVANCÉ ===
2025-09-24 09:24:21 - advanced_pipeline - INFO - Étape 1: Extraction données
2025-09-24 09:24:26 - advanced_pipeline - INFO - Données extraites: (312440, 30)
2025-09-24 09:24:26 - advanced_pipeline - INFO - Étape 2: Optimisation dimensions
2025-09-24 09:24:27 - advanced_pipeline - INFO - Dimensions optimisées: (312440, 9)
2025-09-24 09:24:27 - advanced_pipeline - INFO - === CLUSTERING AVEC GESTION MODÈLES ===
2025-09-24 09:24:27 - advanced_pipeline - INFO - Modèle existant trouvé: /data/FCP10/Donnees/MC/explo/FCP10_MLCDP_WAX647/code/Prod/SEGPOTDYN/models/age_clustering_20250919_134217.pkl
2025-09-24 09:24:27 - advanced_pipeline - INFO - === MÉTRIQUES DÉTAILLÉES DU MODÈLE ===
2025-09-24 09:24:27 - advanced_pipeline - INFO - 📊 MODÈLE EXISTANT:
2025-09-24 09:24:27 - advanced_pipeline - INFO -   Version: 20250919_134217
2025-09-24 09:24:27 - advanced_pipeline - INFO -   Date entraînement: 2025-09-19T13:52:19.631915
2025-09-24 09:24:27 - advanced_pipeline - INFO -   Échantillons entraînement: 312,412
2025-09-24 09:24:27 - advanced_pipeline - INFO -   Features entraînement: 7
2025-09-24 09:24:27 - advanced_pipeline - INFO -   Silhouette moyenne: 0.655
2025-09-24 09:24:27 - advanced_pipeline - INFO -   Min/Max silhouette: 0.529 / 0.802
2025-09-24 09:24:27 - advanced_pipeline - INFO -   Clusters créés: 50
2025-09-24 09:24:27 - advanced_pipeline - INFO -   Strates viables: 10
2025-09-24 09:24:27 - advanced_pipeline - INFO -   Strates cluster unique: 1
2025-09-24 09:24:27 - advanced_pipeline - INFO - 👥 PROFIL DÉMOGRAPHIQUE MODÈLE:
2025-09-24 09:24:27 - advanced_pipeline - INFO -   Âge moyen entraînement: 49.9 ± 20.2
2025-09-24 09:24:27 - advanced_pipeline - INFO -   Âge min/max entraînement: 18 / 100
2025-09-24 09:24:27 - advanced_pipeline - INFO - 📈 NOUVELLES DONNÉES:
2025-09-24 09:24:27 - advanced_pipeline - INFO -   Échantillons actuels: 312,440
2025-09-24 09:24:27 - advanced_pipeline - INFO -   Features actuelles: 8
2025-09-24 09:24:27 - advanced_pipeline - INFO -   Âge moyen actuel: 49.9 ± 20.2
2025-09-24 09:24:27 - advanced_pipeline - INFO -   Âge min/max actuel: 18 / 100
2025-09-24 09:24:27 - advanced_pipeline - INFO - ⚖️  COMPARAISON MODÈLE vs NOUVELLES DONNÉES:
2025-09-24 09:24:27 - advanced_pipeline - INFO -   Dérive âge moyen: 0.0 ans
2025-09-24 09:24:27 - advanced_pipeline - INFO -   Dérive écart-type âge: 0.0
2025-09-24 09:24:27 - advanced_pipeline - INFO -   Ratio volume: 1.00x (312,440 vs 312,412)
2025-09-24 09:24:27 - advanced_pipeline - INFO - 🧪 TEST APPLICATION MODÈLE:
2025-09-24 09:24:27 - advanced_pipeline - INFO -   Échantillon testé: 1,000
2025-09-24 09:24:27 - advanced_pipeline - INFO -   Clients clusterisés: 1,000 (100.0%)
2025-09-24 09:24:27 - advanced_pipeline - INFO -   Clients non-clusterisés: 0 (0.0%)
2025-09-24 09:24:27 - advanced_pipeline - INFO -   Strates actives: 10
2025-09-24 09:24:27 - advanced_pipeline - INFO -     - 63+: 309 clients
2025-09-24 09:24:27 - advanced_pipeline - INFO -     - 18-22: 97 clients
2025-09-24 09:24:27 - advanced_pipeline - INFO -     - 23-27: 93 clients
2025-09-24 09:24:27 - advanced_pipeline - INFO -     - 58-62: 92 clients
2025-09-24 09:24:27 - advanced_pipeline - INFO -     - 43-47: 76 clients
2025-09-24 09:24:27 - advanced_pipeline - INFO - 🚨 SIGNAUX POUR DÉCISION MANUELLE:
2025-09-24 09:24:27 - advanced_pipeline - INFO -   ✅ AUCUNE ALERTE - Modèle semble adapté aux nouvelles données
2025-09-24 09:24:27 - advanced_pipeline - INFO - 📋 RÉSUMÉ DÉCISIONNEL:
2025-09-24 09:24:27 - advanced_pipeline - INFO -   Âge du modèle: 4 jours
2025-09-24 09:24:27 - advanced_pipeline - INFO -   Qualité modèle: Bonne
2025-09-24 09:24:27 - advanced_pipeline - INFO -   Dérive détectée: Non
2025-09-24 09:24:27 - advanced_pipeline - INFO -   Couverture: Bonne
2025-09-24 09:24:27 - advanced_pipeline - INFO - APPLICATION MODÈLE EXISTANT
2025-09-24 09:27:19 - advanced_pipeline - INFO - Étape 4: Scoring clients
2025-09-24 09:27:41 - advanced_pipeline - INFO - Export simple créé : data.csv
2025-09-24 09:27:41 - advanced_pipeline - INFO - Scoring terminé: (312440, 61)
2025-09-24 09:27:58 - advanced_pipeline - INFO - Résultats sauvegardés dans: /data/FCP10/Donnees/MC/explo/FCP10_MLCDP_WAX647/code/Prod/SEGPOTDYN/models/pipeline_output/20250924_092421
2025-09-24 09:27:58 - advanced_pipeline - INFO - === PIPELINE TERMINÉ AVEC SUCCÈS ===
2025-09-24 09:34:51 - advanced_pipeline - INFO - Logger advanced_pipeline configuré - Fichier: /data/FCP10/Donnees/MC/explo/FCP10_MLCDP_WAX647/code/Prod/SEGPOTDYN/logs/advanced_pipeline_20250924.log
2025-09-24 09:34:51 - advanced_pipeline - INFO - AdvancedPipeline initialisé - Mode: dev, Clustering: stratifie
2025-09-24 09:34:51 - advanced_pipeline - INFO - Force retrain: False
2025-09-24 09:34:51 - advanced_pipeline - INFO - === DÉMARRAGE PIPELINE AVANCÉ ===
2025-09-24 09:34:51 - advanced_pipeline - INFO - Étape 1: Extraction données
2025-09-24 09:34:55 - advanced_pipeline - INFO - Données extraites: (312440, 30)
2025-09-24 09:34:55 - advanced_pipeline - INFO - Étape 2: Optimisation dimensions
2025-09-24 09:34:57 - advanced_pipeline - INFO - Dimensions optimisées: (312440, 9)
2025-09-24 09:34:57 - advanced_pipeline - INFO - === CLUSTERING AVEC GESTION MODÈLES ===
2025-09-24 09:34:57 - advanced_pipeline - INFO - Modèle existant trouvé: /data/FCP10/Donnees/MC/explo/FCP10_MLCDP_WAX647/code/Prod/SEGPOTDYN/models/age_clustering_20250919_134217.pkl
2025-09-24 09:34:57 - advanced_pipeline - INFO - === MÉTRIQUES DÉTAILLÉES DU MODÈLE ===
2025-09-24 09:34:57 - advanced_pipeline - INFO - 📊 MODÈLE EXISTANT:
2025-09-24 09:34:57 - advanced_pipeline - INFO -   Version: 20250919_134217
2025-09-24 09:34:57 - advanced_pipeline - INFO -   Date entraînement: 2025-09-19T13:52:19.631915
2025-09-24 09:34:57 - advanced_pipeline - INFO -   Échantillons entraînement: 312,412
2025-09-24 09:34:57 - advanced_pipeline - INFO -   Features entraînement: 7
2025-09-24 09:34:57 - advanced_pipeline - INFO -   Silhouette moyenne: 0.655
2025-09-24 09:34:57 - advanced_pipeline - INFO -   Min/Max silhouette: 0.529 / 0.802
2025-09-24 09:34:57 - advanced_pipeline - INFO -   Clusters créés: 50
2025-09-24 09:34:57 - advanced_pipeline - INFO -   Strates viables: 10
2025-09-24 09:34:57 - advanced_pipeline - INFO -   Strates cluster unique: 1
2025-09-24 09:34:57 - advanced_pipeline - INFO - 👥 PROFIL DÉMOGRAPHIQUE MODÈLE:
2025-09-24 09:34:57 - advanced_pipeline - INFO -   Âge moyen entraînement: 49.9 ± 20.2
2025-09-24 09:34:57 - advanced_pipeline - INFO -   Âge min/max entraînement: 18 / 100
2025-09-24 09:34:57 - advanced_pipeline - INFO - 📈 NOUVELLES DONNÉES:
2025-09-24 09:34:57 - advanced_pipeline - INFO -   Échantillons actuels: 312,440
2025-09-24 09:34:57 - advanced_pipeline - INFO -   Features actuelles: 8
2025-09-24 09:34:57 - advanced_pipeline - INFO -   Âge moyen actuel: 49.9 ± 20.2
2025-09-24 09:34:57 - advanced_pipeline - INFO -   Âge min/max actuel: 18 / 100
2025-09-24 09:34:57 - advanced_pipeline - INFO - ⚖️  COMPARAISON MODÈLE vs NOUVELLES DONNÉES:
2025-09-24 09:34:57 - advanced_pipeline - INFO -   Dérive âge moyen: 0.0 ans
2025-09-24 09:34:57 - advanced_pipeline - INFO -   Dérive écart-type âge: 0.0
2025-09-24 09:34:57 - advanced_pipeline - INFO -   Ratio volume: 1.00x (312,440 vs 312,412)
2025-09-24 09:34:57 - advanced_pipeline - INFO - 🧪 TEST APPLICATION MODÈLE:
2025-09-24 09:34:57 - advanced_pipeline - INFO -   Échantillon testé: 1,000
2025-09-24 09:34:57 - advanced_pipeline - INFO -   Clients clusterisés: 1,000 (100.0%)
2025-09-24 09:34:57 - advanced_pipeline - INFO -   Clients non-clusterisés: 0 (0.0%)
2025-09-24 09:34:57 - advanced_pipeline - INFO -   Strates actives: 10
2025-09-24 09:34:57 - advanced_pipeline - INFO -     - 63+: 309 clients
2025-09-24 09:34:57 - advanced_pipeline - INFO -     - 18-22: 97 clients
2025-09-24 09:34:57 - advanced_pipeline - INFO -     - 23-27: 93 clients
2025-09-24 09:34:57 - advanced_pipeline - INFO -     - 58-62: 92 clients
2025-09-24 09:34:57 - advanced_pipeline - INFO -     - 43-47: 76 clients
2025-09-24 09:34:57 - advanced_pipeline - INFO - 🚨 SIGNAUX POUR DÉCISION MANUELLE:
2025-09-24 09:34:57 - advanced_pipeline - INFO -   ✅ AUCUNE ALERTE - Modèle semble adapté aux nouvelles données
2025-09-24 09:34:57 - advanced_pipeline - INFO - 📋 RÉSUMÉ DÉCISIONNEL:
2025-09-24 09:34:57 - advanced_pipeline - INFO -   Âge du modèle: 4 jours
2025-09-24 09:34:57 - advanced_pipeline - INFO -   Qualité modèle: Bonne
2025-09-24 09:34:57 - advanced_pipeline - INFO -   Dérive détectée: Non
2025-09-24 09:34:57 - advanced_pipeline - INFO -   Couverture: Bonne
2025-09-24 09:34:57 - advanced_pipeline - INFO - APPLICATION MODÈLE EXISTANT
2025-09-24 09:37:50 - advanced_pipeline - INFO - Étape 4: Scoring clients
2025-09-24 09:38:17 - advanced_pipeline - INFO - Export simple créé : data.csv
2025-09-24 09:38:17 - advanced_pipeline - INFO - Scoring terminé: (312440, 61)
2025-09-24 09:38:34 - advanced_pipeline - INFO - Résultats sauvegardés dans: /data/FCP10/Donnees/MC/explo/FCP10_MLCDP_WAX647/code/Prod/SEGPOTDYN/models/pipeline_output/20250924_093451
2025-09-24 09:38:34 - advanced_pipeline - INFO - === PIPELINE TERMINÉ AVEC SUCCÈS ===
2025-09-24 09:42:34 - advanced_pipeline - INFO - Logger advanced_pipeline configuré - Fichier: /data/FCP10/Donnees/MC/explo/FCP10_MLCDP_WAX647/code/Prod/SEGPOTDYN/logs/advanced_pipeline_20250924.log
2025-09-24 09:42:34 - advanced_pipeline - INFO - AdvancedPipeline initialisé - Mode: dev, Clustering: stratifie
2025-09-24 09:42:34 - advanced_pipeline - INFO - Force retrain: False
2025-09-24 09:42:34 - advanced_pipeline - INFO - === DÉMARRAGE PIPELINE AVANCÉ ===
2025-09-24 09:42:34 - advanced_pipeline - INFO - Étape 1: Extraction données
2025-09-24 09:42:38 - advanced_pipeline - INFO - Données extraites: (312440, 30)
2025-09-24 09:42:38 - advanced_pipeline - INFO - Étape 2: Optimisation dimensions
2025-09-24 09:42:39 - advanced_pipeline - INFO - Dimensions optimisées: (312440, 9)
2025-09-24 09:42:39 - advanced_pipeline - INFO - === CLUSTERING AVEC GESTION MODÈLES ===
2025-09-24 09:42:39 - advanced_pipeline - INFO - Modèle existant trouvé: /data/FCP10/Donnees/MC/explo/FCP10_MLCDP_WAX647/code/Prod/SEGPOTDYN/models/age_clustering_20250919_134217.pkl
2025-09-24 09:42:39 - advanced_pipeline - INFO - === MÉTRIQUES DÉTAILLÉES DU MODÈLE ===
2025-09-24 09:42:39 - advanced_pipeline - INFO - 📊 MODÈLE EXISTANT:
2025-09-24 09:42:39 - advanced_pipeline - INFO -   Version: 20250919_134217
2025-09-24 09:42:39 - advanced_pipeline - INFO -   Date entraînement: 2025-09-19T13:52:19.631915
2025-09-24 09:42:39 - advanced_pipeline - INFO -   Échantillons entraînement: 312,412
2025-09-24 09:42:39 - advanced_pipeline - INFO -   Features entraînement: 7
2025-09-24 09:42:39 - advanced_pipeline - INFO -   Silhouette moyenne: 0.655
2025-09-24 09:42:39 - advanced_pipeline - INFO -   Min/Max silhouette: 0.529 / 0.802
2025-09-24 09:42:39 - advanced_pipeline - INFO -   Clusters créés: 50
2025-09-24 09:42:39 - advanced_pipeline - INFO -   Strates viables: 10
2025-09-24 09:42:39 - advanced_pipeline - INFO -   Strates cluster unique: 1
2025-09-24 09:42:39 - advanced_pipeline - INFO - 👥 PROFIL DÉMOGRAPHIQUE MODÈLE:
2025-09-24 09:42:39 - advanced_pipeline - INFO -   Âge moyen entraînement: 49.9 ± 20.2
2025-09-24 09:42:39 - advanced_pipeline - INFO -   Âge min/max entraînement: 18 / 100
2025-09-24 09:42:39 - advanced_pipeline - INFO - 📈 NOUVELLES DONNÉES:
2025-09-24 09:42:39 - advanced_pipeline - INFO -   Échantillons actuels: 312,440
2025-09-24 09:42:39 - advanced_pipeline - INFO -   Features actuelles: 8
2025-09-24 09:42:39 - advanced_pipeline - INFO -   Âge moyen actuel: 49.9 ± 20.2
2025-09-24 09:42:39 - advanced_pipeline - INFO -   Âge min/max actuel: 18 / 100
2025-09-24 09:42:39 - advanced_pipeline - INFO - ⚖️  COMPARAISON MODÈLE vs NOUVELLES DONNÉES:
2025-09-24 09:42:39 - advanced_pipeline - INFO -   Dérive âge moyen: 0.0 ans
2025-09-24 09:42:39 - advanced_pipeline - INFO -   Dérive écart-type âge: 0.0
2025-09-24 09:42:39 - advanced_pipeline - INFO -   Ratio volume: 1.00x (312,440 vs 312,412)
2025-09-24 09:42:39 - advanced_pipeline - INFO - 🧪 TEST APPLICATION MODÈLE:
2025-09-24 09:42:40 - advanced_pipeline - INFO -   Échantillon testé: 1,000
2025-09-24 09:42:40 - advanced_pipeline - INFO -   Clients clusterisés: 1,000 (100.0%)
2025-09-24 09:42:40 - advanced_pipeline - INFO -   Clients non-clusterisés: 0 (0.0%)
2025-09-24 09:42:40 - advanced_pipeline - INFO -   Strates actives: 10
2025-09-24 09:42:40 - advanced_pipeline - INFO -     - 63+: 309 clients
2025-09-24 09:42:40 - advanced_pipeline - INFO -     - 18-22: 97 clients
2025-09-24 09:42:40 - advanced_pipeline - INFO -     - 23-27: 93 clients
2025-09-24 09:42:40 - advanced_pipeline - INFO -     - 58-62: 92 clients
2025-09-24 09:42:40 - advanced_pipeline - INFO -     - 43-47: 76 clients
2025-09-24 09:42:40 - advanced_pipeline - INFO - 🚨 SIGNAUX POUR DÉCISION MANUELLE:
2025-09-24 09:42:40 - advanced_pipeline - INFO -   ✅ AUCUNE ALERTE - Modèle semble adapté aux nouvelles données
2025-09-24 09:42:40 - advanced_pipeline - INFO - 📋 RÉSUMÉ DÉCISIONNEL:
2025-09-24 09:42:40 - advanced_pipeline - INFO -   Âge du modèle: 4 jours
2025-09-24 09:42:40 - advanced_pipeline - INFO -   Qualité modèle: Bonne
2025-09-24 09:42:40 - advanced_pipeline - INFO -   Dérive détectée: Non
2025-09-24 09:42:40 - advanced_pipeline - INFO -   Couverture: Bonne
2025-09-24 09:42:40 - advanced_pipeline - INFO - APPLICATION MODÈLE EXISTANT
2025-09-24 09:45:27 - advanced_pipeline - INFO - Étape 4: Scoring clients
2025-09-24 09:45:50 - advanced_pipeline - INFO - Export simple créé : data.csv
2025-09-24 09:45:50 - advanced_pipeline - INFO - Scoring terminé: (312440, 61)
2025-09-24 09:46:05 - advanced_pipeline - INFO - Résultats sauvegardés dans: /data/FCP10/Donnees/MC/explo/FCP10_MLCDP_WAX647/code/Prod/SEGPOTDYN/models/pipeline_output/20250924_094234
2025-09-24 09:46:05 - advanced_pipeline - INFO - === PIPELINE TERMINÉ AVEC SUCCÈS ===
2025-09-24 13:36:04 - advanced_pipeline - INFO - AdvancedPipeline initialisé - Mode: dev, Clustering: stratifie
2025-09-24 13:36:04 - advanced_pipeline - INFO - Force retrain: False
2025-09-24 13:36:04 - advanced_pipeline - INFO - === DÉMARRAGE PIPELINE AVANCÉ ===
2025-09-24 13:36:04 - advanced_pipeline - INFO - Étape 1: Extraction données
2025-09-24 13:36:08 - advanced_pipeline - INFO - Données extraites: (312440, 30)
2025-09-24 13:36:08 - advanced_pipeline - INFO - Étape 2: Optimisation dimensions
2025-09-24 13:36:10 - advanced_pipeline - INFO - Dimensions optimisées: (312440, 9)
2025-09-24 13:36:10 - advanced_pipeline - INFO - === CLUSTERING AVEC GESTION MODÈLES ===
2025-09-24 13:36:10 - advanced_pipeline - INFO - Modèle existant trouvé: /data/FCP10/Donnees/MC/explo/FCP10_MLCDP_WAX647/code/Prod/SEGPOTDYN/models/age_clustering_20250919_134217.pkl
2025-09-24 13:36:10 - advanced_pipeline - INFO - === MÉTRIQUES DÉTAILLÉES DU MODÈLE ===
2025-09-24 13:36:10 - advanced_pipeline - INFO - 📊 MODÈLE EXISTANT:
2025-09-24 13:36:10 - advanced_pipeline - INFO -   Version: 20250919_134217
2025-09-24 13:36:10 - advanced_pipeline - INFO -   Date entraînement: 2025-09-19T13:52:19.631915
2025-09-24 13:36:10 - advanced_pipeline - INFO -   Échantillons entraînement: 312,412
2025-09-24 13:36:10 - advanced_pipeline - INFO -   Features entraînement: 7
2025-09-24 13:36:10 - advanced_pipeline - INFO -   Silhouette moyenne: 0.655
2025-09-24 13:36:10 - advanced_pipeline - INFO -   Min/Max silhouette: 0.529 / 0.802
2025-09-24 13:36:10 - advanced_pipeline - INFO -   Clusters créés: 50
2025-09-24 13:36:10 - advanced_pipeline - INFO -   Strates viables: 10
2025-09-24 13:36:10 - advanced_pipeline - INFO -   Strates cluster unique: 1
2025-09-24 13:36:10 - advanced_pipeline - INFO - 👥 PROFIL DÉMOGRAPHIQUE MODÈLE:
2025-09-24 13:36:10 - advanced_pipeline - INFO -   Âge moyen entraînement: 49.9 ± 20.2
2025-09-24 13:36:10 - advanced_pipeline - INFO -   Âge min/max entraînement: 18 / 100
2025-09-24 13:36:10 - advanced_pipeline - INFO - 📈 NOUVELLES DONNÉES:
2025-09-24 13:36:10 - advanced_pipeline - INFO -   Échantillons actuels: 312,440
2025-09-24 13:36:10 - advanced_pipeline - INFO -   Features actuelles: 8
2025-09-24 13:36:10 - advanced_pipeline - INFO -   Âge moyen actuel: 49.9 ± 20.2
2025-09-24 13:36:10 - advanced_pipeline - INFO -   Âge min/max actuel: 18 / 100
2025-09-24 13:36:10 - advanced_pipeline - INFO - ⚖️  COMPARAISON MODÈLE vs NOUVELLES DONNÉES:
2025-09-24 13:36:10 - advanced_pipeline - INFO -   Dérive âge moyen: 0.0 ans
2025-09-24 13:36:10 - advanced_pipeline - INFO -   Dérive écart-type âge: 0.0
2025-09-24 13:36:10 - advanced_pipeline - INFO -   Ratio volume: 1.00x (312,440 vs 312,412)
2025-09-24 13:36:10 - advanced_pipeline - INFO - 🧪 TEST APPLICATION MODÈLE:
2025-09-24 13:36:10 - advanced_pipeline - INFO -   Échantillon testé: 1,000
2025-09-24 13:36:10 - advanced_pipeline - INFO -   Clients clusterisés: 1,000 (100.0%)
2025-09-24 13:36:10 - advanced_pipeline - INFO -   Clients non-clusterisés: 0 (0.0%)
2025-09-24 13:36:10 - advanced_pipeline - INFO -   Strates actives: 10
2025-09-24 13:36:10 - advanced_pipeline - INFO -     - 63+: 309 clients
2025-09-24 13:36:10 - advanced_pipeline - INFO -     - 18-22: 97 clients
2025-09-24 13:36:10 - advanced_pipeline - INFO -     - 23-27: 93 clients
2025-09-24 13:36:10 - advanced_pipeline - INFO -     - 58-62: 92 clients
2025-09-24 13:36:10 - advanced_pipeline - INFO -     - 43-47: 76 clients
2025-09-24 13:36:10 - advanced_pipeline - INFO - 🚨 SIGNAUX POUR DÉCISION MANUELLE:
2025-09-24 13:36:10 - advanced_pipeline - INFO -   ✅ AUCUNE ALERTE - Modèle semble adapté aux nouvelles données
2025-09-24 13:36:10 - advanced_pipeline - INFO - 📋 RÉSUMÉ DÉCISIONNEL:
2025-09-24 13:36:10 - advanced_pipeline - INFO -   Âge du modèle: 4 jours
2025-09-24 13:36:10 - advanced_pipeline - INFO -   Qualité modèle: Bonne
2025-09-24 13:36:10 - advanced_pipeline - INFO -   Dérive détectée: Non
2025-09-24 13:36:10 - advanced_pipeline - INFO -   Couverture: Bonne
2025-09-24 13:36:10 - advanced_pipeline - INFO - APPLICATION MODÈLE EXISTANT
2025-09-24 13:36:40 - advanced_pipeline - INFO - AdvancedPipeline initialisé - Mode: dev, Clustering: stratifie
2025-09-24 13:36:40 - advanced_pipeline - INFO - Force retrain: False
2025-09-24 13:36:40 - advanced_pipeline - INFO - === DÉMARRAGE PIPELINE AVANCÉ ===
2025-09-24 13:36:40 - advanced_pipeline - INFO - Étape 1: Extraction données
2025-09-24 13:55:43 - advanced_pipeline - INFO - Logger advanced_pipeline configuré - Fichier: /data/FCP10/Donnees/MC/explo/FCP10_MLCDP_WAX647/code/Prod/SEGPOTDYN/logs/advanced_pipeline_20250924.log
2025-09-24 13:55:43 - advanced_pipeline - INFO - AdvancedPipeline initialisé - Mode: dev, Clustering: stratifie
2025-09-24 13:55:43 - advanced_pipeline - INFO - Force retrain: False
2025-09-24 13:55:43 - advanced_pipeline - INFO - === DÉMARRAGE PIPELINE AVANCÉ ===
2025-09-24 13:55:43 - advanced_pipeline - INFO - Étape 1: Extraction données
2025-09-24 13:55:47 - advanced_pipeline - INFO - Données extraites: (312440, 30)
2025-09-24 13:55:47 - advanced_pipeline - INFO - Étape 2: Optimisation dimensions
2025-09-24 13:55:49 - advanced_pipeline - INFO - Dimensions optimisées: (312440, 9)
2025-09-24 13:55:49 - advanced_pipeline - INFO - === CLUSTERING AVEC GESTION MODÈLES ===
2025-09-24 13:55:49 - advanced_pipeline - INFO - Modèle existant trouvé: /data/FCP10/Donnees/MC/explo/FCP10_MLCDP_WAX647/code/Prod/SEGPOTDYN/models/age_clustering_20250919_134217.pkl
2025-09-24 13:55:49 - advanced_pipeline - INFO - === MÉTRIQUES DÉTAILLÉES DU MODÈLE ===
2025-09-24 13:55:49 - advanced_pipeline - INFO - 📊 MODÈLE EXISTANT:
2025-09-24 13:55:49 - advanced_pipeline - INFO -   Version: 20250919_134217
2025-09-24 13:55:49 - advanced_pipeline - INFO -   Date entraînement: 2025-09-19T13:52:19.631915
2025-09-24 13:55:49 - advanced_pipeline - INFO -   Échantillons entraînement: 312,412
2025-09-24 13:55:49 - advanced_pipeline - INFO -   Features entraînement: 7
2025-09-24 13:55:49 - advanced_pipeline - INFO -   Silhouette moyenne: 0.655
2025-09-24 13:55:49 - advanced_pipeline - INFO -   Min/Max silhouette: 0.529 / 0.802
2025-09-24 13:55:49 - advanced_pipeline - INFO -   Clusters créés: 50
2025-09-24 13:55:49 - advanced_pipeline - INFO -   Strates viables: 10
2025-09-24 13:55:49 - advanced_pipeline - INFO -   Strates cluster unique: 1
2025-09-24 13:55:49 - advanced_pipeline - INFO - 👥 PROFIL DÉMOGRAPHIQUE MODÈLE:
2025-09-24 13:55:49 - advanced_pipeline - INFO -   Âge moyen entraînement: 49.9 ± 20.2
2025-09-24 13:55:49 - advanced_pipeline - INFO -   Âge min/max entraînement: 18 / 100
2025-09-24 13:55:49 - advanced_pipeline - INFO - 📈 NOUVELLES DONNÉES:
2025-09-24 13:55:49 - advanced_pipeline - INFO -   Échantillons actuels: 312,440
2025-09-24 13:55:49 - advanced_pipeline - INFO -   Features actuelles: 8
2025-09-24 13:55:49 - advanced_pipeline - INFO -   Âge moyen actuel: 49.9 ± 20.2
2025-09-24 13:55:49 - advanced_pipeline - INFO -   Âge min/max actuel: 18 / 100
2025-09-24 13:55:49 - advanced_pipeline - INFO - ⚖️  COMPARAISON MODÈLE vs NOUVELLES DONNÉES:
2025-09-24 13:55:49 - advanced_pipeline - INFO -   Dérive âge moyen: 0.0 ans
2025-09-24 13:55:49 - advanced_pipeline - INFO -   Dérive écart-type âge: 0.0
2025-09-24 13:55:49 - advanced_pipeline - INFO -   Ratio volume: 1.00x (312,440 vs 312,412)
2025-09-24 13:55:49 - advanced_pipeline - INFO - 🧪 TEST APPLICATION MODÈLE:
2025-09-24 13:55:49 - advanced_pipeline - INFO -   Échantillon testé: 1,000
2025-09-24 13:55:49 - advanced_pipeline - INFO -   Clients clusterisés: 1,000 (100.0%)
2025-09-24 13:55:49 - advanced_pipeline - INFO -   Clients non-clusterisés: 0 (0.0%)
2025-09-24 13:55:49 - advanced_pipeline - INFO -   Strates actives: 10
2025-09-24 13:55:49 - advanced_pipeline - INFO -     - 63+: 309 clients
2025-09-24 13:55:49 - advanced_pipeline - INFO -     - 18-22: 97 clients
2025-09-24 13:55:49 - advanced_pipeline - INFO -     - 23-27: 93 clients
2025-09-24 13:55:49 - advanced_pipeline - INFO -     - 58-62: 92 clients
2025-09-24 13:55:49 - advanced_pipeline - INFO -     - 43-47: 76 clients
2025-09-24 13:55:49 - advanced_pipeline - INFO - 🚨 SIGNAUX POUR DÉCISION MANUELLE:
2025-09-24 13:55:49 - advanced_pipeline - INFO -   ✅ AUCUNE ALERTE - Modèle semble adapté aux nouvelles données
2025-09-24 13:55:49 - advanced_pipeline - INFO - 📋 RÉSUMÉ DÉCISIONNEL:
2025-09-24 13:55:49 - advanced_pipeline - INFO -   Âge du modèle: 5 jours
2025-09-24 13:55:49 - advanced_pipeline - INFO -   Qualité modèle: Bonne
2025-09-24 13:55:49 - advanced_pipeline - INFO -   Dérive détectée: Non
2025-09-24 13:55:49 - advanced_pipeline - INFO -   Couverture: Bonne
2025-09-24 13:55:49 - advanced_pipeline - INFO - APPLICATION MODÈLE EXISTANT
2025-09-24 13:58:42 - advanced_pipeline - INFO - Étape 4: Scoring clients
2025-09-24 13:59:05 - advanced_pipeline - ERROR - ERREUR PIPELINE: 'ClientScoringEngine' object has no attribute 'export_completion_csv'
2025-09-24 13:59:59 - advanced_pipeline - INFO - Logger advanced_pipeline configuré - Fichier: /data/FCP10/Donnees/MC/explo/FCP10_MLCDP_WAX647/code/Prod/SEGPOTDYN/logs/advanced_pipeline_20250924.log
2025-09-24 13:59:59 - advanced_pipeline - INFO - AdvancedPipeline initialisé - Mode: dev, Clustering: stratifie
2025-09-24 13:59:59 - advanced_pipeline - INFO - Force retrain: False
2025-09-24 13:59:59 - advanced_pipeline - INFO - === DÉMARRAGE PIPELINE AVANCÉ ===
2025-09-24 13:59:59 - advanced_pipeline - INFO - Étape 1: Extraction données
2025-09-24 14:00:04 - advanced_pipeline - INFO - Données extraites: (312440, 30)
2025-09-24 14:00:04 - advanced_pipeline - INFO - Étape 2: Optimisation dimensions
2025-09-24 14:00:06 - advanced_pipeline - INFO - Dimensions optimisées: (312440, 9)
2025-09-24 14:00:06 - advanced_pipeline - INFO - === CLUSTERING AVEC GESTION MODÈLES ===
2025-09-24 14:00:06 - advanced_pipeline - INFO - Modèle existant trouvé: /data/FCP10/Donnees/MC/explo/FCP10_MLCDP_WAX647/code/Prod/SEGPOTDYN/models/age_clustering_20250919_134217.pkl
2025-09-24 14:00:06 - advanced_pipeline - INFO - === MÉTRIQUES DÉTAILLÉES DU MODÈLE ===
2025-09-24 14:00:06 - advanced_pipeline - INFO - 📊 MODÈLE EXISTANT:
2025-09-24 14:00:06 - advanced_pipeline - INFO -   Version: 20250919_134217
2025-09-24 14:00:06 - advanced_pipeline - INFO -   Date entraînement: 2025-09-19T13:52:19.631915
2025-09-24 14:00:06 - advanced_pipeline - INFO -   Échantillons entraînement: 312,412
2025-09-24 14:00:06 - advanced_pipeline - INFO -   Features entraînement: 7
2025-09-24 14:00:06 - advanced_pipeline - INFO -   Silhouette moyenne: 0.655
2025-09-24 14:00:06 - advanced_pipeline - INFO -   Min/Max silhouette: 0.529 / 0.802
2025-09-24 14:00:06 - advanced_pipeline - INFO -   Clusters créés: 50
2025-09-24 14:00:06 - advanced_pipeline - INFO -   Strates viables: 10
2025-09-24 14:00:06 - advanced_pipeline - INFO -   Strates cluster unique: 1
2025-09-24 14:00:06 - advanced_pipeline - INFO - 👥 PROFIL DÉMOGRAPHIQUE MODÈLE:
2025-09-24 14:00:06 - advanced_pipeline - INFO -   Âge moyen entraînement: 49.9 ± 20.2
2025-09-24 14:00:06 - advanced_pipeline - INFO -   Âge min/max entraînement: 18 / 100
2025-09-24 14:00:06 - advanced_pipeline - INFO - 📈 NOUVELLES DONNÉES:
2025-09-24 14:00:06 - advanced_pipeline - INFO -   Échantillons actuels: 312,440
2025-09-24 14:00:06 - advanced_pipeline - INFO -   Features actuelles: 8
2025-09-24 14:00:06 - advanced_pipeline - INFO -   Âge moyen actuel: 49.9 ± 20.2
2025-09-24 14:00:06 - advanced_pipeline - INFO -   Âge min/max actuel: 18 / 100
2025-09-24 14:00:06 - advanced_pipeline - INFO - ⚖️  COMPARAISON MODÈLE vs NOUVELLES DONNÉES:
2025-09-24 14:00:06 - advanced_pipeline - INFO -   Dérive âge moyen: 0.0 ans
2025-09-24 14:00:06 - advanced_pipeline - INFO -   Dérive écart-type âge: 0.0
2025-09-24 14:00:06 - advanced_pipeline - INFO -   Ratio volume: 1.00x (312,440 vs 312,412)
2025-09-24 14:00:06 - advanced_pipeline - INFO - 🧪 TEST APPLICATION MODÈLE:
2025-09-24 14:00:06 - advanced_pipeline - INFO -   Échantillon testé: 1,000
2025-09-24 14:00:06 - advanced_pipeline - INFO -   Clients clusterisés: 1,000 (100.0%)
2025-09-24 14:00:06 - advanced_pipeline - INFO -   Clients non-clusterisés: 0 (0.0%)
2025-09-24 14:00:06 - advanced_pipeline - INFO -   Strates actives: 10
2025-09-24 14:00:06 - advanced_pipeline - INFO -     - 63+: 309 clients
2025-09-24 14:00:06 - advanced_pipeline - INFO -     - 18-22: 97 clients
2025-09-24 14:00:06 - advanced_pipeline - INFO -     - 23-27: 93 clients
2025-09-24 14:00:06 - advanced_pipeline - INFO -     - 58-62: 92 clients
2025-09-24 14:00:06 - advanced_pipeline - INFO -     - 43-47: 76 clients
2025-09-24 14:00:06 - advanced_pipeline - INFO - 🚨 SIGNAUX POUR DÉCISION MANUELLE:
2025-09-24 14:00:06 - advanced_pipeline - INFO -   ✅ AUCUNE ALERTE - Modèle semble adapté aux nouvelles données
2025-09-24 14:00:06 - advanced_pipeline - INFO - 📋 RÉSUMÉ DÉCISIONNEL:
2025-09-24 14:00:06 - advanced_pipeline - INFO -   Âge du modèle: 5 jours
2025-09-24 14:00:06 - advanced_pipeline - INFO -   Qualité modèle: Bonne
2025-09-24 14:00:06 - advanced_pipeline - INFO -   Dérive détectée: Non
2025-09-24 14:00:06 - advanced_pipeline - INFO -   Couverture: Bonne
2025-09-24 14:00:06 - advanced_pipeline - INFO - APPLICATION MODÈLE EXISTANT
2025-09-24 14:01:13 - advanced_pipeline - INFO - Logger advanced_pipeline configuré - Fichier: /data/FCP10/Donnees/MC/explo/FCP10_MLCDP_WAX647/code/Prod/SEGPOTDYN/logs/advanced_pipeline_20250924.log
2025-09-24 14:01:13 - advanced_pipeline - INFO - AdvancedPipeline initialisé - Mode: dev, Clustering: stratifie
2025-09-24 14:01:13 - advanced_pipeline - INFO - Force retrain: False
2025-09-24 14:01:13 - advanced_pipeline - INFO - === DÉMARRAGE PIPELINE AVANCÉ ===
2025-09-24 14:01:13 - advanced_pipeline - INFO - Étape 1: Extraction données
2025-09-24 14:01:17 - advanced_pipeline - INFO - Données extraites: (312440, 30)
2025-09-24 14:01:17 - advanced_pipeline - INFO - Étape 2: Optimisation dimensions
2025-09-24 14:01:18 - advanced_pipeline - INFO - Dimensions optimisées: (312440, 9)
2025-09-24 14:01:18 - advanced_pipeline - INFO - === CLUSTERING AVEC GESTION MODÈLES ===
2025-09-24 14:01:18 - advanced_pipeline - INFO - Modèle existant trouvé: /data/FCP10/Donnees/MC/explo/FCP10_MLCDP_WAX647/code/Prod/SEGPOTDYN/models/age_clustering_20250919_134217.pkl
2025-09-24 14:01:18 - advanced_pipeline - INFO - === MÉTRIQUES DÉTAILLÉES DU MODÈLE ===
2025-09-24 14:01:18 - advanced_pipeline - INFO - 📊 MODÈLE EXISTANT:
2025-09-24 14:01:18 - advanced_pipeline - INFO -   Version: 20250919_134217
2025-09-24 14:01:18 - advanced_pipeline - INFO -   Date entraînement: 2025-09-19T13:52:19.631915
2025-09-24 14:01:18 - advanced_pipeline - INFO -   Échantillons entraînement: 312,412
2025-09-24 14:01:18 - advanced_pipeline - INFO -   Features entraînement: 7
2025-09-24 14:01:18 - advanced_pipeline - INFO -   Silhouette moyenne: 0.655
2025-09-24 14:01:18 - advanced_pipeline - INFO -   Min/Max silhouette: 0.529 / 0.802
2025-09-24 14:01:18 - advanced_pipeline - INFO -   Clusters créés: 50
2025-09-24 14:01:18 - advanced_pipeline - INFO -   Strates viables: 10
2025-09-24 14:01:18 - advanced_pipeline - INFO -   Strates cluster unique: 1
2025-09-24 14:01:18 - advanced_pipeline - INFO - 👥 PROFIL DÉMOGRAPHIQUE MODÈLE:
2025-09-24 14:01:18 - advanced_pipeline - INFO -   Âge moyen entraînement: 49.9 ± 20.2
2025-09-24 14:01:18 - advanced_pipeline - INFO -   Âge min/max entraînement: 18 / 100
2025-09-24 14:01:18 - advanced_pipeline - INFO - 📈 NOUVELLES DONNÉES:
2025-09-24 14:01:18 - advanced_pipeline - INFO -   Échantillons actuels: 312,440
2025-09-24 14:01:18 - advanced_pipeline - INFO -   Features actuelles: 8
2025-09-24 14:01:18 - advanced_pipeline - INFO -   Âge moyen actuel: 49.9 ± 20.2
2025-09-24 14:01:18 - advanced_pipeline - INFO -   Âge min/max actuel: 18 / 100
2025-09-24 14:01:18 - advanced_pipeline - INFO - ⚖️  COMPARAISON MODÈLE vs NOUVELLES DONNÉES:
2025-09-24 14:01:18 - advanced_pipeline - INFO -   Dérive âge moyen: 0.0 ans
2025-09-24 14:01:18 - advanced_pipeline - INFO -   Dérive écart-type âge: 0.0
2025-09-24 14:01:18 - advanced_pipeline - INFO -   Ratio volume: 1.00x (312,440 vs 312,412)
2025-09-24 14:01:18 - advanced_pipeline - INFO - 🧪 TEST APPLICATION MODÈLE:
2025-09-24 14:01:19 - advanced_pipeline - INFO -   Échantillon testé: 1,000
2025-09-24 14:01:19 - advanced_pipeline - INFO -   Clients clusterisés: 1,000 (100.0%)
2025-09-24 14:01:19 - advanced_pipeline - INFO -   Clients non-clusterisés: 0 (0.0%)
2025-09-24 14:01:19 - advanced_pipeline - INFO -   Strates actives: 10
2025-09-24 14:01:19 - advanced_pipeline - INFO -     - 63+: 309 clients
2025-09-24 14:01:19 - advanced_pipeline - INFO -     - 18-22: 97 clients
2025-09-24 14:01:19 - advanced_pipeline - INFO -     - 23-27: 93 clients
2025-09-24 14:01:19 - advanced_pipeline - INFO -     - 58-62: 92 clients
2025-09-24 14:01:19 - advanced_pipeline - INFO -     - 43-47: 76 clients
2025-09-24 14:01:19 - advanced_pipeline - INFO - 🚨 SIGNAUX POUR DÉCISION MANUELLE:
2025-09-24 14:01:19 - advanced_pipeline - INFO -   ✅ AUCUNE ALERTE - Modèle semble adapté aux nouvelles données
2025-09-24 14:01:19 - advanced_pipeline - INFO - 📋 RÉSUMÉ DÉCISIONNEL:
2025-09-24 14:01:19 - advanced_pipeline - INFO -   Âge du modèle: 5 jours
2025-09-24 14:01:19 - advanced_pipeline - INFO -   Qualité modèle: Bonne
2025-09-24 14:01:19 - advanced_pipeline - INFO -   Dérive détectée: Non
2025-09-24 14:01:19 - advanced_pipeline - INFO -   Couverture: Bonne
2025-09-24 14:01:19 - advanced_pipeline - INFO - APPLICATION MODÈLE EXISTANT
2025-09-24 14:04:08 - advanced_pipeline - INFO - Étape 4: Scoring clients
2025-09-24 14:04:32 - advanced_pipeline - INFO - Export simple créé : data.csv
2025-09-24 14:04:32 - advanced_pipeline - INFO - Scoring terminé: (312440, 61)
2025-09-24 14:04:48 - advanced_pipeline - INFO - Résultats sauvegardés dans: /data/FCP10/Donnees/MC/explo/FCP10_MLCDP_WAX647/code/Prod/SEGPOTDYN/models/pipeline_output/20250924_140113
2025-09-24 14:04:48 - advanced_pipeline - INFO - === PIPELINE TERMINÉ AVEC SUCCÈS ===
2025-09-24 14:12:33 - advanced_pipeline - INFO - Logger advanced_pipeline configuré - Fichier: /data/FCP10/Donnees/MC/explo/FCP10_MLCDP_WAX647/code/Prod/SEGPOTDYN/logs/advanced_pipeline_20250924.log
2025-09-24 14:12:33 - advanced_pipeline - INFO - AdvancedPipeline initialisé - Mode: dev, Clustering: stratifie
2025-09-24 14:12:33 - advanced_pipeline - INFO - Force retrain: False
2025-09-24 14:12:33 - advanced_pipeline - INFO - === DÉMARRAGE PIPELINE AVANCÉ ===
2025-09-24 14:12:33 - advanced_pipeline - INFO - Étape 1: Extraction données
2025-09-24 14:12:37 - advanced_pipeline - INFO - Données extraites: (312440, 30)
2025-09-24 14:12:37 - advanced_pipeline - INFO - Étape 2: Optimisation dimensions
2025-09-24 14:12:38 - advanced_pipeline - INFO - Dimensions optimisées: (312440, 9)
2025-09-24 14:12:38 - advanced_pipeline - INFO - === CLUSTERING AVEC GESTION MODÈLES ===
2025-09-24 14:12:38 - advanced_pipeline - INFO - Modèle existant trouvé: /data/FCP10/Donnees/MC/explo/FCP10_MLCDP_WAX647/code/Prod/SEGPOTDYN/models/age_clustering_20250919_134217.pkl
2025-09-24 14:12:38 - advanced_pipeline - INFO - === MÉTRIQUES DÉTAILLÉES DU MODÈLE ===
2025-09-24 14:12:38 - advanced_pipeline - INFO - 📊 MODÈLE EXISTANT:
2025-09-24 14:12:38 - advanced_pipeline - INFO -   Version: 20250919_134217
2025-09-24 14:12:38 - advanced_pipeline - INFO -   Date entraînement: 2025-09-19T13:52:19.631915
2025-09-24 14:12:38 - advanced_pipeline - INFO -   Échantillons entraînement: 312,412
2025-09-24 14:12:38 - advanced_pipeline - INFO -   Features entraînement: 7
2025-09-24 14:12:38 - advanced_pipeline - INFO -   Silhouette moyenne: 0.655
2025-09-24 14:12:38 - advanced_pipeline - INFO -   Min/Max silhouette: 0.529 / 0.802
2025-09-24 14:12:38 - advanced_pipeline - INFO -   Clusters créés: 50
2025-09-24 14:12:38 - advanced_pipeline - INFO -   Strates viables: 10
2025-09-24 14:12:38 - advanced_pipeline - INFO -   Strates cluster unique: 1
2025-09-24 14:12:38 - advanced_pipeline - INFO - 👥 PROFIL DÉMOGRAPHIQUE MODÈLE:
2025-09-24 14:12:38 - advanced_pipeline - INFO -   Âge moyen entraînement: 49.9 ± 20.2
2025-09-24 14:12:38 - advanced_pipeline - INFO -   Âge min/max entraînement: 18 / 100
2025-09-24 14:12:38 - advanced_pipeline - INFO - 📈 NOUVELLES DONNÉES:
2025-09-24 14:12:38 - advanced_pipeline - INFO -   Échantillons actuels: 312,440
2025-09-24 14:12:38 - advanced_pipeline - INFO -   Features actuelles: 8
2025-09-24 14:12:38 - advanced_pipeline - INFO -   Âge moyen actuel: 49.9 ± 20.2
2025-09-24 14:12:38 - advanced_pipeline - INFO -   Âge min/max actuel: 18 / 100
2025-09-24 14:12:38 - advanced_pipeline - INFO - ⚖️  COMPARAISON MODÈLE vs NOUVELLES DONNÉES:
2025-09-24 14:12:38 - advanced_pipeline - INFO -   Dérive âge moyen: 0.0 ans
2025-09-24 14:12:38 - advanced_pipeline - INFO -   Dérive écart-type âge: 0.0
2025-09-24 14:12:38 - advanced_pipeline - INFO -   Ratio volume: 1.00x (312,440 vs 312,412)
2025-09-24 14:12:38 - advanced_pipeline - INFO - 🧪 TEST APPLICATION MODÈLE:
2025-09-24 14:12:38 - advanced_pipeline - INFO -   Échantillon testé: 1,000
2025-09-24 14:12:38 - advanced_pipeline - INFO -   Clients clusterisés: 1,000 (100.0%)
2025-09-24 14:12:38 - advanced_pipeline - INFO -   Clients non-clusterisés: 0 (0.0%)
2025-09-24 14:12:38 - advanced_pipeline - INFO -   Strates actives: 10
2025-09-24 14:12:38 - advanced_pipeline - INFO -     - 63+: 309 clients
2025-09-24 14:12:39 - advanced_pipeline - INFO -     - 18-22: 97 clients
2025-09-24 14:12:39 - advanced_pipeline - INFO -     - 23-27: 93 clients
2025-09-24 14:12:39 - advanced_pipeline - INFO -     - 58-62: 92 clients
2025-09-24 14:12:39 - advanced_pipeline - INFO -     - 43-47: 76 clients
2025-09-24 14:12:39 - advanced_pipeline - INFO - 🚨 SIGNAUX POUR DÉCISION MANUELLE:
2025-09-24 14:12:39 - advanced_pipeline - INFO -   ✅ AUCUNE ALERTE - Modèle semble adapté aux nouvelles données
2025-09-24 14:12:39 - advanced_pipeline - INFO - 📋 RÉSUMÉ DÉCISIONNEL:
2025-09-24 14:12:39 - advanced_pipeline - INFO -   Âge du modèle: 5 jours
2025-09-24 14:12:39 - advanced_pipeline - INFO -   Qualité modèle: Bonne
2025-09-24 14:12:39 - advanced_pipeline - INFO -   Dérive détectée: Non
2025-09-24 14:12:39 - advanced_pipeline - INFO -   Couverture: Bonne
2025-09-24 14:12:39 - advanced_pipeline - INFO - APPLICATION MODÈLE EXISTANT
2025-09-24 14:15:30 - advanced_pipeline - INFO - Étape 4: Scoring clients
2025-09-24 14:15:51 - advanced_pipeline - ERROR - ERREUR PIPELINE: 'ClientScoringEngine' object has no attribute 'export_completion_csv'
2025-09-24 14:59:15 - advanced_pipeline - INFO - Logger advanced_pipeline configuré - Fichier: /data/FCP10/Donnees/MC/explo/FCP10_MLCDP_WAX647/code/Prod/SEGPOTDYN/logs/advanced_pipeline_20250924.log
2025-09-24 14:59:15 - advanced_pipeline - INFO - AdvancedPipeline initialisé - Mode: dev, Clustering: stratifie
2025-09-24 14:59:15 - advanced_pipeline - INFO - Force retrain: False
2025-09-24 14:59:15 - advanced_pipeline - INFO - === DÉMARRAGE PIPELINE AVANCÉ ===
2025-09-24 14:59:15 - advanced_pipeline - INFO - Étape 1: Extraction données
2025-09-24 14:59:19 - advanced_pipeline - INFO - Données extraites: (312440, 30)
2025-09-24 14:59:19 - advanced_pipeline - INFO - Étape 2: Optimisation dimensions
2025-09-24 14:59:21 - advanced_pipeline - INFO - Dimensions optimisées: (312440, 9)
2025-09-24 14:59:21 - advanced_pipeline - INFO - === CLUSTERING AVEC GESTION MODÈLES ===
2025-09-24 14:59:21 - advanced_pipeline - INFO - Modèle existant trouvé: /data/FCP10/Donnees/MC/explo/FCP10_MLCDP_WAX647/code/Prod/SEGPOTDYN/models/age_clustering_20250919_134217.pkl
2025-09-24 14:59:21 - advanced_pipeline - INFO - === MÉTRIQUES DÉTAILLÉES DU MODÈLE ===
2025-09-24 14:59:21 - advanced_pipeline - INFO - 📊 MODÈLE EXISTANT:
2025-09-24 14:59:21 - advanced_pipeline - INFO -   Version: 20250919_134217
2025-09-24 14:59:21 - advanced_pipeline - INFO -   Date entraînement: 2025-09-19T13:52:19.631915
2025-09-24 14:59:21 - advanced_pipeline - INFO -   Échantillons entraînement: 312,412
2025-09-24 14:59:21 - advanced_pipeline - INFO -   Features entraînement: 7
2025-09-24 14:59:21 - advanced_pipeline - INFO -   Silhouette moyenne: 0.655
2025-09-24 14:59:21 - advanced_pipeline - INFO -   Min/Max silhouette: 0.529 / 0.802
2025-09-24 14:59:21 - advanced_pipeline - INFO -   Clusters créés: 50
2025-09-24 14:59:21 - advanced_pipeline - INFO -   Strates viables: 10
2025-09-24 14:59:21 - advanced_pipeline - INFO -   Strates cluster unique: 1
2025-09-24 14:59:21 - advanced_pipeline - INFO - 👥 PROFIL DÉMOGRAPHIQUE MODÈLE:
2025-09-24 14:59:21 - advanced_pipeline - INFO -   Âge moyen entraînement: 49.9 ± 20.2
2025-09-24 14:59:21 - advanced_pipeline - INFO -   Âge min/max entraînement: 18 / 100
2025-09-24 14:59:21 - advanced_pipeline - INFO - 📈 NOUVELLES DONNÉES:
2025-09-24 14:59:21 - advanced_pipeline - INFO -   Échantillons actuels: 312,440
2025-09-24 14:59:21 - advanced_pipeline - INFO -   Features actuelles: 8
2025-09-24 14:59:21 - advanced_pipeline - INFO -   Âge moyen actuel: 49.9 ± 20.2
2025-09-24 14:59:21 - advanced_pipeline - INFO -   Âge min/max actuel: 18 / 100
2025-09-24 14:59:21 - advanced_pipeline - INFO - ⚖️  COMPARAISON MODÈLE vs NOUVELLES DONNÉES:
2025-09-24 14:59:21 - advanced_pipeline - INFO -   Dérive âge moyen: 0.0 ans
2025-09-24 14:59:21 - advanced_pipeline - INFO -   Dérive écart-type âge: 0.0
2025-09-24 14:59:21 - advanced_pipeline - INFO -   Ratio volume: 1.00x (312,440 vs 312,412)
2025-09-24 14:59:21 - advanced_pipeline - INFO - 🧪 TEST APPLICATION MODÈLE:
2025-09-24 14:59:21 - advanced_pipeline - INFO -   Échantillon testé: 1,000
2025-09-24 14:59:21 - advanced_pipeline - INFO -   Clients clusterisés: 1,000 (100.0%)
2025-09-24 14:59:21 - advanced_pipeline - INFO -   Clients non-clusterisés: 0 (0.0%)
2025-09-24 14:59:21 - advanced_pipeline - INFO -   Strates actives: 10
2025-09-24 14:59:21 - advanced_pipeline - INFO -     - 63+: 309 clients
2025-09-24 14:59:21 - advanced_pipeline - INFO -     - 18-22: 97 clients
2025-09-24 14:59:21 - advanced_pipeline - INFO -     - 23-27: 93 clients
2025-09-24 14:59:21 - advanced_pipeline - INFO -     - 58-62: 92 clients
2025-09-24 14:59:21 - advanced_pipeline - INFO -     - 43-47: 76 clients
2025-09-24 14:59:21 - advanced_pipeline - INFO - 🚨 SIGNAUX POUR DÉCISION MANUELLE:
2025-09-24 14:59:21 - advanced_pipeline - INFO -   ✅ AUCUNE ALERTE - Modèle semble adapté aux nouvelles données
2025-09-24 14:59:21 - advanced_pipeline - INFO - 📋 RÉSUMÉ DÉCISIONNEL:
2025-09-24 14:59:21 - advanced_pipeline - INFO -   Âge du modèle: 5 jours
2025-09-24 14:59:21 - advanced_pipeline - INFO -   Qualité modèle: Bonne
2025-09-24 14:59:21 - advanced_pipeline - INFO -   Dérive détectée: Non
2025-09-24 14:59:21 - advanced_pipeline - INFO -   Couverture: Bonne
2025-09-24 14:59:21 - advanced_pipeline - INFO - APPLICATION MODÈLE EXISTANT
2025-09-24 15:02:16 - advanced_pipeline - INFO - Étape 4: Scoring clients
2025-09-24 15:02:39 - advanced_pipeline - INFO - Export simple créé : data.csv
2025-09-24 15:02:39 - advanced_pipeline - INFO - Scoring terminé: (312440, 61)
2025-09-24 15:02:55 - advanced_pipeline - INFO - Résultats sauvegardés dans: /data/FCP10/Donnees/MC/explo/FCP10_MLCDP_WAX647/code/Prod/SEGPOTDYN/models/pipeline_output/20250924_145915
2025-09-24 15:02:55 - advanced_pipeline - INFO - === PIPELINE TERMINÉ AVEC SUCCÈS ===
2025-09-24 15:06:56 - advanced_pipeline - INFO - Logger advanced_pipeline configuré - Fichier: /data/FCP10/Donnees/MC/explo/FCP10_MLCDP_WAX647/code/Prod/SEGPOTDYN/logs/advanced_pipeline_20250924.log
2025-09-24 15:06:56 - advanced_pipeline - INFO - AdvancedPipeline initialisé - Mode: dev, Clustering: stratifie
2025-09-24 15:06:56 - advanced_pipeline - INFO - Force retrain: False
2025-09-24 15:06:56 - advanced_pipeline - INFO - === DÉMARRAGE PIPELINE AVANCÉ ===
2025-09-24 15:06:56 - advanced_pipeline - INFO - Étape 1: Extraction données
2025-09-24 15:07:00 - advanced_pipeline - INFO - Données extraites: (312440, 30)
2025-09-24 15:07:00 - advanced_pipeline - INFO - Étape 2: Optimisation dimensions
2025-09-24 15:07:02 - advanced_pipeline - INFO - Dimensions optimisées: (312440, 9)
2025-09-24 15:07:02 - advanced_pipeline - INFO - === CLUSTERING AVEC GESTION MODÈLES ===
2025-09-24 15:07:02 - advanced_pipeline - INFO - Modèle existant trouvé: /data/FCP10/Donnees/MC/explo/FCP10_MLCDP_WAX647/code/Prod/SEGPOTDYN/models/age_clustering_20250919_134217.pkl
2025-09-24 15:07:02 - advanced_pipeline - INFO - === MÉTRIQUES DÉTAILLÉES DU MODÈLE ===
2025-09-24 15:07:02 - advanced_pipeline - INFO - 📊 MODÈLE EXISTANT:
2025-09-24 15:07:02 - advanced_pipeline - INFO -   Version: 20250919_134217
2025-09-24 15:07:02 - advanced_pipeline - INFO -   Date entraînement: 2025-09-19T13:52:19.631915
2025-09-24 15:07:02 - advanced_pipeline - INFO -   Échantillons entraînement: 312,412
2025-09-24 15:07:02 - advanced_pipeline - INFO -   Features entraînement: 7
2025-09-24 15:07:02 - advanced_pipeline - INFO -   Silhouette moyenne: 0.655
2025-09-24 15:07:02 - advanced_pipeline - INFO -   Min/Max silhouette: 0.529 / 0.802
2025-09-24 15:07:02 - advanced_pipeline - INFO -   Clusters créés: 50
2025-09-24 15:07:02 - advanced_pipeline - INFO -   Strates viables: 10
2025-09-24 15:07:02 - advanced_pipeline - INFO -   Strates cluster unique: 1
2025-09-24 15:07:02 - advanced_pipeline - INFO - 👥 PROFIL DÉMOGRAPHIQUE MODÈLE:
2025-09-24 15:07:02 - advanced_pipeline - INFO -   Âge moyen entraînement: 49.9 ± 20.2
2025-09-24 15:07:02 - advanced_pipeline - INFO -   Âge min/max entraînement: 18 / 100
2025-09-24 15:07:02 - advanced_pipeline - INFO - 📈 NOUVELLES DONNÉES:
2025-09-24 15:07:02 - advanced_pipeline - INFO -   Échantillons actuels: 312,440
2025-09-24 15:07:02 - advanced_pipeline - INFO -   Features actuelles: 8
2025-09-24 15:07:02 - advanced_pipeline - INFO -   Âge moyen actuel: 49.9 ± 20.2
2025-09-24 15:07:02 - advanced_pipeline - INFO -   Âge min/max actuel: 18 / 100
2025-09-24 15:07:02 - advanced_pipeline - INFO - ⚖️  COMPARAISON MODÈLE vs NOUVELLES DONNÉES:
2025-09-24 15:07:02 - advanced_pipeline - INFO -   Dérive âge moyen: 0.0 ans
2025-09-24 15:07:02 - advanced_pipeline - INFO -   Dérive écart-type âge: 0.0
2025-09-24 15:07:02 - advanced_pipeline - INFO -   Ratio volume: 1.00x (312,440 vs 312,412)
2025-09-24 15:07:02 - advanced_pipeline - INFO - 🧪 TEST APPLICATION MODÈLE:
2025-09-24 15:07:02 - advanced_pipeline - INFO -   Échantillon testé: 1,000
2025-09-24 15:07:02 - advanced_pipeline - INFO -   Clients clusterisés: 1,000 (100.0%)
2025-09-24 15:07:02 - advanced_pipeline - INFO -   Clients non-clusterisés: 0 (0.0%)
2025-09-24 15:07:02 - advanced_pipeline - INFO -   Strates actives: 10
2025-09-24 15:07:02 - advanced_pipeline - INFO -     - 63+: 309 clients
2025-09-24 15:07:02 - advanced_pipeline - INFO -     - 18-22: 97 clients
2025-09-24 15:07:02 - advanced_pipeline - INFO -     - 23-27: 93 clients
2025-09-24 15:07:02 - advanced_pipeline - INFO -     - 58-62: 92 clients
2025-09-24 15:07:02 - advanced_pipeline - INFO -     - 43-47: 76 clients
2025-09-24 15:07:02 - advanced_pipeline - INFO - 🚨 SIGNAUX POUR DÉCISION MANUELLE:
2025-09-24 15:07:02 - advanced_pipeline - INFO -   ✅ AUCUNE ALERTE - Modèle semble adapté aux nouvelles données
2025-09-24 15:07:02 - advanced_pipeline - INFO - 📋 RÉSUMÉ DÉCISIONNEL:
2025-09-24 15:07:02 - advanced_pipeline - INFO -   Âge du modèle: 5 jours
2025-09-24 15:07:02 - advanced_pipeline - INFO -   Qualité modèle: Bonne
2025-09-24 15:07:02 - advanced_pipeline - INFO -   Dérive détectée: Non
2025-09-24 15:07:02 - advanced_pipeline - INFO -   Couverture: Bonne
2025-09-24 15:07:02 - advanced_pipeline - INFO - APPLICATION MODÈLE EXISTANT
2025-09-24 15:10:03 - advanced_pipeline - INFO - Étape 4: Scoring clients
2025-09-24 15:10:25 - advanced_pipeline - ERROR - ERREUR PIPELINE: No engine for filetype: 'csv'
2025-09-24 15:13:09 - advanced_pipeline - INFO - Logger advanced_pipeline configuré - Fichier: /data/FCP10/Donnees/MC/explo/FCP10_MLCDP_WAX647/code/Prod/SEGPOTDYN/logs/advanced_pipeline_20250924.log
2025-09-24 15:13:09 - advanced_pipeline - INFO - AdvancedPipeline initialisé - Mode: dev, Clustering: stratifie
2025-09-24 15:13:09 - advanced_pipeline - INFO - Force retrain: False
2025-09-24 15:13:09 - advanced_pipeline - INFO - === DÉMARRAGE PIPELINE AVANCÉ ===
2025-09-24 15:13:09 - advanced_pipeline - INFO - Étape 1: Extraction données
2025-09-24 15:13:14 - advanced_pipeline - INFO - Données extraites: (312440, 30)
2025-09-24 15:13:14 - advanced_pipeline - INFO - Étape 2: Optimisation dimensions
2025-09-24 15:13:15 - advanced_pipeline - INFO - Dimensions optimisées: (312440, 9)
2025-09-24 15:13:15 - advanced_pipeline - INFO - === CLUSTERING AVEC GESTION MODÈLES ===
2025-09-24 15:13:15 - advanced_pipeline - INFO - Modèle existant trouvé: /data/FCP10/Donnees/MC/explo/FCP10_MLCDP_WAX647/code/Prod/SEGPOTDYN/models/age_clustering_20250919_134217.pkl
2025-09-24 15:13:15 - advanced_pipeline - INFO - === MÉTRIQUES DÉTAILLÉES DU MODÈLE ===
2025-09-24 15:13:15 - advanced_pipeline - INFO - 📊 MODÈLE EXISTANT:
2025-09-24 15:13:15 - advanced_pipeline - INFO -   Version: 20250919_134217
2025-09-24 15:13:15 - advanced_pipeline - INFO -   Date entraînement: 2025-09-19T13:52:19.631915
2025-09-24 15:13:15 - advanced_pipeline - INFO -   Échantillons entraînement: 312,412
2025-09-24 15:13:15 - advanced_pipeline - INFO -   Features entraînement: 7
2025-09-24 15:13:15 - advanced_pipeline - INFO -   Silhouette moyenne: 0.655
2025-09-24 15:13:15 - advanced_pipeline - INFO -   Min/Max silhouette: 0.529 / 0.802
2025-09-24 15:13:15 - advanced_pipeline - INFO -   Clusters créés: 50
2025-09-24 15:13:15 - advanced_pipeline - INFO -   Strates viables: 10
2025-09-24 15:13:15 - advanced_pipeline - INFO -   Strates cluster unique: 1
2025-09-24 15:13:15 - advanced_pipeline - INFO - 👥 PROFIL DÉMOGRAPHIQUE MODÈLE:
2025-09-24 15:13:15 - advanced_pipeline - INFO -   Âge moyen entraînement: 49.9 ± 20.2
2025-09-24 15:13:15 - advanced_pipeline - INFO -   Âge min/max entraînement: 18 / 100
2025-09-24 15:13:15 - advanced_pipeline - INFO - 📈 NOUVELLES DONNÉES:
2025-09-24 15:13:15 - advanced_pipeline - INFO -   Échantillons actuels: 312,440
2025-09-24 15:13:15 - advanced_pipeline - INFO -   Features actuelles: 8
2025-09-24 15:13:15 - advanced_pipeline - INFO -   Âge moyen actuel: 49.9 ± 20.2
2025-09-24 15:13:15 - advanced_pipeline - INFO -   Âge min/max actuel: 18 / 100
2025-09-24 15:13:15 - advanced_pipeline - INFO - ⚖️  COMPARAISON MODÈLE vs NOUVELLES DONNÉES:
2025-09-24 15:13:15 - advanced_pipeline - INFO -   Dérive âge moyen: 0.0 ans
2025-09-24 15:13:15 - advanced_pipeline - INFO -   Dérive écart-type âge: 0.0
2025-09-24 15:13:15 - advanced_pipeline - INFO -   Ratio volume: 1.00x (312,440 vs 312,412)
2025-09-24 15:13:15 - advanced_pipeline - INFO - 🧪 TEST APPLICATION MODÈLE:
2025-09-24 15:13:15 - advanced_pipeline - INFO -   Échantillon testé: 1,000
2025-09-24 15:13:15 - advanced_pipeline - INFO -   Clients clusterisés: 1,000 (100.0%)
2025-09-24 15:13:15 - advanced_pipeline - INFO -   Clients non-clusterisés: 0 (0.0%)
2025-09-24 15:13:16 - advanced_pipeline - INFO -   Strates actives: 10
2025-09-24 15:13:16 - advanced_pipeline - INFO -     - 63+: 309 clients
2025-09-24 15:13:16 - advanced_pipeline - INFO -     - 18-22: 97 clients
2025-09-24 15:13:16 - advanced_pipeline - INFO -     - 23-27: 93 clients
2025-09-24 15:13:16 - advanced_pipeline - INFO -     - 58-62: 92 clients
2025-09-24 15:13:16 - advanced_pipeline - INFO -     - 43-47: 76 clients
2025-09-24 15:13:16 - advanced_pipeline - INFO - 🚨 SIGNAUX POUR DÉCISION MANUELLE:
2025-09-24 15:13:16 - advanced_pipeline - INFO -   ✅ AUCUNE ALERTE - Modèle semble adapté aux nouvelles données
2025-09-24 15:13:16 - advanced_pipeline - INFO - 📋 RÉSUMÉ DÉCISIONNEL:
2025-09-24 15:13:16 - advanced_pipeline - INFO -   Âge du modèle: 5 jours
2025-09-24 15:13:16 - advanced_pipeline - INFO -   Qualité modèle: Bonne
2025-09-24 15:13:16 - advanced_pipeline - INFO -   Dérive détectée: Non
2025-09-24 15:13:16 - advanced_pipeline - INFO -   Couverture: Bonne
2025-09-24 15:13:16 - advanced_pipeline - INFO - APPLICATION MODÈLE EXISTANT
2025-09-24 15:16:09 - advanced_pipeline - INFO - Étape 4: Scoring clients
2025-09-24 15:17:20 - advanced_pipeline - INFO - Export simple créé : data.xlsx
2025-09-24 15:17:20 - advanced_pipeline - INFO - Scoring terminé: (312440, 61)
2025-09-24 15:17:36 - advanced_pipeline - INFO - Résultats sauvegardés dans: /data/FCP10/Donnees/MC/explo/FCP10_MLCDP_WAX647/code/Prod/SEGPOTDYN/models/pipeline_output/20250924_151309
2025-09-24 15:17:36 - advanced_pipeline - INFO - === PIPELINE TERMINÉ AVEC SUCCÈS ===
