2025-09-23 15:51:30 - advanced_pipeline - INFO - Logger advanced_pipeline configuré - Fichier: /data/FCP10/Donnees/MC/explo/FCP10_MLCDP_WAX647/code/Prod/SEGPOTDYN/logs/advanced_pipeline_20250923.log
2025-09-23 15:51:30 - advanced_pipeline - INFO - AdvancedPipeline initialisé - Mode: dev, Clustering: stratifie
2025-09-23 15:51:30 - advanced_pipeline - INFO - Force retrain: False
2025-09-23 15:51:30 - advanced_pipeline - INFO - === DÉMARRAGE PIPELINE AVANCÉ ===
2025-09-23 15:51:30 - advanced_pipeline - INFO - Étape 1: Extraction données
2025-09-23 15:51:34 - advanced_pipeline - INFO - Données extraites: (312440, 30)
2025-09-23 15:51:34 - advanced_pipeline - INFO - Étape 2: Optimisation dimensions
2025-09-23 15:51:36 - advanced_pipeline - INFO - Dimensions optimisées: (312440, 9)
2025-09-23 15:51:36 - advanced_pipeline - INFO - === CLUSTERING AVEC GESTION MODÈLES ===
2025-09-23 15:51:36 - advanced_pipeline - INFO - Modèle existant trouvé: /data/FCP10/Donnees/MC/explo/FCP10_MLCDP_WAX647/code/Prod/SEGPOTDYN/models/age_clustering_20250919_134217.pkl
2025-09-23 15:51:36 - advanced_pipeline - INFO - === MÉTRIQUES DÉTAILLÉES DU MODÈLE ===
2025-09-23 15:51:36 - advanced_pipeline - INFO - 📊 MODÈLE EXISTANT:
2025-09-23 15:51:36 - advanced_pipeline - INFO -   Version: 20250919_134217
2025-09-23 15:51:36 - advanced_pipeline - INFO -   Date entraînement: 2025-09-19T13:52:19.631915
2025-09-23 15:51:36 - advanced_pipeline - INFO -   Échantillons entraînement: 312,412
2025-09-23 15:51:36 - advanced_pipeline - INFO -   Features entraînement: 7
2025-09-23 15:51:36 - advanced_pipeline - INFO -   Silhouette moyenne: 0.655
2025-09-23 15:51:36 - advanced_pipeline - INFO -   Min/Max silhouette: 0.529 / 0.802
2025-09-23 15:51:36 - advanced_pipeline - INFO -   Clusters créés: 50
2025-09-23 15:51:36 - advanced_pipeline - INFO -   Strates viables: 10
2025-09-23 15:51:36 - advanced_pipeline - INFO -   Strates cluster unique: 1
2025-09-23 15:51:36 - advanced_pipeline - INFO - 👥 PROFIL DÉMOGRAPHIQUE MODÈLE:
2025-09-23 15:51:36 - advanced_pipeline - INFO -   Âge moyen entraînement: 49.9 ± 20.2
2025-09-23 15:51:36 - advanced_pipeline - INFO -   Âge min/max entraînement: 18 / 100
2025-09-23 15:51:36 - advanced_pipeline - INFO - 📈 NOUVELLES DONNÉES:
2025-09-23 15:51:36 - advanced_pipeline - INFO -   Échantillons actuels: 312,440
2025-09-23 15:51:36 - advanced_pipeline - INFO -   Features actuelles: 8
2025-09-23 15:51:36 - advanced_pipeline - INFO -   Âge moyen actuel: 49.9 ± 20.2
2025-09-23 15:51:36 - advanced_pipeline - INFO -   Âge min/max actuel: 18 / 100
2025-09-23 15:51:36 - advanced_pipeline - INFO - ⚖️  COMPARAISON MODÈLE vs NOUVELLES DONNÉES:
2025-09-23 15:51:36 - advanced_pipeline - INFO -   Dérive âge moyen: 0.0 ans
2025-09-23 15:51:36 - advanced_pipeline - INFO -   Dérive écart-type âge: 0.0
2025-09-23 15:51:36 - advanced_pipeline - INFO -   Ratio volume: 1.00x (312,440 vs 312,412)
2025-09-23 15:51:36 - advanced_pipeline - INFO - 🧪 TEST APPLICATION MODÈLE:
2025-09-23 15:51:36 - advanced_pipeline - INFO -   Échantillon testé: 1,000
2025-09-23 15:51:36 - advanced_pipeline - INFO -   Clients clusterisés: 1,000 (100.0%)
2025-09-23 15:51:36 - advanced_pipeline - INFO -   Clients non-clusterisés: 0 (0.0%)
2025-09-23 15:51:36 - advanced_pipeline - INFO -   Strates actives: 10
2025-09-23 15:51:36 - advanced_pipeline - INFO -     - 63+: 309 clients
2025-09-23 15:51:36 - advanced_pipeline - INFO -     - 18-22: 97 clients
2025-09-23 15:51:36 - advanced_pipeline - INFO -     - 23-27: 93 clients
2025-09-23 15:51:36 - advanced_pipeline - INFO -     - 58-62: 92 clients
2025-09-23 15:51:36 - advanced_pipeline - INFO -     - 43-47: 76 clients
2025-09-23 15:51:36 - advanced_pipeline - INFO - 🚨 SIGNAUX POUR DÉCISION MANUELLE:
2025-09-23 15:51:36 - advanced_pipeline - INFO -   ✅ AUCUNE ALERTE - Modèle semble adapté aux nouvelles données
2025-09-23 15:51:36 - advanced_pipeline - INFO - 📋 RÉSUMÉ DÉCISIONNEL:
2025-09-23 15:51:36 - advanced_pipeline - INFO -   Âge du modèle: 4 jours
2025-09-23 15:51:36 - advanced_pipeline - INFO -   Qualité modèle: Bonne
2025-09-23 15:51:36 - advanced_pipeline - INFO -   Dérive détectée: Non
2025-09-23 15:51:36 - advanced_pipeline - INFO -   Couverture: Bonne
2025-09-23 15:51:36 - advanced_pipeline - INFO - APPLICATION MODÈLE EXISTANT
2025-09-23 15:54:21 - advanced_pipeline - INFO - Étape 4: Scoring clients
2025-09-23 15:54:41 - advanced_pipeline - INFO - Scoring terminé: (312440, 61)
2025-09-23 15:54:57 - advanced_pipeline - INFO - Résultats sauvegardés dans: /data/FCP10/Donnees/MC/explo/FCP10_MLCDP_WAX647/code/Prod/SEGPOTDYN/models/pipeline_output/20250923_155130
2025-09-23 15:54:57 - advanced_pipeline - INFO - === PIPELINE TERMINÉ AVEC SUCCÈS ===
2025-09-23 16:05:55 - advanced_pipeline - INFO - Logger advanced_pipeline configuré - Fichier: /data/FCP10/Donnees/MC/explo/FCP10_MLCDP_WAX647/code/Prod/SEGPOTDYN/logs/advanced_pipeline_20250923.log
2025-09-23 16:05:55 - advanced_pipeline - INFO - AdvancedPipeline initialisé - Mode: dev, Clustering: stratifie
2025-09-23 16:05:55 - advanced_pipeline - INFO - Force retrain: False
2025-09-23 16:05:55 - advanced_pipeline - INFO - === DÉMARRAGE PIPELINE AVANCÉ ===
2025-09-23 16:05:55 - advanced_pipeline - INFO - Étape 1: Extraction données
2025-09-23 16:05:59 - advanced_pipeline - INFO - Données extraites: (312440, 30)
2025-09-23 16:05:59 - advanced_pipeline - INFO - Étape 2: Optimisation dimensions
2025-09-23 16:06:01 - advanced_pipeline - INFO - Dimensions optimisées: (312440, 9)
2025-09-23 16:06:01 - advanced_pipeline - INFO - === CLUSTERING AVEC GESTION MODÈLES ===
2025-09-23 16:06:01 - advanced_pipeline - INFO - Modèle existant trouvé: /data/FCP10/Donnees/MC/explo/FCP10_MLCDP_WAX647/code/Prod/SEGPOTDYN/models/age_clustering_20250919_134217.pkl
2025-09-23 16:06:01 - advanced_pipeline - INFO - === MÉTRIQUES DÉTAILLÉES DU MODÈLE ===
2025-09-23 16:06:01 - advanced_pipeline - INFO - 📊 MODÈLE EXISTANT:
2025-09-23 16:06:01 - advanced_pipeline - INFO -   Version: 20250919_134217
2025-09-23 16:06:01 - advanced_pipeline - INFO -   Date entraînement: 2025-09-19T13:52:19.631915
2025-09-23 16:06:01 - advanced_pipeline - INFO -   Échantillons entraînement: 312,412
2025-09-23 16:06:01 - advanced_pipeline - INFO -   Features entraînement: 7
2025-09-23 16:06:01 - advanced_pipeline - INFO -   Silhouette moyenne: 0.655
2025-09-23 16:06:01 - advanced_pipeline - INFO -   Min/Max silhouette: 0.529 / 0.802
2025-09-23 16:06:01 - advanced_pipeline - INFO -   Clusters créés: 50
2025-09-23 16:06:01 - advanced_pipeline - INFO -   Strates viables: 10
2025-09-23 16:06:01 - advanced_pipeline - INFO -   Strates cluster unique: 1
2025-09-23 16:06:01 - advanced_pipeline - INFO - 👥 PROFIL DÉMOGRAPHIQUE MODÈLE:
2025-09-23 16:06:01 - advanced_pipeline - INFO -   Âge moyen entraînement: 49.9 ± 20.2
2025-09-23 16:06:01 - advanced_pipeline - INFO -   Âge min/max entraînement: 18 / 100
2025-09-23 16:06:01 - advanced_pipeline - INFO - 📈 NOUVELLES DONNÉES:
2025-09-23 16:06:01 - advanced_pipeline - INFO -   Échantillons actuels: 312,440
2025-09-23 16:06:01 - advanced_pipeline - INFO -   Features actuelles: 8
2025-09-23 16:06:01 - advanced_pipeline - INFO -   Âge moyen actuel: 49.9 ± 20.2
2025-09-23 16:06:01 - advanced_pipeline - INFO -   Âge min/max actuel: 18 / 100
2025-09-23 16:06:01 - advanced_pipeline - INFO - ⚖️  COMPARAISON MODÈLE vs NOUVELLES DONNÉES:
2025-09-23 16:06:01 - advanced_pipeline - INFO -   Dérive âge moyen: 0.0 ans
2025-09-23 16:06:01 - advanced_pipeline - INFO -   Dérive écart-type âge: 0.0
2025-09-23 16:06:01 - advanced_pipeline - INFO -   Ratio volume: 1.00x (312,440 vs 312,412)
2025-09-23 16:06:01 - advanced_pipeline - INFO - 🧪 TEST APPLICATION MODÈLE:
2025-09-23 16:06:01 - advanced_pipeline - INFO -   Échantillon testé: 1,000
2025-09-23 16:06:01 - advanced_pipeline - INFO -   Clients clusterisés: 1,000 (100.0%)
2025-09-23 16:06:01 - advanced_pipeline - INFO -   Clients non-clusterisés: 0 (0.0%)
2025-09-23 16:06:01 - advanced_pipeline - INFO -   Strates actives: 10
2025-09-23 16:06:01 - advanced_pipeline - INFO -     - 63+: 309 clients
2025-09-23 16:06:01 - advanced_pipeline - INFO -     - 18-22: 97 clients
2025-09-23 16:06:01 - advanced_pipeline - INFO -     - 23-27: 93 clients
2025-09-23 16:06:01 - advanced_pipeline - INFO -     - 58-62: 92 clients
2025-09-23 16:06:01 - advanced_pipeline - INFO -     - 43-47: 76 clients
2025-09-23 16:06:01 - advanced_pipeline - INFO - 🚨 SIGNAUX POUR DÉCISION MANUELLE:
2025-09-23 16:06:01 - advanced_pipeline - INFO -   ✅ AUCUNE ALERTE - Modèle semble adapté aux nouvelles données
2025-09-23 16:06:01 - advanced_pipeline - INFO - 📋 RÉSUMÉ DÉCISIONNEL:
2025-09-23 16:06:01 - advanced_pipeline - INFO -   Âge du modèle: 4 jours
2025-09-23 16:06:01 - advanced_pipeline - INFO -   Qualité modèle: Bonne
2025-09-23 16:06:01 - advanced_pipeline - INFO -   Dérive détectée: Non
2025-09-23 16:06:01 - advanced_pipeline - INFO -   Couverture: Bonne
2025-09-23 16:06:01 - advanced_pipeline - INFO - APPLICATION MODÈLE EXISTANT
2025-09-23 16:08:46 - advanced_pipeline - INFO - Étape 4: Scoring clients
2025-09-23 16:09:07 - advanced_pipeline - INFO - Scoring terminé: (312440, 61)
2025-09-23 16:09:24 - advanced_pipeline - INFO - Résultats sauvegardés dans: /data/FCP10/Donnees/MC/explo/FCP10_MLCDP_WAX647/code/Prod/SEGPOTDYN/models/pipeline_output/20250923_160555
2025-09-23 16:09:24 - advanced_pipeline - INFO - === PIPELINE TERMINÉ AVEC SUCCÈS ===
2025-09-23 16:16:17 - advanced_pipeline - INFO - AdvancedPipeline initialisé - Mode: dev, Clustering: stratifie
2025-09-23 16:16:17 - advanced_pipeline - INFO - Force retrain: False
2025-09-23 16:16:17 - advanced_pipeline - INFO - === DÉMARRAGE PIPELINE AVANCÉ ===
2025-09-23 16:16:17 - advanced_pipeline - INFO - Étape 1: Extraction données
2025-09-23 16:16:21 - advanced_pipeline - INFO - Données extraites: (312440, 30)
2025-09-23 16:16:21 - advanced_pipeline - INFO - Étape 2: Optimisation dimensions
2025-09-23 16:16:23 - advanced_pipeline - INFO - Dimensions optimisées: (312440, 9)
2025-09-23 16:16:23 - advanced_pipeline - INFO - === CLUSTERING AVEC GESTION MODÈLES ===
2025-09-23 16:16:23 - advanced_pipeline - INFO - Modèle existant trouvé: /data/FCP10/Donnees/MC/explo/FCP10_MLCDP_WAX647/code/Prod/SEGPOTDYN/models/age_clustering_20250919_134217.pkl
2025-09-23 16:16:23 - advanced_pipeline - INFO - === MÉTRIQUES DÉTAILLÉES DU MODÈLE ===
2025-09-23 16:16:23 - advanced_pipeline - INFO - 📊 MODÈLE EXISTANT:
2025-09-23 16:16:23 - advanced_pipeline - INFO -   Version: 20250919_134217
2025-09-23 16:16:23 - advanced_pipeline - INFO -   Date entraînement: 2025-09-19T13:52:19.631915
2025-09-23 16:16:23 - advanced_pipeline - INFO -   Échantillons entraînement: 312,412
2025-09-23 16:16:23 - advanced_pipeline - INFO -   Features entraînement: 7
2025-09-23 16:16:23 - advanced_pipeline - INFO -   Silhouette moyenne: 0.655
2025-09-23 16:16:23 - advanced_pipeline - INFO -   Min/Max silhouette: 0.529 / 0.802
2025-09-23 16:16:23 - advanced_pipeline - INFO -   Clusters créés: 50
2025-09-23 16:16:23 - advanced_pipeline - INFO -   Strates viables: 10
2025-09-23 16:16:23 - advanced_pipeline - INFO -   Strates cluster unique: 1
2025-09-23 16:16:23 - advanced_pipeline - INFO - 👥 PROFIL DÉMOGRAPHIQUE MODÈLE:
2025-09-23 16:16:23 - advanced_pipeline - INFO -   Âge moyen entraînement: 49.9 ± 20.2
2025-09-23 16:16:23 - advanced_pipeline - INFO -   Âge min/max entraînement: 18 / 100
2025-09-23 16:16:23 - advanced_pipeline - INFO - 📈 NOUVELLES DONNÉES:
2025-09-23 16:16:23 - advanced_pipeline - INFO -   Échantillons actuels: 312,440
2025-09-23 16:16:23 - advanced_pipeline - INFO -   Features actuelles: 8
2025-09-23 16:16:23 - advanced_pipeline - INFO -   Âge moyen actuel: 49.9 ± 20.2
2025-09-23 16:16:23 - advanced_pipeline - INFO -   Âge min/max actuel: 18 / 100
2025-09-23 16:16:23 - advanced_pipeline - INFO - ⚖️  COMPARAISON MODÈLE vs NOUVELLES DONNÉES:
2025-09-23 16:16:23 - advanced_pipeline - INFO -   Dérive âge moyen: 0.0 ans
2025-09-23 16:16:23 - advanced_pipeline - INFO -   Dérive écart-type âge: 0.0
2025-09-23 16:16:23 - advanced_pipeline - INFO -   Ratio volume: 1.00x (312,440 vs 312,412)
2025-09-23 16:16:23 - advanced_pipeline - INFO - 🧪 TEST APPLICATION MODÈLE:
2025-09-23 16:16:23 - advanced_pipeline - INFO -   Échantillon testé: 1,000
2025-09-23 16:16:23 - advanced_pipeline - INFO -   Clients clusterisés: 1,000 (100.0%)
2025-09-23 16:16:23 - advanced_pipeline - INFO -   Clients non-clusterisés: 0 (0.0%)
2025-09-23 16:16:23 - advanced_pipeline - INFO -   Strates actives: 10
2025-09-23 16:16:23 - advanced_pipeline - INFO -     - 63+: 309 clients
2025-09-23 16:16:23 - advanced_pipeline - INFO -     - 18-22: 97 clients
2025-09-23 16:16:23 - advanced_pipeline - INFO -     - 23-27: 93 clients
2025-09-23 16:16:23 - advanced_pipeline - INFO -     - 58-62: 92 clients
2025-09-23 16:16:23 - advanced_pipeline - INFO -     - 43-47: 76 clients
2025-09-23 16:16:23 - advanced_pipeline - INFO - 🚨 SIGNAUX POUR DÉCISION MANUELLE:
2025-09-23 16:16:23 - advanced_pipeline - INFO -   ✅ AUCUNE ALERTE - Modèle semble adapté aux nouvelles données
2025-09-23 16:16:23 - advanced_pipeline - INFO - 📋 RÉSUMÉ DÉCISIONNEL:
2025-09-23 16:16:23 - advanced_pipeline - INFO -   Âge du modèle: 4 jours
2025-09-23 16:16:23 - advanced_pipeline - INFO -   Qualité modèle: Bonne
2025-09-23 16:16:23 - advanced_pipeline - INFO -   Dérive détectée: Non
2025-09-23 16:16:23 - advanced_pipeline - INFO -   Couverture: Bonne
2025-09-23 16:16:23 - advanced_pipeline - INFO - APPLICATION MODÈLE EXISTANT
2025-09-23 16:19:20 - advanced_pipeline - INFO - Étape 4: Scoring clients
2025-09-23 16:19:42 - advanced_pipeline - INFO - Scoring terminé: (312440, 61)
2025-09-23 16:19:58 - advanced_pipeline - INFO - Résultats sauvegardés dans: /data/FCP10/Donnees/MC/explo/FCP10_MLCDP_WAX647/code/Prod/SEGPOTDYN/models/pipeline_output/20250923_161617
2025-09-23 16:19:58 - advanced_pipeline - INFO - === PIPELINE TERMINÉ AVEC SUCCÈS ===
2025-09-23 16:21:11 - advanced_pipeline - INFO - Logger advanced_pipeline configuré - Fichier: /data/FCP10/Donnees/MC/explo/FCP10_MLCDP_WAX647/code/Prod/SEGPOTDYN/logs/advanced_pipeline_20250923.log
2025-09-23 16:21:11 - advanced_pipeline - INFO - AdvancedPipeline initialisé - Mode: dev, Clustering: stratifie
2025-09-23 16:21:11 - advanced_pipeline - INFO - Force retrain: False
2025-09-23 16:21:11 - advanced_pipeline - INFO - === DÉMARRAGE PIPELINE AVANCÉ ===
2025-09-23 16:21:11 - advanced_pipeline - INFO - Étape 1: Extraction données
2025-09-23 16:21:15 - advanced_pipeline - INFO - Données extraites: (312440, 30)
2025-09-23 16:21:15 - advanced_pipeline - INFO - Étape 2: Optimisation dimensions
2025-09-23 16:21:17 - advanced_pipeline - INFO - Dimensions optimisées: (312440, 9)
2025-09-23 16:21:17 - advanced_pipeline - INFO - === CLUSTERING AVEC GESTION MODÈLES ===
2025-09-23 16:21:17 - advanced_pipeline - INFO - Modèle existant trouvé: /data/FCP10/Donnees/MC/explo/FCP10_MLCDP_WAX647/code/Prod/SEGPOTDYN/models/age_clustering_20250919_134217.pkl
2025-09-23 16:21:17 - advanced_pipeline - INFO - === MÉTRIQUES DÉTAILLÉES DU MODÈLE ===
2025-09-23 16:21:17 - advanced_pipeline - INFO - 📊 MODÈLE EXISTANT:
2025-09-23 16:21:17 - advanced_pipeline - INFO -   Version: 20250919_134217
2025-09-23 16:21:17 - advanced_pipeline - INFO -   Date entraînement: 2025-09-19T13:52:19.631915
2025-09-23 16:21:17 - advanced_pipeline - INFO -   Échantillons entraînement: 312,412
2025-09-23 16:21:17 - advanced_pipeline - INFO -   Features entraînement: 7
2025-09-23 16:21:17 - advanced_pipeline - INFO -   Silhouette moyenne: 0.655
2025-09-23 16:21:17 - advanced_pipeline - INFO -   Min/Max silhouette: 0.529 / 0.802
2025-09-23 16:21:17 - advanced_pipeline - INFO -   Clusters créés: 50
2025-09-23 16:21:17 - advanced_pipeline - INFO -   Strates viables: 10
2025-09-23 16:21:17 - advanced_pipeline - INFO -   Strates cluster unique: 1
2025-09-23 16:21:17 - advanced_pipeline - INFO - 👥 PROFIL DÉMOGRAPHIQUE MODÈLE:
2025-09-23 16:21:17 - advanced_pipeline - INFO -   Âge moyen entraînement: 49.9 ± 20.2
2025-09-23 16:21:17 - advanced_pipeline - INFO -   Âge min/max entraînement: 18 / 100
2025-09-23 16:21:17 - advanced_pipeline - INFO - 📈 NOUVELLES DONNÉES:
2025-09-23 16:21:17 - advanced_pipeline - INFO -   Échantillons actuels: 312,440
2025-09-23 16:21:17 - advanced_pipeline - INFO -   Features actuelles: 8
2025-09-23 16:21:17 - advanced_pipeline - INFO -   Âge moyen actuel: 49.9 ± 20.2
2025-09-23 16:21:17 - advanced_pipeline - INFO -   Âge min/max actuel: 18 / 100
2025-09-23 16:21:17 - advanced_pipeline - INFO - ⚖️  COMPARAISON MODÈLE vs NOUVELLES DONNÉES:
2025-09-23 16:21:17 - advanced_pipeline - INFO -   Dérive âge moyen: 0.0 ans
2025-09-23 16:21:17 - advanced_pipeline - INFO -   Dérive écart-type âge: 0.0
2025-09-23 16:21:17 - advanced_pipeline - INFO -   Ratio volume: 1.00x (312,440 vs 312,412)
2025-09-23 16:21:17 - advanced_pipeline - INFO - 🧪 TEST APPLICATION MODÈLE:
2025-09-23 16:21:17 - advanced_pipeline - INFO -   Échantillon testé: 1,000
2025-09-23 16:21:17 - advanced_pipeline - INFO -   Clients clusterisés: 1,000 (100.0%)
2025-09-23 16:21:17 - advanced_pipeline - INFO -   Clients non-clusterisés: 0 (0.0%)
2025-09-23 16:21:17 - advanced_pipeline - INFO -   Strates actives: 10
2025-09-23 16:21:17 - advanced_pipeline - INFO -     - 63+: 309 clients
2025-09-23 16:21:17 - advanced_pipeline - INFO -     - 18-22: 97 clients
2025-09-23 16:21:17 - advanced_pipeline - INFO -     - 23-27: 93 clients
2025-09-23 16:21:17 - advanced_pipeline - INFO -     - 58-62: 92 clients
2025-09-23 16:21:17 - advanced_pipeline - INFO -     - 43-47: 76 clients
2025-09-23 16:21:17 - advanced_pipeline - INFO - 🚨 SIGNAUX POUR DÉCISION MANUELLE:
2025-09-23 16:21:17 - advanced_pipeline - INFO -   ✅ AUCUNE ALERTE - Modèle semble adapté aux nouvelles données
2025-09-23 16:21:17 - advanced_pipeline - INFO - 📋 RÉSUMÉ DÉCISIONNEL:
2025-09-23 16:21:17 - advanced_pipeline - INFO -   Âge du modèle: 4 jours
2025-09-23 16:21:17 - advanced_pipeline - INFO -   Qualité modèle: Bonne
2025-09-23 16:21:17 - advanced_pipeline - INFO -   Dérive détectée: Non
2025-09-23 16:21:17 - advanced_pipeline - INFO -   Couverture: Bonne
2025-09-23 16:21:17 - advanced_pipeline - INFO - APPLICATION MODÈLE EXISTANT
2025-09-23 16:24:02 - advanced_pipeline - INFO - Étape 4: Scoring clients
2025-09-23 16:24:22 - advanced_pipeline - INFO - Scoring terminé: (312440, 61)
2025-09-23 16:24:37 - advanced_pipeline - INFO - Résultats sauvegardés dans: /data/FCP10/Donnees/MC/explo/FCP10_MLCDP_WAX647/code/Prod/SEGPOTDYN/models/pipeline_output/20250923_162111
2025-09-23 16:24:37 - advanced_pipeline - INFO - === PIPELINE TERMINÉ AVEC SUCCÈS ===
2025-09-23 16:34:00 - advanced_pipeline - INFO - AdvancedPipeline initialisé - Mode: dev, Clustering: stratifie
2025-09-23 16:34:00 - advanced_pipeline - INFO - Force retrain: False
2025-09-23 16:34:00 - advanced_pipeline - INFO - === DÉMARRAGE PIPELINE AVANCÉ ===
2025-09-23 16:34:00 - advanced_pipeline - INFO - Étape 1: Extraction données
2025-09-23 16:35:29 - advanced_pipeline - INFO - Logger advanced_pipeline configuré - Fichier: /data/FCP10/Donnees/MC/explo/FCP10_MLCDP_WAX647/code/Prod/SEGPOTDYN/logs/advanced_pipeline_20250923.log
2025-09-23 16:35:29 - advanced_pipeline - INFO - AdvancedPipeline initialisé - Mode: dev, Clustering: stratifie
2025-09-23 16:35:29 - advanced_pipeline - INFO - Force retrain: False
2025-09-23 16:35:29 - advanced_pipeline - INFO - === DÉMARRAGE PIPELINE AVANCÉ ===
2025-09-23 16:35:29 - advanced_pipeline - INFO - Étape 1: Extraction données
2025-09-23 16:35:33 - advanced_pipeline - INFO - Données extraites: (312440, 30)
2025-09-23 16:35:33 - advanced_pipeline - INFO - Étape 2: Optimisation dimensions
2025-09-23 16:35:35 - advanced_pipeline - INFO - Dimensions optimisées: (312440, 9)
2025-09-23 16:35:35 - advanced_pipeline - INFO - === CLUSTERING AVEC GESTION MODÈLES ===
2025-09-23 16:35:35 - advanced_pipeline - INFO - Modèle existant trouvé: /data/FCP10/Donnees/MC/explo/FCP10_MLCDP_WAX647/code/Prod/SEGPOTDYN/models/age_clustering_20250919_134217.pkl
2025-09-23 16:35:35 - advanced_pipeline - INFO - === MÉTRIQUES DÉTAILLÉES DU MODÈLE ===
2025-09-23 16:35:35 - advanced_pipeline - INFO - 📊 MODÈLE EXISTANT:
2025-09-23 16:35:35 - advanced_pipeline - INFO -   Version: 20250919_134217
2025-09-23 16:35:35 - advanced_pipeline - INFO -   Date entraînement: 2025-09-19T13:52:19.631915
2025-09-23 16:35:35 - advanced_pipeline - INFO -   Échantillons entraînement: 312,412
2025-09-23 16:35:35 - advanced_pipeline - INFO -   Features entraînement: 7
2025-09-23 16:35:35 - advanced_pipeline - INFO -   Silhouette moyenne: 0.655
2025-09-23 16:35:35 - advanced_pipeline - INFO -   Min/Max silhouette: 0.529 / 0.802
2025-09-23 16:35:35 - advanced_pipeline - INFO -   Clusters créés: 50
2025-09-23 16:35:35 - advanced_pipeline - INFO -   Strates viables: 10
2025-09-23 16:35:35 - advanced_pipeline - INFO -   Strates cluster unique: 1
2025-09-23 16:35:35 - advanced_pipeline - INFO - 👥 PROFIL DÉMOGRAPHIQUE MODÈLE:
2025-09-23 16:35:35 - advanced_pipeline - INFO -   Âge moyen entraînement: 49.9 ± 20.2
2025-09-23 16:35:35 - advanced_pipeline - INFO -   Âge min/max entraînement: 18 / 100
2025-09-23 16:35:35 - advanced_pipeline - INFO - 📈 NOUVELLES DONNÉES:
2025-09-23 16:35:35 - advanced_pipeline - INFO -   Échantillons actuels: 312,440
2025-09-23 16:35:35 - advanced_pipeline - INFO -   Features actuelles: 8
2025-09-23 16:35:35 - advanced_pipeline - INFO -   Âge moyen actuel: 49.9 ± 20.2
2025-09-23 16:35:35 - advanced_pipeline - INFO -   Âge min/max actuel: 18 / 100
2025-09-23 16:35:35 - advanced_pipeline - INFO - ⚖️  COMPARAISON MODÈLE vs NOUVELLES DONNÉES:
2025-09-23 16:35:35 - advanced_pipeline - INFO -   Dérive âge moyen: 0.0 ans
2025-09-23 16:35:35 - advanced_pipeline - INFO -   Dérive écart-type âge: 0.0
2025-09-23 16:35:35 - advanced_pipeline - INFO -   Ratio volume: 1.00x (312,440 vs 312,412)
2025-09-23 16:35:35 - advanced_pipeline - INFO - 🧪 TEST APPLICATION MODÈLE:
2025-09-23 16:35:35 - advanced_pipeline - INFO -   Échantillon testé: 1,000
2025-09-23 16:35:35 - advanced_pipeline - INFO -   Clients clusterisés: 1,000 (100.0%)
2025-09-23 16:35:35 - advanced_pipeline - INFO -   Clients non-clusterisés: 0 (0.0%)
2025-09-23 16:35:35 - advanced_pipeline - INFO -   Strates actives: 10
2025-09-23 16:35:35 - advanced_pipeline - INFO -     - 63+: 309 clients
2025-09-23 16:35:35 - advanced_pipeline - INFO -     - 18-22: 97 clients
2025-09-23 16:35:35 - advanced_pipeline - INFO -     - 23-27: 93 clients
2025-09-23 16:35:35 - advanced_pipeline - INFO -     - 58-62: 92 clients
2025-09-23 16:35:35 - advanced_pipeline - INFO -     - 43-47: 76 clients
2025-09-23 16:35:35 - advanced_pipeline - INFO - 🚨 SIGNAUX POUR DÉCISION MANUELLE:
2025-09-23 16:35:35 - advanced_pipeline - INFO -   ✅ AUCUNE ALERTE - Modèle semble adapté aux nouvelles données
2025-09-23 16:35:35 - advanced_pipeline - INFO - 📋 RÉSUMÉ DÉCISIONNEL:
2025-09-23 16:35:35 - advanced_pipeline - INFO -   Âge du modèle: 4 jours
2025-09-23 16:35:35 - advanced_pipeline - INFO -   Qualité modèle: Bonne
2025-09-23 16:35:35 - advanced_pipeline - INFO -   Dérive détectée: Non
2025-09-23 16:35:35 - advanced_pipeline - INFO -   Couverture: Bonne
2025-09-23 16:35:35 - advanced_pipeline - INFO - APPLICATION MODÈLE EXISTANT
2025-09-23 16:38:31 - advanced_pipeline - INFO - Étape 4: Scoring clients
2025-09-23 16:38:52 - advanced_pipeline - INFO - Export simple créé : /data/FCP10/Donnees/MC/explo/FCP10_MLCDP_WAX647/code/Prod/SEGPOTDYN/models/client_data_simple_20250923_163851.csv
2025-09-23 16:38:52 - advanced_pipeline - INFO - Scoring terminé: (312440, 61)
2025-09-23 16:39:08 - advanced_pipeline - INFO - Résultats sauvegardés dans: /data/FCP10/Donnees/MC/explo/FCP10_MLCDP_WAX647/code/Prod/SEGPOTDYN/models/pipeline_output/20250923_163529
2025-09-23 16:39:08 - advanced_pipeline - INFO - === PIPELINE TERMINÉ AVEC SUCCÈS ===
2025-09-23 16:48:51 - advanced_pipeline - INFO - AdvancedPipeline initialisé - Mode: dev, Clustering: stratifie
2025-09-23 16:48:51 - advanced_pipeline - INFO - Force retrain: False
2025-09-23 16:48:51 - advanced_pipeline - INFO - === DÉMARRAGE PIPELINE AVANCÉ ===
2025-09-23 16:48:51 - advanced_pipeline - INFO - Étape 1: Extraction données
2025-09-23 16:49:27 - advanced_pipeline - INFO - Logger advanced_pipeline configuré - Fichier: /data/FCP10/Donnees/MC/explo/FCP10_MLCDP_WAX647/code/Prod/SEGPOTDYN/logs/advanced_pipeline_20250923.log
2025-09-23 16:49:27 - advanced_pipeline - INFO - AdvancedPipeline initialisé - Mode: dev, Clustering: stratifie
2025-09-23 16:49:27 - advanced_pipeline - INFO - Force retrain: False
2025-09-23 16:49:27 - advanced_pipeline - INFO - === DÉMARRAGE PIPELINE AVANCÉ ===
2025-09-23 16:49:27 - advanced_pipeline - INFO - Étape 1: Extraction données
2025-09-23 16:49:31 - advanced_pipeline - INFO - Données extraites: (312440, 30)
2025-09-23 16:49:31 - advanced_pipeline - INFO - Étape 2: Optimisation dimensions
2025-09-23 16:49:33 - advanced_pipeline - INFO - Dimensions optimisées: (312440, 9)
2025-09-23 16:49:33 - advanced_pipeline - INFO - === CLUSTERING AVEC GESTION MODÈLES ===
2025-09-23 16:49:33 - advanced_pipeline - INFO - Modèle existant trouvé: /data/FCP10/Donnees/MC/explo/FCP10_MLCDP_WAX647/code/Prod/SEGPOTDYN/models/age_clustering_20250919_134217.pkl
2025-09-23 16:49:33 - advanced_pipeline - INFO - === MÉTRIQUES DÉTAILLÉES DU MODÈLE ===
2025-09-23 16:49:33 - advanced_pipeline - INFO - 📊 MODÈLE EXISTANT:
2025-09-23 16:49:33 - advanced_pipeline - INFO -   Version: 20250919_134217
2025-09-23 16:49:33 - advanced_pipeline - INFO -   Date entraînement: 2025-09-19T13:52:19.631915
2025-09-23 16:49:33 - advanced_pipeline - INFO -   Échantillons entraînement: 312,412
2025-09-23 16:49:33 - advanced_pipeline - INFO -   Features entraînement: 7
2025-09-23 16:49:33 - advanced_pipeline - INFO -   Silhouette moyenne: 0.655
2025-09-23 16:49:33 - advanced_pipeline - INFO -   Min/Max silhouette: 0.529 / 0.802
2025-09-23 16:49:33 - advanced_pipeline - INFO -   Clusters créés: 50
2025-09-23 16:49:33 - advanced_pipeline - INFO -   Strates viables: 10
2025-09-23 16:49:33 - advanced_pipeline - INFO -   Strates cluster unique: 1
2025-09-23 16:49:33 - advanced_pipeline - INFO - 👥 PROFIL DÉMOGRAPHIQUE MODÈLE:
2025-09-23 16:49:33 - advanced_pipeline - INFO -   Âge moyen entraînement: 49.9 ± 20.2
2025-09-23 16:49:33 - advanced_pipeline - INFO -   Âge min/max entraînement: 18 / 100
2025-09-23 16:49:33 - advanced_pipeline - INFO - 📈 NOUVELLES DONNÉES:
2025-09-23 16:49:33 - advanced_pipeline - INFO -   Échantillons actuels: 312,440
2025-09-23 16:49:33 - advanced_pipeline - INFO -   Features actuelles: 8
2025-09-23 16:49:33 - advanced_pipeline - INFO -   Âge moyen actuel: 49.9 ± 20.2
2025-09-23 16:49:33 - advanced_pipeline - INFO -   Âge min/max actuel: 18 / 100
2025-09-23 16:49:33 - advanced_pipeline - INFO - ⚖️  COMPARAISON MODÈLE vs NOUVELLES DONNÉES:
2025-09-23 16:49:33 - advanced_pipeline - INFO -   Dérive âge moyen: 0.0 ans
2025-09-23 16:49:33 - advanced_pipeline - INFO -   Dérive écart-type âge: 0.0
2025-09-23 16:49:33 - advanced_pipeline - INFO -   Ratio volume: 1.00x (312,440 vs 312,412)
2025-09-23 16:49:33 - advanced_pipeline - INFO - 🧪 TEST APPLICATION MODÈLE:
2025-09-23 16:49:33 - advanced_pipeline - INFO -   Échantillon testé: 1,000
2025-09-23 16:49:33 - advanced_pipeline - INFO -   Clients clusterisés: 1,000 (100.0%)
2025-09-23 16:49:33 - advanced_pipeline - INFO -   Clients non-clusterisés: 0 (0.0%)
2025-09-23 16:49:33 - advanced_pipeline - INFO -   Strates actives: 10
2025-09-23 16:49:33 - advanced_pipeline - INFO -     - 63+: 309 clients
2025-09-23 16:49:33 - advanced_pipeline - INFO -     - 18-22: 97 clients
2025-09-23 16:49:33 - advanced_pipeline - INFO -     - 23-27: 93 clients
2025-09-23 16:49:33 - advanced_pipeline - INFO -     - 58-62: 92 clients
2025-09-23 16:49:33 - advanced_pipeline - INFO -     - 43-47: 76 clients
2025-09-23 16:49:33 - advanced_pipeline - INFO - 🚨 SIGNAUX POUR DÉCISION MANUELLE:
2025-09-23 16:49:33 - advanced_pipeline - INFO -   ✅ AUCUNE ALERTE - Modèle semble adapté aux nouvelles données
2025-09-23 16:49:33 - advanced_pipeline - INFO - 📋 RÉSUMÉ DÉCISIONNEL:
2025-09-23 16:49:33 - advanced_pipeline - INFO -   Âge du modèle: 4 jours
2025-09-23 16:49:33 - advanced_pipeline - INFO -   Qualité modèle: Bonne
2025-09-23 16:49:33 - advanced_pipeline - INFO -   Dérive détectée: Non
2025-09-23 16:49:33 - advanced_pipeline - INFO -   Couverture: Bonne
2025-09-23 16:49:33 - advanced_pipeline - INFO - APPLICATION MODÈLE EXISTANT
2025-09-23 16:52:27 - advanced_pipeline - INFO - Étape 4: Scoring clients
2025-09-23 16:52:48 - advanced_pipeline - INFO - Export simple créé : /data/FCP10/Donnees/MC/explo/FCP10_MLCDP_WAX647/code/Prod/SEGPOTDYN/models/client_data_simple_20250923_165247.csv
2025-09-23 16:52:48 - advanced_pipeline - INFO - Scoring terminé: (312440, 61)
2025-09-23 16:53:04 - advanced_pipeline - INFO - Résultats sauvegardés dans: /data/FCP10/Donnees/MC/explo/FCP10_MLCDP_WAX647/code/Prod/SEGPOTDYN/models/pipeline_output/20250923_164927
2025-09-23 16:53:04 - advanced_pipeline - INFO - === PIPELINE TERMINÉ AVEC SUCCÈS ===
