2025-09-23 15:54:23 - client_scoring - INFO - Logger client_scoring configuré - Fichier: /data/FCP10/Donnees/MC/explo/FCP10_MLCDP_WAX647/code/Prod/SEGPOTDYN/logs/client_scoring_20250923.log
2025-09-23 15:54:23 - client_scoring - INFO - ClientScoringEngine initialisé - Top clients: 25.0%
2025-09-23 15:54:23 - client_scoring - INFO - Début calcul scores clients intra-cluster
2025-09-23 15:54:23 - client_scoring - INFO - Données clusterisées : (312440, 12)
2025-09-23 15:54:23 - client_scoring - INFO - Données financières : (452792, 17)
2025-09-23 15:54:24 - client_scoring - INFO - Données fusionnées : (312440, 28)
2025-09-23 15:54:24 - client_scoring - INFO - Nettoyage colonne CLUSTER_GLOBAL
2025-09-23 15:54:24 - client_scoring - INFO - Validation groupby réussie : 50 groupes
2025-09-23 15:54:25 - client_scoring - INFO - Clients clusterisés retenus : 312440
2025-09-23 15:54:25 - client_scoring - INFO - Clusters uniques : 50
2025-09-23 15:54:25 - client_scoring - INFO - Préparation données financières
2025-09-23 15:54:25 - client_scoring - INFO - Colonnes PNB disponibles : ['PNB_COLL', 'PNB_CRED', 'PNB_SERV', 'PNB_ASSU']
2025-09-23 15:54:26 - client_scoring - INFO - Calcul pondération et normalisation PNB par cluster
2025-09-23 15:54:27 - client_scoring - INFO - Score client calculé avec 4 composantes
2025-09-23 15:54:27 - client_scoring - INFO - Calcul potentiels clients (top 25% par cluster)
2025-09-23 15:54:30 - client_scoring - INFO - Potentiels calculés basés sur 78093 clients top 25%
2025-09-23 15:54:30 - client_scoring - INFO - Calcul segmentation finale
2025-09-23 15:54:41 - client_scoring - INFO - === MÉTRIQUES DE QUALITÉ SCORING ===
2025-09-23 15:54:41 - client_scoring - INFO - Clients scorés : 312,440
2025-09-23 15:54:41 - client_scoring - INFO - Clusters analysés : 50
2025-09-23 15:54:41 - client_scoring - INFO - Score client moyen : 0.272
2025-09-23 15:54:41 - client_scoring - INFO - Potentiel total : 135,433,592€
2025-09-23 15:54:41 - client_scoring - INFO - Potentiel moyen/client : 433€
2025-09-23 15:54:41 - client_scoring - INFO - Couverture scoring : 100.0%
2025-09-23 15:54:41 - client_scoring - INFO - Couverture potentiel : 98.0%
2025-09-23 15:54:41 - client_scoring - INFO - Distribution segments :
2025-09-23 15:54:41 - client_scoring - INFO -   - A developper: 105,290 clients (33.7%)
2025-09-23 15:54:41 - client_scoring - INFO -   - A stimuler: 97,845 clients (31.3%)
2025-09-23 15:54:41 - client_scoring - INFO -   - A construire: 83,215 clients (26.6%)
2025-09-23 15:54:41 - client_scoring - INFO -   - A entretenir: 26,090 clients (8.4%)
2025-09-23 15:54:41 - client_scoring - INFO - Top 3 clusters par potentiel moyen :
2025-09-23 15:54:41 - client_scoring - INFO -   - 38-42_C4: 1,600€ (5065 clients)
2025-09-23 15:54:41 - client_scoring - INFO -   - 33-37_C5: 1,464€ (4199 clients)
2025-09-23 15:54:41 - client_scoring - INFO -   - 48-52_C1: 1,409€ (4704 clients)
2025-09-23 15:54:41 - client_scoring - INFO - Scoring terminé en 18.66s - 312440 clients scorés
2025-09-23 16:08:48 - client_scoring - INFO - Logger client_scoring configuré - Fichier: /data/FCP10/Donnees/MC/explo/FCP10_MLCDP_WAX647/code/Prod/SEGPOTDYN/logs/client_scoring_20250923.log
2025-09-23 16:08:48 - client_scoring - INFO - ClientScoringEngine initialisé - Top clients: 25.0%
2025-09-23 16:08:48 - client_scoring - INFO - Début calcul scores clients intra-cluster
2025-09-23 16:08:48 - client_scoring - INFO - Données clusterisées : (312440, 12)
2025-09-23 16:08:48 - client_scoring - INFO - Données financières : (452792, 17)
2025-09-23 16:08:49 - client_scoring - INFO - Données fusionnées : (312440, 28)
2025-09-23 16:08:49 - client_scoring - INFO - Nettoyage colonne CLUSTER_GLOBAL
2025-09-23 16:08:50 - client_scoring - INFO - Validation groupby réussie : 50 groupes
2025-09-23 16:08:50 - client_scoring - INFO - Clients clusterisés retenus : 312440
2025-09-23 16:08:50 - client_scoring - INFO - Clusters uniques : 50
2025-09-23 16:08:50 - client_scoring - INFO - Préparation données financières
2025-09-23 16:08:50 - client_scoring - INFO - Colonnes PNB disponibles : ['PNB_COLL', 'PNB_CRED', 'PNB_SERV', 'PNB_ASSU']
2025-09-23 16:08:51 - client_scoring - INFO - Calcul pondération et normalisation PNB par cluster
2025-09-23 16:08:52 - client_scoring - INFO - Score client calculé avec 4 composantes
2025-09-23 16:08:52 - client_scoring - INFO - Calcul potentiels clients (top 25% par cluster)
2025-09-23 16:08:56 - client_scoring - INFO - Potentiels calculés basés sur 78093 clients top 25%
2025-09-23 16:08:56 - client_scoring - INFO - Calcul segmentation finale
2025-09-23 16:09:07 - client_scoring - INFO - === MÉTRIQUES DE QUALITÉ SCORING ===
2025-09-23 16:09:07 - client_scoring - INFO - Clients scorés : 312,440
2025-09-23 16:09:07 - client_scoring - INFO - Clusters analysés : 50
2025-09-23 16:09:07 - client_scoring - INFO - Score client moyen : 0.272
2025-09-23 16:09:07 - client_scoring - INFO - Potentiel total : 135,433,592€
2025-09-23 16:09:07 - client_scoring - INFO - Potentiel moyen/client : 433€
2025-09-23 16:09:07 - client_scoring - INFO - Couverture scoring : 100.0%
2025-09-23 16:09:07 - client_scoring - INFO - Couverture potentiel : 98.0%
2025-09-23 16:09:07 - client_scoring - INFO - Distribution segments :
2025-09-23 16:09:07 - client_scoring - INFO -   - A developper: 105,290 clients (33.7%)
2025-09-23 16:09:07 - client_scoring - INFO -   - A stimuler: 97,845 clients (31.3%)
2025-09-23 16:09:07 - client_scoring - INFO -   - A construire: 83,215 clients (26.6%)
2025-09-23 16:09:07 - client_scoring - INFO -   - A entretenir: 26,090 clients (8.4%)
2025-09-23 16:09:07 - client_scoring - INFO - Top 3 clusters par potentiel moyen :
2025-09-23 16:09:07 - client_scoring - INFO -   - 38-42_C4: 1,600€ (5065 clients)
2025-09-23 16:09:07 - client_scoring - INFO -   - 33-37_C5: 1,464€ (4199 clients)
2025-09-23 16:09:07 - client_scoring - INFO -   - 48-52_C1: 1,409€ (4704 clients)
2025-09-23 16:09:07 - client_scoring - INFO - Scoring terminé en 19.37s - 312440 clients scorés
2025-09-23 16:19:21 - client_scoring - INFO - ClientScoringEngine initialisé - Top clients: 25.0%
2025-09-23 16:19:21 - client_scoring - INFO - Début calcul scores clients intra-cluster
2025-09-23 16:19:21 - client_scoring - INFO - Données clusterisées : (312440, 12)
2025-09-23 16:19:21 - client_scoring - INFO - Données financières : (452792, 17)
2025-09-23 16:19:23 - client_scoring - INFO - Données fusionnées : (312440, 28)
2025-09-23 16:19:23 - client_scoring - INFO - Nettoyage colonne CLUSTER_GLOBAL
2025-09-23 16:19:24 - client_scoring - INFO - Validation groupby réussie : 50 groupes
2025-09-23 16:19:24 - client_scoring - INFO - Clients clusterisés retenus : 312440
2025-09-23 16:19:24 - client_scoring - INFO - Clusters uniques : 50
2025-09-23 16:19:24 - client_scoring - INFO - Préparation données financières
2025-09-23 16:19:24 - client_scoring - INFO - Colonnes PNB disponibles : ['PNB_COLL', 'PNB_CRED', 'PNB_SERV', 'PNB_ASSU']
2025-09-23 16:19:25 - client_scoring - INFO - Calcul pondération et normalisation PNB par cluster
2025-09-23 16:19:26 - client_scoring - INFO - Score client calculé avec 4 composantes
2025-09-23 16:19:26 - client_scoring - INFO - Calcul potentiels clients (top 25% par cluster)
2025-09-23 16:19:30 - client_scoring - INFO - Potentiels calculés basés sur 78093 clients top 25%
2025-09-23 16:19:30 - client_scoring - INFO - Calcul segmentation finale
2025-09-23 16:19:42 - client_scoring - INFO - === MÉTRIQUES DE QUALITÉ SCORING ===
2025-09-23 16:19:42 - client_scoring - INFO - Clients scorés : 312,440
2025-09-23 16:19:42 - client_scoring - INFO - Clusters analysés : 50
2025-09-23 16:19:42 - client_scoring - INFO - Score client moyen : 0.272
2025-09-23 16:19:42 - client_scoring - INFO - Potentiel total : 135,433,592€
2025-09-23 16:19:42 - client_scoring - INFO - Potentiel moyen/client : 433€
2025-09-23 16:19:42 - client_scoring - INFO - Couverture scoring : 100.0%
2025-09-23 16:19:42 - client_scoring - INFO - Couverture potentiel : 98.0%
2025-09-23 16:19:42 - client_scoring - INFO - Distribution segments :
2025-09-23 16:19:42 - client_scoring - INFO -   - A developper: 105,290 clients (33.7%)
2025-09-23 16:19:42 - client_scoring - INFO -   - A stimuler: 97,845 clients (31.3%)
2025-09-23 16:19:42 - client_scoring - INFO -   - A construire: 83,215 clients (26.6%)
2025-09-23 16:19:42 - client_scoring - INFO -   - A entretenir: 26,090 clients (8.4%)
2025-09-23 16:19:42 - client_scoring - INFO - Top 3 clusters par potentiel moyen :
2025-09-23 16:19:42 - client_scoring - INFO -   - 38-42_C4: 1,600€ (5065 clients)
2025-09-23 16:19:42 - client_scoring - INFO -   - 33-37_C5: 1,464€ (4199 clients)
2025-09-23 16:19:42 - client_scoring - INFO -   - 48-52_C1: 1,409€ (4704 clients)
2025-09-23 16:19:42 - client_scoring - INFO - Scoring terminé en 20.28s - 312440 clients scorés
2025-09-23 16:24:04 - client_scoring - INFO - Logger client_scoring configuré - Fichier: /data/FCP10/Donnees/MC/explo/FCP10_MLCDP_WAX647/code/Prod/SEGPOTDYN/logs/client_scoring_20250923.log
2025-09-23 16:24:04 - client_scoring - INFO - ClientScoringEngine initialisé - Top clients: 25.0%
2025-09-23 16:24:04 - client_scoring - INFO - Début calcul scores clients intra-cluster
2025-09-23 16:24:04 - client_scoring - INFO - Données clusterisées : (312440, 12)
2025-09-23 16:24:04 - client_scoring - INFO - Données financières : (452792, 17)
2025-09-23 16:24:05 - client_scoring - INFO - Données fusionnées : (312440, 28)
2025-09-23 16:24:05 - client_scoring - INFO - Nettoyage colonne CLUSTER_GLOBAL
2025-09-23 16:24:05 - client_scoring - INFO - Validation groupby réussie : 50 groupes
2025-09-23 16:24:06 - client_scoring - INFO - Clients clusterisés retenus : 312440
2025-09-23 16:24:06 - client_scoring - INFO - Clusters uniques : 50
2025-09-23 16:24:06 - client_scoring - INFO - Préparation données financières
2025-09-23 16:24:06 - client_scoring - INFO - Colonnes PNB disponibles : ['PNB_COLL', 'PNB_CRED', 'PNB_SERV', 'PNB_ASSU']
2025-09-23 16:24:06 - client_scoring - INFO - Calcul pondération et normalisation PNB par cluster
2025-09-23 16:24:08 - client_scoring - INFO - Score client calculé avec 4 composantes
2025-09-23 16:24:08 - client_scoring - INFO - Calcul potentiels clients (top 25% par cluster)
2025-09-23 16:24:11 - client_scoring - INFO - Potentiels calculés basés sur 78093 clients top 25%
2025-09-23 16:24:11 - client_scoring - INFO - Calcul segmentation finale
2025-09-23 16:24:22 - client_scoring - INFO - === MÉTRIQUES DE QUALITÉ SCORING ===
2025-09-23 16:24:22 - client_scoring - INFO - Clients scorés : 312,440
2025-09-23 16:24:22 - client_scoring - INFO - Clusters analysés : 50
2025-09-23 16:24:22 - client_scoring - INFO - Score client moyen : 0.272
2025-09-23 16:24:22 - client_scoring - INFO - Potentiel total : 135,433,592€
2025-09-23 16:24:22 - client_scoring - INFO - Potentiel moyen/client : 433€
2025-09-23 16:24:22 - client_scoring - INFO - Couverture scoring : 100.0%
2025-09-23 16:24:22 - client_scoring - INFO - Couverture potentiel : 98.0%
2025-09-23 16:24:22 - client_scoring - INFO - Distribution segments :
2025-09-23 16:24:22 - client_scoring - INFO -   - A developper: 105,290 clients (33.7%)
2025-09-23 16:24:22 - client_scoring - INFO -   - A stimuler: 97,845 clients (31.3%)
2025-09-23 16:24:22 - client_scoring - INFO -   - A construire: 83,215 clients (26.6%)
2025-09-23 16:24:22 - client_scoring - INFO -   - A entretenir: 26,090 clients (8.4%)
2025-09-23 16:24:22 - client_scoring - INFO - Top 3 clusters par potentiel moyen :
2025-09-23 16:24:22 - client_scoring - INFO -   - 38-42_C4: 1,600€ (5065 clients)
2025-09-23 16:24:22 - client_scoring - INFO -   - 33-37_C5: 1,464€ (4199 clients)
2025-09-23 16:24:22 - client_scoring - INFO -   - 48-52_C1: 1,409€ (4704 clients)
2025-09-23 16:24:22 - client_scoring - INFO - Scoring terminé en 18.15s - 312440 clients scorés
2025-09-23 16:38:32 - client_scoring - INFO - Logger client_scoring configuré - Fichier: /data/FCP10/Donnees/MC/explo/FCP10_MLCDP_WAX647/code/Prod/SEGPOTDYN/logs/client_scoring_20250923.log
2025-09-23 16:38:32 - client_scoring - INFO - ClientScoringEngine initialisé - Top clients: 25.0%
2025-09-23 16:38:32 - client_scoring - INFO - Début calcul scores clients intra-cluster
2025-09-23 16:38:32 - client_scoring - INFO - Données clusterisées : (312440, 12)
2025-09-23 16:38:32 - client_scoring - INFO - Données financières : (452792, 17)
2025-09-23 16:38:34 - client_scoring - INFO - Données fusionnées : (312440, 28)
2025-09-23 16:38:34 - client_scoring - INFO - Nettoyage colonne CLUSTER_GLOBAL
2025-09-23 16:38:34 - client_scoring - INFO - Validation groupby réussie : 50 groupes
2025-09-23 16:38:35 - client_scoring - INFO - Clients clusterisés retenus : 312440
2025-09-23 16:38:35 - client_scoring - INFO - Clusters uniques : 50
2025-09-23 16:38:35 - client_scoring - INFO - Préparation données financières
2025-09-23 16:38:35 - client_scoring - INFO - Colonnes PNB disponibles : ['PNB_COLL', 'PNB_CRED', 'PNB_SERV', 'PNB_ASSU']
2025-09-23 16:38:35 - client_scoring - INFO - Calcul pondération et normalisation PNB par cluster
2025-09-23 16:38:37 - client_scoring - INFO - Score client calculé avec 4 composantes
2025-09-23 16:38:37 - client_scoring - INFO - Calcul potentiels clients (top 25% par cluster)
2025-09-23 16:38:40 - client_scoring - INFO - Potentiels calculés basés sur 78093 clients top 25%
2025-09-23 16:38:40 - client_scoring - INFO - Calcul segmentation finale
2025-09-23 16:38:51 - client_scoring - INFO - === MÉTRIQUES DE QUALITÉ SCORING ===
2025-09-23 16:38:51 - client_scoring - INFO - Clients scorés : 312,440
2025-09-23 16:38:51 - client_scoring - INFO - Clusters analysés : 50
2025-09-23 16:38:51 - client_scoring - INFO - Score client moyen : 0.272
2025-09-23 16:38:51 - client_scoring - INFO - Potentiel total : 135,433,592€
2025-09-23 16:38:51 - client_scoring - INFO - Potentiel moyen/client : 433€
2025-09-23 16:38:51 - client_scoring - INFO - Couverture scoring : 100.0%
2025-09-23 16:38:51 - client_scoring - INFO - Couverture potentiel : 98.0%
2025-09-23 16:38:51 - client_scoring - INFO - Distribution segments :
2025-09-23 16:38:51 - client_scoring - INFO -   - A developper: 105,290 clients (33.7%)
2025-09-23 16:38:51 - client_scoring - INFO -   - A stimuler: 97,845 clients (31.3%)
2025-09-23 16:38:51 - client_scoring - INFO -   - A construire: 83,215 clients (26.6%)
2025-09-23 16:38:51 - client_scoring - INFO -   - A entretenir: 26,090 clients (8.4%)
2025-09-23 16:38:51 - client_scoring - INFO - Top 3 clusters par potentiel moyen :
2025-09-23 16:38:51 - client_scoring - INFO -   - 38-42_C4: 1,600€ (5065 clients)
2025-09-23 16:38:51 - client_scoring - INFO -   - 33-37_C5: 1,464€ (4199 clients)
2025-09-23 16:38:51 - client_scoring - INFO -   - 48-52_C1: 1,409€ (4704 clients)
2025-09-23 16:38:51 - client_scoring - INFO - Scoring terminé en 19.01s - 312440 clients scorés
2025-09-23 16:38:52 - client_scoring - INFO - Export CSV simple créé : /data/FCP10/Donnees/MC/explo/FCP10_MLCDP_WAX647/code/Prod/SEGPOTDYN/models/client_data_simple_20250923_163851.csv
2025-09-23 16:38:52 - client_scoring - INFO - Données exportées : 312440 clients
2025-09-23 16:38:52 - client_scoring - INFO - Colonnes : clientId, segmentNumber, pnbPercentage, scoreCredit, scoreBAQ, scoreAssurance, scoreEpargne
2025-09-23 16:52:28 - client_scoring - INFO - Logger client_scoring configuré - Fichier: /data/FCP10/Donnees/MC/explo/FCP10_MLCDP_WAX647/code/Prod/SEGPOTDYN/logs/client_scoring_20250923.log
2025-09-23 16:52:28 - client_scoring - INFO - ClientScoringEngine initialisé - Top clients: 25.0%
2025-09-23 16:52:28 - client_scoring - INFO - Début calcul scores clients intra-cluster
2025-09-23 16:52:28 - client_scoring - INFO - Données clusterisées : (312440, 12)
2025-09-23 16:52:28 - client_scoring - INFO - Données financières : (452792, 17)
2025-09-23 16:52:29 - client_scoring - INFO - Données fusionnées : (312440, 28)
2025-09-23 16:52:29 - client_scoring - INFO - Nettoyage colonne CLUSTER_GLOBAL
2025-09-23 16:52:29 - client_scoring - INFO - Validation groupby réussie : 50 groupes
2025-09-23 16:52:30 - client_scoring - INFO - Clients clusterisés retenus : 312440
2025-09-23 16:52:30 - client_scoring - INFO - Clusters uniques : 50
2025-09-23 16:52:30 - client_scoring - INFO - Préparation données financières
2025-09-23 16:52:30 - client_scoring - INFO - Colonnes PNB disponibles : ['PNB_COLL', 'PNB_CRED', 'PNB_SERV', 'PNB_ASSU']
2025-09-23 16:52:31 - client_scoring - INFO - Calcul pondération et normalisation PNB par cluster
2025-09-23 16:52:32 - client_scoring - INFO - Score client calculé avec 4 composantes
2025-09-23 16:52:32 - client_scoring - INFO - Calcul potentiels clients (top 25% par cluster)
2025-09-23 16:52:35 - client_scoring - INFO - Potentiels calculés basés sur 78093 clients top 25%
2025-09-23 16:52:35 - client_scoring - INFO - Calcul segmentation finale
2025-09-23 16:52:47 - client_scoring - INFO - === MÉTRIQUES DE QUALITÉ SCORING ===
2025-09-23 16:52:47 - client_scoring - INFO - Clients scorés : 312,440
2025-09-23 16:52:47 - client_scoring - INFO - Clusters analysés : 50
2025-09-23 16:52:47 - client_scoring - INFO - Score client moyen : 0.272
2025-09-23 16:52:47 - client_scoring - INFO - Potentiel total : 135,433,592€
2025-09-23 16:52:47 - client_scoring - INFO - Potentiel moyen/client : 433€
2025-09-23 16:52:47 - client_scoring - INFO - Couverture scoring : 100.0%
2025-09-23 16:52:47 - client_scoring - INFO - Couverture potentiel : 98.0%
2025-09-23 16:52:47 - client_scoring - INFO - Distribution segments :
2025-09-23 16:52:47 - client_scoring - INFO -   - A developper: 105,290 clients (33.7%)
2025-09-23 16:52:47 - client_scoring - INFO -   - A stimuler: 97,845 clients (31.3%)
2025-09-23 16:52:47 - client_scoring - INFO -   - A construire: 83,215 clients (26.6%)
2025-09-23 16:52:47 - client_scoring - INFO -   - A entretenir: 26,090 clients (8.4%)
2025-09-23 16:52:47 - client_scoring - INFO - Top 3 clusters par potentiel moyen :
2025-09-23 16:52:47 - client_scoring - INFO -   - 38-42_C4: 1,600€ (5065 clients)
2025-09-23 16:52:47 - client_scoring - INFO -   - 33-37_C5: 1,464€ (4199 clients)
2025-09-23 16:52:47 - client_scoring - INFO -   - 48-52_C1: 1,409€ (4704 clients)
2025-09-23 16:52:47 - client_scoring - INFO - Scoring terminé en 19.05s - 312440 clients scorés
2025-09-23 16:52:48 - client_scoring - INFO - Export CSV simple créé : /data/FCP10/Donnees/MC/explo/FCP10_MLCDP_WAX647/code/Prod/SEGPOTDYN/models/client_data_simple_20250923_165247.csv
2025-09-23 16:52:48 - client_scoring - INFO - Données exportées : 312440 clients
2025-09-23 16:52:48 - client_scoring - INFO - Colonnes : clientId, segmentNumber, pnbPercentage, scoreCredit, scoreBAQ, scoreAssurance, scoreEpargne
