2025-10-13 10:57:47 - client_scoring - INFO - Logger client_scoring configuré - Fichier: /data/FCP10/Donnees/MC/explo/FCP10_MLCDP_WAX647/code/Prod/SEGPOTDYN/logs/client_scoring_20251013.log
2025-10-13 10:57:47 - client_scoring - INFO - ClientScoringEngine initialisé - Top clients: 25.0%
2025-10-13 10:57:47 - client_scoring - INFO - Début calcul scores clients intra-cluster
2025-10-13 10:57:47 - client_scoring - INFO - Données clusterisées : (312707, 12)
2025-10-13 10:57:47 - client_scoring - INFO - Données financières : (452792, 17)
2025-10-13 10:57:48 - client_scoring - INFO - Données fusionnées : (311624, 28)
2025-10-13 10:57:48 - client_scoring - INFO - Nettoyage colonne CLUSTER_GLOBAL
2025-10-13 10:57:49 - client_scoring - INFO - Validation groupby réussie : 50 groupes
2025-10-13 10:57:49 - client_scoring - INFO - Clients clusterisés retenus : 311624
2025-10-13 10:57:49 - client_scoring - INFO - Clusters uniques : 50
2025-10-13 10:57:50 - client_scoring - INFO - Préparation données financières
2025-10-13 10:57:50 - client_scoring - INFO - Colonnes PNB disponibles : ['PNB_COLL', 'PNB_CRED', 'PNB_SERV', 'PNB_ASSU']
2025-10-13 10:57:51 - client_scoring - INFO - Variable détention CD_NOTE_UNVRS_ASSU préparée
2025-10-13 10:57:51 - client_scoring - INFO - Variable détention CD_NOTE_UNVRS_CRED préparée
2025-10-13 10:57:52 - client_scoring - INFO - Variable détention CD_NOTE_UNVRS_EPRGN préparée
2025-10-13 10:57:52 - client_scoring - INFO - Variable détention CD_NOTE_UNVRS_SERV préparée
2025-10-13 10:57:53 - client_scoring - INFO - Variable détention CD_NOTE_POIDS_UNVRS préparée
2025-10-13 10:57:53 - client_scoring - INFO - Calcul pondération et normalisation PNB par cluster
2025-10-13 10:57:53 - client_scoring - INFO - Score client calculé avec 4 composantes
2025-10-13 10:57:53 - client_scoring - INFO - Calcul potentiels clients (top 25% par cluster)
2025-10-13 10:57:55 - client_scoring - INFO - Potentiels calculés basés sur 77885 clients top 25%
2025-10-13 10:57:55 - client_scoring - INFO - Calcul segmentation finale
2025-10-13 10:58:06 - client_scoring - INFO - === MÉTRIQUES DE QUALITÉ SCORING ===
2025-10-13 10:58:06 - client_scoring - INFO - Clients scorés : 311,624
2025-10-13 10:58:06 - client_scoring - INFO - Clusters analysés : 50
2025-10-13 10:58:06 - client_scoring - INFO - Score client moyen : 0.272
2025-10-13 10:58:06 - client_scoring - INFO - Potentiel total : 107,372,472€
2025-10-13 10:58:06 - client_scoring - INFO - Potentiel moyen/client : 345€
2025-10-13 10:58:06 - client_scoring - INFO - Couverture scoring : 100.0%
2025-10-13 10:58:06 - client_scoring - INFO - Couverture potentiel : 97.6%
2025-10-13 10:58:06 - client_scoring - INFO - Distribution segments :
2025-10-13 10:58:06 - client_scoring - INFO -   - A developper: 105,177 clients (33.8%)
2025-10-13 10:58:06 - client_scoring - INFO -   - A stimuler: 97,566 clients (31.3%)
2025-10-13 10:58:06 - client_scoring - INFO -   - A construire: 82,808 clients (26.6%)
2025-10-13 10:58:06 - client_scoring - INFO -   - A entretenir: 26,073 clients (8.4%)
2025-10-13 10:58:06 - client_scoring - INFO - Top 3 clusters par potentiel moyen :
2025-10-13 10:58:06 - client_scoring - INFO -   - 43-47_C1: 930€ (3250 clients)
2025-10-13 10:58:06 - client_scoring - INFO -   - 38-42_C5: 887€ (2601 clients)
2025-10-13 10:58:06 - client_scoring - INFO -   - 33-37_C4: 875€ (2283 clients)
2025-10-13 10:58:06 - client_scoring - INFO - Scoring terminé en 18.63s - 311624 clients scorés
2025-10-13 11:16:06 - client_scoring - INFO - Logger client_scoring configuré - Fichier: /data/FCP10/Donnees/MC/explo/FCP10_MLCDP_WAX647/code/Prod/SEGPOTDYN/logs/client_scoring_20251013.log
2025-10-13 11:16:06 - client_scoring - INFO - ClientScoringEngine initialisé - Top clients: 25.0%
2025-10-13 11:16:06 - client_scoring - INFO - Début calcul scores clients intra-cluster
2025-10-13 11:16:06 - client_scoring - INFO - Données clusterisées : (312707, 12)
2025-10-13 11:16:06 - client_scoring - INFO - Données financières : (452792, 17)
2025-10-13 11:16:07 - client_scoring - INFO - Données fusionnées : (311624, 28)
2025-10-13 11:16:07 - client_scoring - INFO - Nettoyage colonne CLUSTER_GLOBAL
2025-10-13 11:16:08 - client_scoring - INFO - Validation groupby réussie : 50 groupes
2025-10-13 11:16:08 - client_scoring - INFO - Clients clusterisés retenus : 311624
2025-10-13 11:16:08 - client_scoring - INFO - Clusters uniques : 50
2025-10-13 11:16:08 - client_scoring - INFO - Préparation données financières
2025-10-13 11:16:08 - client_scoring - INFO - Colonnes PNB disponibles : ['PNB_COLL', 'PNB_CRED', 'PNB_SERV', 'PNB_ASSU']
2025-10-13 11:16:09 - client_scoring - INFO - Variable détention CD_NOTE_UNVRS_ASSU préparée
2025-10-13 11:16:10 - client_scoring - INFO - Variable détention CD_NOTE_UNVRS_CRED préparée
2025-10-13 11:16:10 - client_scoring - INFO - Variable détention CD_NOTE_UNVRS_EPRGN préparée
2025-10-13 11:16:11 - client_scoring - INFO - Variable détention CD_NOTE_UNVRS_SERV préparée
2025-10-13 11:16:11 - client_scoring - INFO - Variable détention CD_NOTE_POIDS_UNVRS préparée
2025-10-13 11:16:11 - client_scoring - INFO - Calcul pondération et normalisation PNB par cluster
2025-10-13 11:16:12 - client_scoring - INFO - Score client calculé avec 4 composantes
2025-10-13 11:16:12 - client_scoring - INFO - Calcul potentiels clients (top 25% par cluster)
2025-10-13 11:16:14 - client_scoring - INFO - Potentiels calculés basés sur 77885 clients top 25%
2025-10-13 11:16:14 - client_scoring - INFO - Calcul segmentation finale
2025-10-13 11:16:25 - client_scoring - INFO - === MÉTRIQUES DE QUALITÉ SCORING ===
2025-10-13 11:16:25 - client_scoring - INFO - Clients scorés : 311,624
2025-10-13 11:16:25 - client_scoring - INFO - Clusters analysés : 50
2025-10-13 11:16:25 - client_scoring - INFO - Score client moyen : 0.272
2025-10-13 11:16:25 - client_scoring - INFO - Potentiel total : 107,328,457€
2025-10-13 11:16:25 - client_scoring - INFO - Potentiel moyen/client : 344€
2025-10-13 11:16:25 - client_scoring - INFO - Couverture scoring : 100.0%
2025-10-13 11:16:25 - client_scoring - INFO - Couverture potentiel : 97.6%
2025-10-13 11:16:25 - client_scoring - INFO - Distribution segments :
2025-10-13 11:16:25 - client_scoring - INFO -   - A developper: 105,163 clients (33.7%)
2025-10-13 11:16:25 - client_scoring - INFO -   - A stimuler: 97,602 clients (31.3%)
2025-10-13 11:16:25 - client_scoring - INFO -   - A construire: 82,785 clients (26.6%)
2025-10-13 11:16:25 - client_scoring - INFO -   - A entretenir: 26,074 clients (8.4%)
2025-10-13 11:16:25 - client_scoring - INFO - Top 3 clusters par potentiel moyen :
2025-10-13 11:16:25 - client_scoring - INFO -   - 43-47_C1: 930€ (3250 clients)
2025-10-13 11:16:25 - client_scoring - INFO -   - 38-42_C5: 887€ (2601 clients)
2025-10-13 11:16:25 - client_scoring - INFO -   - 33-37_C4: 875€ (2283 clients)
2025-10-13 11:16:25 - client_scoring - INFO - Scoring terminé en 18.38s - 311624 clients scorés
