2025-09-19 10:27:00 - client_scoring - INFO - Logger client_scoring configuré - Fichier: /data/FCP10/Donnees/MC/explo/FCP10_MLCDP_WAX647/code/Prod/SEGPOTDYN/logs/client_scoring_20250919.log
2025-09-19 10:27:00 - client_scoring - INFO - ClientScoringEngine initialisé - Top clients: 25.0%
2025-09-19 10:27:00 - client_scoring - INFO - Début calcul scores clients intra-cluster
2025-09-19 10:27:00 - client_scoring - INFO - Données clusterisées : (312412, 12)
2025-09-19 10:27:00 - client_scoring - INFO - Données financières : (452792, 17)
2025-09-19 10:27:02 - client_scoring - INFO - Données fusionnées : (312356, 28)
2025-09-19 10:27:02 - client_scoring - INFO - Nettoyage colonne CLUSTER_GLOBAL
2025-09-19 10:27:02 - client_scoring - INFO - Validation groupby réussie : 50 groupes
2025-09-19 10:27:03 - client_scoring - INFO - Clients clusterisés retenus : 312356
2025-09-19 10:27:03 - client_scoring - INFO - Clusters uniques : 50
2025-09-19 10:27:03 - client_scoring - INFO - Préparation données financières
2025-09-19 10:27:03 - client_scoring - INFO - Colonnes PNB disponibles : ['PNB_COLL', 'PNB_CRED', 'PNB_SERV', 'PNB_ASSU']
2025-09-19 10:27:04 - client_scoring - INFO - Calcul pondération et normalisation PNB par cluster
2025-09-19 10:27:05 - client_scoring - INFO - Score client calculé avec 4 composantes
2025-09-19 10:27:05 - client_scoring - INFO - Calcul potentiels clients (top 25% par cluster)
2025-09-19 10:27:08 - client_scoring - INFO - Potentiels calculés basés sur 78069 clients top 25%
2025-09-19 10:27:08 - client_scoring - INFO - Calcul segmentation finale
2025-09-19 10:27:19 - client_scoring - INFO - === MÉTRIQUES DE QUALITÉ SCORING ===
2025-09-19 10:27:19 - client_scoring - INFO - Clients scorés : 312,356
2025-09-19 10:27:19 - client_scoring - INFO - Clusters analysés : 50
2025-09-19 10:27:19 - client_scoring - INFO - Score client moyen : 0.268
2025-09-19 10:27:19 - client_scoring - INFO - Potentiel total : 137,439,790€
2025-09-19 10:27:19 - client_scoring - INFO - Potentiel moyen/client : 440€
2025-09-19 10:27:19 - client_scoring - INFO - Couverture scoring : 100.0%
2025-09-19 10:27:19 - client_scoring - INFO - Couverture potentiel : 98.0%
2025-09-19 10:27:19 - client_scoring - INFO - Distribution segments :
2025-09-19 10:27:19 - client_scoring - INFO -   - A developper: 105,862 clients (33.9%)
2025-09-19 10:27:19 - client_scoring - INFO -   - A stimuler: 97,458 clients (31.2%)
2025-09-19 10:27:19 - client_scoring - INFO -   - A construire: 83,035 clients (26.6%)
2025-09-19 10:27:19 - client_scoring - INFO -   - A entretenir: 26,001 clients (8.3%)
2025-09-19 10:27:19 - client_scoring - INFO - Top 3 clusters par potentiel moyen :
2025-09-19 10:27:19 - client_scoring - INFO -   - 38-42_C4: 1,600€ (5060 clients)
2025-09-19 10:27:19 - client_scoring - INFO -   - 33-37_C3: 1,464€ (4198 clients)
2025-09-19 10:27:19 - client_scoring - INFO -   - 48-52_C3: 1,408€ (4705 clients)
2025-09-19 10:27:19 - client_scoring - INFO - Scoring terminé en 18.82s - 312356 clients scorés
2025-09-19 13:52:21 - client_scoring - INFO - Logger client_scoring configuré - Fichier: /data/FCP10/Donnees/MC/explo/FCP10_MLCDP_WAX647/code/Prod/SEGPOTDYN/logs/client_scoring_20250919.log
2025-09-19 13:52:21 - client_scoring - INFO - ClientScoringEngine initialisé - Top clients: 25.0%
2025-09-19 13:52:21 - client_scoring - INFO - Début calcul scores clients intra-cluster
2025-09-19 13:52:21 - client_scoring - INFO - Données clusterisées : (312412, 12)
2025-09-19 13:52:21 - client_scoring - INFO - Données financières : (452792, 17)
2025-09-19 13:52:22 - client_scoring - INFO - Données fusionnées : (312356, 28)
2025-09-19 13:52:22 - client_scoring - INFO - Nettoyage colonne CLUSTER_GLOBAL
2025-09-19 13:52:22 - client_scoring - INFO - Validation groupby réussie : 50 groupes
2025-09-19 13:52:23 - client_scoring - INFO - Clients clusterisés retenus : 312356
2025-09-19 13:52:23 - client_scoring - INFO - Clusters uniques : 50
2025-09-19 13:52:23 - client_scoring - INFO - Préparation données financières
2025-09-19 13:52:23 - client_scoring - INFO - Colonnes PNB disponibles : ['PNB_COLL', 'PNB_CRED', 'PNB_SERV', 'PNB_ASSU']
2025-09-19 13:52:24 - client_scoring - INFO - Calcul pondération et normalisation PNB par cluster
2025-09-19 13:52:25 - client_scoring - INFO - Score client calculé avec 4 composantes
2025-09-19 13:52:25 - client_scoring - INFO - Calcul potentiels clients (top 25% par cluster)
2025-09-19 13:52:28 - client_scoring - INFO - Potentiels calculés basés sur 78069 clients top 25%
2025-09-19 13:52:28 - client_scoring - INFO - Calcul segmentation finale
2025-09-19 13:52:40 - client_scoring - INFO - === MÉTRIQUES DE QUALITÉ SCORING ===
2025-09-19 13:52:40 - client_scoring - INFO - Clients scorés : 312,356
2025-09-19 13:52:40 - client_scoring - INFO - Clusters analysés : 50
2025-09-19 13:52:40 - client_scoring - INFO - Score client moyen : 0.272
2025-09-19 13:52:40 - client_scoring - INFO - Potentiel total : 135,400,368€
2025-09-19 13:52:40 - client_scoring - INFO - Potentiel moyen/client : 433€
2025-09-19 13:52:40 - client_scoring - INFO - Couverture scoring : 100.0%
2025-09-19 13:52:40 - client_scoring - INFO - Couverture potentiel : 98.0%
2025-09-19 13:52:40 - client_scoring - INFO - Distribution segments :
2025-09-19 13:52:40 - client_scoring - INFO -   - A developper: 105,316 clients (33.7%)
2025-09-19 13:52:40 - client_scoring - INFO -   - A stimuler: 97,779 clients (31.3%)
2025-09-19 13:52:40 - client_scoring - INFO -   - A construire: 83,170 clients (26.6%)
2025-09-19 13:52:40 - client_scoring - INFO -   - A entretenir: 26,091 clients (8.4%)
2025-09-19 13:52:40 - client_scoring - INFO - Top 3 clusters par potentiel moyen :
2025-09-19 13:52:40 - client_scoring - INFO -   - 38-42_C4: 1,600€ (5060 clients)
2025-09-19 13:52:40 - client_scoring - INFO -   - 33-37_C5: 1,464€ (4198 clients)
2025-09-19 13:52:40 - client_scoring - INFO -   - 48-52_C1: 1,408€ (4705 clients)
2025-09-19 13:52:40 - client_scoring - INFO - Scoring terminé en 19.06s - 312356 clients scorés
2025-09-19 14:07:44 - client_scoring - INFO - Logger client_scoring configuré - Fichier: /data/FCP10/Donnees/MC/explo/FCP10_MLCDP_WAX647/code/Prod/SEGPOTDYN/logs/client_scoring_20250919.log
2025-09-19 14:07:44 - client_scoring - INFO - ClientScoringEngine initialisé - Top clients: 25.0%
2025-09-19 14:07:44 - client_scoring - INFO - Début calcul scores clients intra-cluster
2025-09-19 14:07:44 - client_scoring - INFO - Données clusterisées : (312412, 12)
2025-09-19 14:07:44 - client_scoring - INFO - Données financières : (452792, 17)
2025-09-19 14:07:45 - client_scoring - INFO - Données fusionnées : (312356, 28)
2025-09-19 14:07:45 - client_scoring - INFO - Nettoyage colonne CLUSTER_GLOBAL
2025-09-19 14:07:46 - client_scoring - INFO - Validation groupby réussie : 50 groupes
2025-09-19 14:07:46 - client_scoring - INFO - Clients clusterisés retenus : 312356
2025-09-19 14:07:46 - client_scoring - INFO - Clusters uniques : 50
2025-09-19 14:07:46 - client_scoring - INFO - Préparation données financières
2025-09-19 14:07:46 - client_scoring - INFO - Colonnes PNB disponibles : ['PNB_COLL', 'PNB_CRED', 'PNB_SERV', 'PNB_ASSU']
2025-09-19 14:07:47 - client_scoring - INFO - Calcul pondération et normalisation PNB par cluster
2025-09-19 14:07:48 - client_scoring - INFO - Score client calculé avec 4 composantes
2025-09-19 14:07:48 - client_scoring - INFO - Calcul potentiels clients (top 25% par cluster)
2025-09-19 14:07:52 - client_scoring - INFO - Potentiels calculés basés sur 78069 clients top 25%
2025-09-19 14:07:52 - client_scoring - INFO - Calcul segmentation finale
2025-09-19 14:08:03 - client_scoring - INFO - === MÉTRIQUES DE QUALITÉ SCORING ===
2025-09-19 14:08:03 - client_scoring - INFO - Clients scorés : 312,356
2025-09-19 14:08:03 - client_scoring - INFO - Clusters analysés : 50
2025-09-19 14:08:03 - client_scoring - INFO - Score client moyen : 0.273
2025-09-19 14:08:03 - client_scoring - INFO - Potentiel total : 135,655,633€
2025-09-19 14:08:03 - client_scoring - INFO - Potentiel moyen/client : 434€
2025-09-19 14:08:03 - client_scoring - INFO - Couverture scoring : 100.0%
2025-09-19 14:08:03 - client_scoring - INFO - Couverture potentiel : 98.1%
2025-09-19 14:08:03 - client_scoring - INFO - Distribution segments :
2025-09-19 14:08:03 - client_scoring - INFO -   - A developper: 105,284 clients (33.7%)
2025-09-19 14:08:03 - client_scoring - INFO -   - A stimuler: 97,827 clients (31.3%)
2025-09-19 14:08:03 - client_scoring - INFO -   - A construire: 83,152 clients (26.6%)
2025-09-19 14:08:03 - client_scoring - INFO -   - A entretenir: 26,093 clients (8.4%)
2025-09-19 14:08:03 - client_scoring - INFO - Top 3 clusters par potentiel moyen :
2025-09-19 14:08:03 - client_scoring - INFO -   - 38-42_C4: 1,600€ (5060 clients)
2025-09-19 14:08:03 - client_scoring - INFO -   - 33-37_C5: 1,464€ (4198 clients)
2025-09-19 14:08:03 - client_scoring - INFO -   - 48-52_C1: 1,408€ (4705 clients)
2025-09-19 14:08:03 - client_scoring - INFO - Scoring terminé en 18.66s - 312356 clients scorés
2025-09-19 15:00:55 - client_scoring - INFO - Logger client_scoring configuré - Fichier: /data/FCP10/Donnees/MC/explo/FCP10_MLCDP_WAX647/code/Prod/SEGPOTDYN/logs/client_scoring_20250919.log
2025-09-19 15:00:55 - client_scoring - INFO - ClientScoringEngine initialisé - Top clients: 25.0%
2025-09-19 15:00:55 - client_scoring - INFO - Début calcul scores clients intra-cluster
2025-09-19 15:00:55 - client_scoring - INFO - Données clusterisées : (312412, 12)
2025-09-19 15:00:55 - client_scoring - INFO - Données financières : (452792, 17)
2025-09-19 15:00:57 - client_scoring - INFO - Données fusionnées : (312356, 28)
2025-09-19 15:00:57 - client_scoring - INFO - Nettoyage colonne CLUSTER_GLOBAL
2025-09-19 15:00:57 - client_scoring - INFO - Validation groupby réussie : 50 groupes
2025-09-19 15:00:58 - client_scoring - INFO - Clients clusterisés retenus : 312356
2025-09-19 15:00:58 - client_scoring - INFO - Clusters uniques : 50
2025-09-19 15:00:58 - client_scoring - INFO - Préparation données financières
2025-09-19 15:00:58 - client_scoring - INFO - Colonnes PNB disponibles : ['PNB_COLL', 'PNB_CRED', 'PNB_SERV', 'PNB_ASSU']
2025-09-19 15:00:59 - client_scoring - INFO - Calcul pondération et normalisation PNB par cluster
2025-09-19 15:01:00 - client_scoring - INFO - Score client calculé avec 4 composantes
2025-09-19 15:01:00 - client_scoring - INFO - Calcul potentiels clients (top 25% par cluster)
2025-09-19 15:01:05 - client_scoring - INFO - Potentiels calculés basés sur 78067 clients top 25%
2025-09-19 15:01:05 - client_scoring - INFO - Calcul segmentation finale
2025-09-19 15:01:16 - client_scoring - INFO - === MÉTRIQUES DE QUALITÉ SCORING ===
2025-09-19 15:01:16 - client_scoring - INFO - Clients scorés : 312,356
2025-09-19 15:01:16 - client_scoring - INFO - Clusters analysés : 50
2025-09-19 15:01:16 - client_scoring - INFO - Score client moyen : 0.273
2025-09-19 15:01:16 - client_scoring - INFO - Potentiel total : 135,475,183€
2025-09-19 15:01:16 - client_scoring - INFO - Potentiel moyen/client : 434€
2025-09-19 15:01:16 - client_scoring - INFO - Couverture scoring : 100.0%
2025-09-19 15:01:16 - client_scoring - INFO - Couverture potentiel : 98.1%
2025-09-19 15:01:16 - client_scoring - INFO - Distribution segments :
2025-09-19 15:01:16 - client_scoring - INFO -   - A developper: 105,334 clients (33.7%)
2025-09-19 15:01:16 - client_scoring - INFO -   - A stimuler: 97,756 clients (31.3%)
2025-09-19 15:01:16 - client_scoring - INFO -   - A construire: 83,192 clients (26.6%)
2025-09-19 15:01:16 - client_scoring - INFO -   - A entretenir: 26,074 clients (8.3%)
2025-09-19 15:01:16 - client_scoring - INFO - Top 3 clusters par potentiel moyen :
2025-09-19 15:01:16 - client_scoring - INFO -   - 38-42_C4: 1,600€ (5060 clients)
2025-09-19 15:01:16 - client_scoring - INFO -   - 33-37_C5: 1,464€ (4198 clients)
2025-09-19 15:01:16 - client_scoring - INFO -   - 48-52_C1: 1,408€ (4705 clients)
2025-09-19 15:01:16 - client_scoring - INFO - Scoring terminé en 21.25s - 312356 clients scorés
