2025-09-24 09:22:40 - data_extractor - INFO - Logger data_extractor configuré - Fichier: /data/FCP10/Donnees/MC/explo/FCP10_MLCDP_WAX647/code/Prod/SEGPOTDYN/logs/data_extractor_20250924.log
2025-09-24 09:22:40 - data_extractor - INFO - DataExtractor initialisé - Cache: True
2025-09-24 09:22:40 - data_extractor - INFO - Début extraction complète
2025-09-24 09:22:40 - data_extractor - INFO - Chargement données socles depuis le cache
2025-09-24 09:22:40 - data_extractor - INFO - Chargement données organisationnelles depuis le cache
2025-09-24 09:22:41 - data_extractor - INFO - Chargement données financières depuis le cache
2025-09-24 09:22:43 - data_extractor - INFO - Données organisationnelles fusionnées
2025-09-24 09:22:44 - data_extractor - INFO - Données financières fusionnées
2025-09-24 09:22:44 - data_extractor - INFO - Extraction complète terminée : 312,440 lignes, 30 colonnes
2025-09-24 09:24:21 - data_extractor - INFO - Logger data_extractor configuré - Fichier: /data/FCP10/Donnees/MC/explo/FCP10_MLCDP_WAX647/code/Prod/SEGPOTDYN/logs/data_extractor_20250924.log
2025-09-24 09:24:21 - data_extractor - INFO - DataExtractor initialisé - Cache: True
2025-09-24 09:24:21 - data_extractor - INFO - Début extraction complète
2025-09-24 09:24:21 - data_extractor - INFO - Chargement données socles depuis le cache
2025-09-24 09:24:21 - data_extractor - INFO - Chargement données organisationnelles depuis le cache
2025-09-24 09:24:22 - data_extractor - INFO - Chargement données financières depuis le cache
2025-09-24 09:24:24 - data_extractor - INFO - Données organisationnelles fusionnées
2025-09-24 09:24:25 - data_extractor - INFO - Données financières fusionnées
2025-09-24 09:24:25 - data_extractor - INFO - Extraction complète terminée : 312,440 lignes, 30 colonnes
2025-09-24 09:27:19 - data_extractor - INFO - DataExtractor initialisé - Cache: True
2025-09-24 09:27:19 - data_extractor - INFO - Chargement données financières depuis le cache
2025-09-24 09:34:51 - data_extractor - INFO - Logger data_extractor configuré - Fichier: /data/FCP10/Donnees/MC/explo/FCP10_MLCDP_WAX647/code/Prod/SEGPOTDYN/logs/data_extractor_20250924.log
2025-09-24 09:34:51 - data_extractor - INFO - DataExtractor initialisé - Cache: True
2025-09-24 09:34:51 - data_extractor - INFO - Début extraction complète
2025-09-24 09:34:51 - data_extractor - INFO - Chargement données socles depuis le cache
2025-09-24 09:34:51 - data_extractor - INFO - Chargement données organisationnelles depuis le cache
2025-09-24 09:34:51 - data_extractor - INFO - Chargement données financières depuis le cache
2025-09-24 09:34:54 - data_extractor - INFO - Données organisationnelles fusionnées
2025-09-24 09:34:55 - data_extractor - INFO - Données financières fusionnées
2025-09-24 09:34:55 - data_extractor - INFO - Extraction complète terminée : 312,440 lignes, 30 colonnes
2025-09-24 09:37:50 - data_extractor - INFO - DataExtractor initialisé - Cache: True
2025-09-24 09:37:50 - data_extractor - INFO - Chargement données financières depuis le cache
2025-09-24 09:42:34 - data_extractor - INFO - Logger data_extractor configuré - Fichier: /data/FCP10/Donnees/MC/explo/FCP10_MLCDP_WAX647/code/Prod/SEGPOTDYN/logs/data_extractor_20250924.log
2025-09-24 09:42:34 - data_extractor - INFO - DataExtractor initialisé - Cache: True
2025-09-24 09:42:34 - data_extractor - INFO - Début extraction complète
2025-09-24 09:42:34 - data_extractor - INFO - Chargement données socles depuis le cache
2025-09-24 09:42:34 - data_extractor - INFO - Chargement données organisationnelles depuis le cache
2025-09-24 09:42:34 - data_extractor - INFO - Chargement données financières depuis le cache
2025-09-24 09:42:36 - data_extractor - INFO - Données organisationnelles fusionnées
2025-09-24 09:42:38 - data_extractor - INFO - Données financières fusionnées
2025-09-24 09:42:38 - data_extractor - INFO - Extraction complète terminée : 312,440 lignes, 30 colonnes
2025-09-24 09:45:27 - data_extractor - INFO - DataExtractor initialisé - Cache: True
2025-09-24 09:45:27 - data_extractor - INFO - Chargement données financières depuis le cache
2025-09-24 13:36:04 - data_extractor - INFO - DataExtractor initialisé - Cache: True
2025-09-24 13:36:04 - data_extractor - INFO - Début extraction complète
2025-09-24 13:36:04 - data_extractor - INFO - Chargement données socles depuis le cache
2025-09-24 13:36:04 - data_extractor - INFO - Chargement données organisationnelles depuis le cache
2025-09-24 13:36:05 - data_extractor - INFO - Chargement données financières depuis le cache
2025-09-24 13:36:07 - data_extractor - INFO - Données organisationnelles fusionnées
2025-09-24 13:36:08 - data_extractor - INFO - Données financières fusionnées
2025-09-24 13:36:08 - data_extractor - INFO - Extraction complète terminée : 312,440 lignes, 30 colonnes
2025-09-24 13:36:40 - data_extractor - INFO - DataExtractor initialisé - Cache: True
2025-09-24 13:36:40 - data_extractor - INFO - Début extraction complète
2025-09-24 13:36:40 - data_extractor - INFO - Chargement données socles depuis le cache
2025-09-24 13:36:41 - data_extractor - INFO - Chargement données organisationnelles depuis le cache
2025-09-24 13:36:41 - data_extractor - INFO - Chargement données financières depuis le cache
2025-09-24 13:36:43 - data_extractor - INFO - Données organisationnelles fusionnées
2025-09-24 13:55:43 - data_extractor - INFO - Logger data_extractor configuré - Fichier: /data/FCP10/Donnees/MC/explo/FCP10_MLCDP_WAX647/code/Prod/SEGPOTDYN/logs/data_extractor_20250924.log
2025-09-24 13:55:43 - data_extractor - INFO - DataExtractor initialisé - Cache: True
2025-09-24 13:55:43 - data_extractor - INFO - Début extraction complète
2025-09-24 13:55:43 - data_extractor - INFO - Chargement données socles depuis le cache
2025-09-24 13:55:43 - data_extractor - INFO - Chargement données organisationnelles depuis le cache
2025-09-24 13:55:44 - data_extractor - INFO - Chargement données financières depuis le cache
2025-09-24 13:55:46 - data_extractor - INFO - Données organisationnelles fusionnées
2025-09-24 13:55:47 - data_extractor - INFO - Données financières fusionnées
2025-09-24 13:55:47 - data_extractor - INFO - Extraction complète terminée : 312,440 lignes, 30 colonnes
2025-09-24 13:58:42 - data_extractor - INFO - DataExtractor initialisé - Cache: True
2025-09-24 13:58:42 - data_extractor - INFO - Chargement données financières depuis le cache
2025-09-24 13:59:59 - data_extractor - INFO - Logger data_extractor configuré - Fichier: /data/FCP10/Donnees/MC/explo/FCP10_MLCDP_WAX647/code/Prod/SEGPOTDYN/logs/data_extractor_20250924.log
2025-09-24 13:59:59 - data_extractor - INFO - DataExtractor initialisé - Cache: True
2025-09-24 13:59:59 - data_extractor - INFO - Début extraction complète
2025-09-24 13:59:59 - data_extractor - INFO - Chargement données socles depuis le cache
2025-09-24 14:00:00 - data_extractor - INFO - Chargement données organisationnelles depuis le cache
2025-09-24 14:00:00 - data_extractor - INFO - Chargement données financières depuis le cache
2025-09-24 14:00:02 - data_extractor - INFO - Données organisationnelles fusionnées
2025-09-24 14:00:04 - data_extractor - INFO - Données financières fusionnées
2025-09-24 14:00:04 - data_extractor - INFO - Extraction complète terminée : 312,440 lignes, 30 colonnes
2025-09-24 14:01:13 - data_extractor - INFO - Logger data_extractor configuré - Fichier: /data/FCP10/Donnees/MC/explo/FCP10_MLCDP_WAX647/code/Prod/SEGPOTDYN/logs/data_extractor_20250924.log
2025-09-24 14:01:13 - data_extractor - INFO - DataExtractor initialisé - Cache: True
2025-09-24 14:01:13 - data_extractor - INFO - Début extraction complète
2025-09-24 14:01:13 - data_extractor - INFO - Chargement données socles depuis le cache
2025-09-24 14:01:13 - data_extractor - INFO - Chargement données organisationnelles depuis le cache
2025-09-24 14:01:13 - data_extractor - INFO - Chargement données financières depuis le cache
2025-09-24 14:01:16 - data_extractor - INFO - Données organisationnelles fusionnées
2025-09-24 14:01:17 - data_extractor - INFO - Données financières fusionnées
2025-09-24 14:01:17 - data_extractor - INFO - Extraction complète terminée : 312,440 lignes, 30 colonnes
2025-09-24 14:04:08 - data_extractor - INFO - DataExtractor initialisé - Cache: True
2025-09-24 14:04:08 - data_extractor - INFO - Chargement données financières depuis le cache
2025-09-24 14:12:33 - data_extractor - INFO - Logger data_extractor configuré - Fichier: /data/FCP10/Donnees/MC/explo/FCP10_MLCDP_WAX647/code/Prod/SEGPOTDYN/logs/data_extractor_20250924.log
2025-09-24 14:12:33 - data_extractor - INFO - DataExtractor initialisé - Cache: True
2025-09-24 14:12:33 - data_extractor - INFO - Début extraction complète
2025-09-24 14:12:33 - data_extractor - INFO - Chargement données socles depuis le cache
2025-09-24 14:12:33 - data_extractor - INFO - Chargement données organisationnelles depuis le cache
2025-09-24 14:12:33 - data_extractor - INFO - Chargement données financières depuis le cache
2025-09-24 14:12:35 - data_extractor - INFO - Données organisationnelles fusionnées
2025-09-24 14:12:37 - data_extractor - INFO - Données financières fusionnées
2025-09-24 14:12:37 - data_extractor - INFO - Extraction complète terminée : 312,440 lignes, 30 colonnes
2025-09-24 14:15:30 - data_extractor - INFO - DataExtractor initialisé - Cache: True
2025-09-24 14:15:30 - data_extractor - INFO - Chargement données financières depuis le cache
2025-09-24 14:59:15 - data_extractor - INFO - Logger data_extractor configuré - Fichier: /data/FCP10/Donnees/MC/explo/FCP10_MLCDP_WAX647/code/Prod/SEGPOTDYN/logs/data_extractor_20250924.log
2025-09-24 14:59:15 - data_extractor - INFO - DataExtractor initialisé - Cache: True
2025-09-24 14:59:15 - data_extractor - INFO - Début extraction complète
2025-09-24 14:59:15 - data_extractor - INFO - Chargement données socles depuis le cache
2025-09-24 14:59:15 - data_extractor - INFO - Chargement données organisationnelles depuis le cache
2025-09-24 14:59:16 - data_extractor - INFO - Chargement données financières depuis le cache
2025-09-24 14:59:18 - data_extractor - INFO - Données organisationnelles fusionnées
2025-09-24 14:59:19 - data_extractor - INFO - Données financières fusionnées
2025-09-24 14:59:19 - data_extractor - INFO - Extraction complète terminée : 312,440 lignes, 30 colonnes
2025-09-24 15:02:16 - data_extractor - INFO - DataExtractor initialisé - Cache: True
2025-09-24 15:02:16 - data_extractor - INFO - Chargement données financières depuis le cache
2025-09-24 15:06:56 - data_extractor - INFO - Logger data_extractor configuré - Fichier: /data/FCP10/Donnees/MC/explo/FCP10_MLCDP_WAX647/code/Prod/SEGPOTDYN/logs/data_extractor_20250924.log
2025-09-24 15:06:56 - data_extractor - INFO - DataExtractor initialisé - Cache: True
2025-09-24 15:06:56 - data_extractor - INFO - Début extraction complète
2025-09-24 15:06:56 - data_extractor - INFO - Chargement données socles depuis le cache
2025-09-24 15:06:56 - data_extractor - INFO - Chargement données organisationnelles depuis le cache
2025-09-24 15:06:57 - data_extractor - INFO - Chargement données financières depuis le cache
2025-09-24 15:06:59 - data_extractor - INFO - Données organisationnelles fusionnées
2025-09-24 15:07:00 - data_extractor - INFO - Données financières fusionnées
2025-09-24 15:07:00 - data_extractor - INFO - Extraction complète terminée : 312,440 lignes, 30 colonnes
2025-09-24 15:10:03 - data_extractor - INFO - DataExtractor initialisé - Cache: True
2025-09-24 15:10:03 - data_extractor - INFO - Chargement données financières depuis le cache
2025-09-24 15:13:09 - data_extractor - INFO - Logger data_extractor configuré - Fichier: /data/FCP10/Donnees/MC/explo/FCP10_MLCDP_WAX647/code/Prod/SEGPOTDYN/logs/data_extractor_20250924.log
2025-09-24 15:13:09 - data_extractor - INFO - DataExtractor initialisé - Cache: True
2025-09-24 15:13:09 - data_extractor - INFO - Début extraction complète
2025-09-24 15:13:09 - data_extractor - INFO - Chargement données socles depuis le cache
2025-09-24 15:13:09 - data_extractor - INFO - Chargement données organisationnelles depuis le cache
2025-09-24 15:13:10 - data_extractor - INFO - Chargement données financières depuis le cache
2025-09-24 15:13:12 - data_extractor - INFO - Données organisationnelles fusionnées
2025-09-24 15:13:13 - data_extractor - INFO - Données financières fusionnées
2025-09-24 15:13:13 - data_extractor - INFO - Extraction complète terminée : 312,440 lignes, 30 colonnes
2025-09-24 15:16:09 - data_extractor - INFO - DataExtractor initialisé - Cache: True
2025-09-24 15:16:09 - data_extractor - INFO - Chargement données financières depuis le cache
