2025-10-13 10:52:21 - data_extractor - INFO - Logger data_extractor configuré - Fichier: /data/FCP10/Donnees/MC/explo/FCP10_MLCDP_WAX647/code/Prod/SEGPOTDYN/logs/data_extractor_20251013.log
2025-10-13 10:52:21 - data_extractor - INFO - DataExtractor initialisé - Cache: False
2025-10-13 10:52:21 - data_extractor - INFO - Début extraction complète
2025-10-13 10:52:21 - data_extractor - INFO - Extraction données socles depuis la base
2025-10-13 10:53:54 - data_extractor - INFO - Extraction socles terminée : 312,707 lignes
2025-10-13 10:53:54 - data_extractor - INFO - Extraction données organisationnelles depuis la base
2025-10-13 10:54:05 - data_extractor - INFO - Extraction organisationnelle terminée : 386,105 lignes
2025-10-13 10:54:05 - data_extractor - INFO - Extraction données financières depuis la base
2025-10-13 10:54:49 - data_extractor - INFO - Extraction financière terminée : 452,977 lignes
2025-10-13 10:54:51 - data_extractor - INFO - Données organisationnelles fusionnées
2025-10-13 10:54:52 - data_extractor - INFO - Données financières fusionnées
2025-10-13 10:54:52 - data_extractor - INFO - Extraction complète terminée : 312,707 lignes, 30 colonnes
2025-10-13 10:57:46 - data_extractor - INFO - DataExtractor initialisé - Cache: True
2025-10-13 10:57:46 - data_extractor - INFO - Chargement données financières depuis le cache
2025-10-13 11:11:35 - data_extractor - INFO - Logger data_extractor configuré - Fichier: /data/FCP10/Donnees/MC/explo/FCP10_MLCDP_WAX647/code/Prod/SEGPOTDYN/logs/data_extractor_20251013.log
2025-10-13 11:11:35 - data_extractor - INFO - DataExtractor initialisé - Cache: False
2025-10-13 11:11:35 - data_extractor - INFO - Début extraction complète
2025-10-13 11:11:35 - data_extractor - INFO - Extraction données socles depuis la base
2025-10-13 11:12:08 - data_extractor - INFO - Extraction socles terminée : 312,707 lignes
2025-10-13 11:12:08 - data_extractor - INFO - Extraction données organisationnelles depuis la base
2025-10-13 11:12:20 - data_extractor - INFO - Extraction organisationnelle terminée : 386,105 lignes
2025-10-13 11:12:20 - data_extractor - INFO - Extraction données financières depuis la base
2025-10-13 11:13:10 - data_extractor - INFO - Extraction financière terminée : 452,977 lignes
2025-10-13 11:13:11 - data_extractor - INFO - Données organisationnelles fusionnées
2025-10-13 11:13:12 - data_extractor - INFO - Données financières fusionnées
2025-10-13 11:13:12 - data_extractor - INFO - Extraction complète terminée : 312,707 lignes, 30 colonnes
2025-10-13 11:16:05 - data_extractor - INFO - DataExtractor initialisé - Cache: True
2025-10-13 11:16:05 - data_extractor - INFO - Chargement données financières depuis le cache
