2025-09-23 15:51:30 - data_extractor - INFO - Logger data_extractor configuré - Fichier: /data/FCP10/Donnees/MC/explo/FCP10_MLCDP_WAX647/code/Prod/SEGPOTDYN/logs/data_extractor_20250923.log
2025-09-23 15:51:30 - data_extractor - INFO - DataExtractor initialisé - Cache: True
2025-09-23 15:51:30 - data_extractor - INFO - Début extraction complète
2025-09-23 15:51:30 - data_extractor - INFO - Chargement données socles depuis le cache
2025-09-23 15:51:30 - data_extractor - INFO - Chargement données organisationnelles depuis le cache
2025-09-23 15:51:31 - data_extractor - INFO - Chargement données financières depuis le cache
2025-09-23 15:51:33 - data_extractor - INFO - Données organisationnelles fusionnées
2025-09-23 15:51:34 - data_extractor - INFO - Données financières fusionnées
2025-09-23 15:51:34 - data_extractor - INFO - Extraction complète terminée : 312,440 lignes, 30 colonnes
2025-09-23 15:54:21 - data_extractor - INFO - DataExtractor initialisé - Cache: True
2025-09-23 15:54:21 - data_extractor - INFO - Chargement données financières depuis le cache
2025-09-23 15:54:57 - data_extractor - INFO - DataExtractor initialisé - Cache: True
2025-09-23 15:54:57 - data_extractor - INFO - Chargement données financières depuis le cache
2025-09-23 16:05:55 - data_extractor - INFO - Logger data_extractor configuré - Fichier: /data/FCP10/Donnees/MC/explo/FCP10_MLCDP_WAX647/code/Prod/SEGPOTDYN/logs/data_extractor_20250923.log
2025-09-23 16:05:55 - data_extractor - INFO - DataExtractor initialisé - Cache: True
2025-09-23 16:05:55 - data_extractor - INFO - Début extraction complète
2025-09-23 16:05:55 - data_extractor - INFO - Chargement données socles depuis le cache
2025-09-23 16:05:55 - data_extractor - INFO - Chargement données organisationnelles depuis le cache
2025-09-23 16:05:56 - data_extractor - INFO - Chargement données financières depuis le cache
2025-09-23 16:05:58 - data_extractor - INFO - Données organisationnelles fusionnées
2025-09-23 16:05:59 - data_extractor - INFO - Données financières fusionnées
2025-09-23 16:05:59 - data_extractor - INFO - Extraction complète terminée : 312,440 lignes, 30 colonnes
2025-09-23 16:08:46 - data_extractor - INFO - DataExtractor initialisé - Cache: True
2025-09-23 16:08:46 - data_extractor - INFO - Chargement données financières depuis le cache
2025-09-23 16:09:24 - data_extractor - INFO - DataExtractor initialisé - Cache: True
2025-09-23 16:09:24 - data_extractor - INFO - Chargement données financières depuis le cache
2025-09-23 16:16:17 - data_extractor - INFO - DataExtractor initialisé - Cache: True
2025-09-23 16:16:17 - data_extractor - INFO - Début extraction complète
2025-09-23 16:16:17 - data_extractor - INFO - Chargement données socles depuis le cache
2025-09-23 16:16:17 - data_extractor - INFO - Chargement données organisationnelles depuis le cache
2025-09-23 16:16:18 - data_extractor - INFO - Chargement données financières depuis le cache
2025-09-23 16:16:20 - data_extractor - INFO - Données organisationnelles fusionnées
2025-09-23 16:16:21 - data_extractor - INFO - Données financières fusionnées
2025-09-23 16:16:21 - data_extractor - INFO - Extraction complète terminée : 312,440 lignes, 30 colonnes
2025-09-23 16:19:20 - data_extractor - INFO - DataExtractor initialisé - Cache: True
2025-09-23 16:19:20 - data_extractor - INFO - Chargement données financières depuis le cache
2025-09-23 16:19:58 - data_extractor - INFO - DataExtractor initialisé - Cache: True
2025-09-23 16:19:58 - data_extractor - INFO - Chargement données financières depuis le cache
2025-09-23 16:21:11 - data_extractor - INFO - Logger data_extractor configuré - Fichier: /data/FCP10/Donnees/MC/explo/FCP10_MLCDP_WAX647/code/Prod/SEGPOTDYN/logs/data_extractor_20250923.log
2025-09-23 16:21:11 - data_extractor - INFO - DataExtractor initialisé - Cache: True
2025-09-23 16:21:11 - data_extractor - INFO - Début extraction complète
2025-09-23 16:21:11 - data_extractor - INFO - Chargement données socles depuis le cache
2025-09-23 16:21:11 - data_extractor - INFO - Chargement données organisationnelles depuis le cache
2025-09-23 16:21:12 - data_extractor - INFO - Chargement données financières depuis le cache
2025-09-23 16:21:14 - data_extractor - INFO - Données organisationnelles fusionnées
2025-09-23 16:21:15 - data_extractor - INFO - Données financières fusionnées
2025-09-23 16:21:15 - data_extractor - INFO - Extraction complète terminée : 312,440 lignes, 30 colonnes
2025-09-23 16:24:02 - data_extractor - INFO - DataExtractor initialisé - Cache: True
2025-09-23 16:24:02 - data_extractor - INFO - Chargement données financières depuis le cache
2025-09-23 16:24:37 - data_extractor - INFO - DataExtractor initialisé - Cache: True
2025-09-23 16:24:37 - data_extractor - INFO - Chargement données financières depuis le cache
2025-09-23 16:34:00 - data_extractor - INFO - DataExtractor initialisé - Cache: True
2025-09-23 16:34:00 - data_extractor - INFO - Début extraction complète
2025-09-23 16:34:00 - data_extractor - INFO - Chargement données socles depuis le cache
2025-09-23 16:34:00 - data_extractor - INFO - Chargement données organisationnelles depuis le cache
2025-09-23 16:34:00 - data_extractor - INFO - Chargement données financières depuis le cache
2025-09-23 16:34:02 - data_extractor - INFO - Données organisationnelles fusionnées
2025-09-23 16:35:29 - data_extractor - INFO - Logger data_extractor configuré - Fichier: /data/FCP10/Donnees/MC/explo/FCP10_MLCDP_WAX647/code/Prod/SEGPOTDYN/logs/data_extractor_20250923.log
2025-09-23 16:35:29 - data_extractor - INFO - DataExtractor initialisé - Cache: True
2025-09-23 16:35:29 - data_extractor - INFO - Début extraction complète
2025-09-23 16:35:29 - data_extractor - INFO - Chargement données socles depuis le cache
2025-09-23 16:35:30 - data_extractor - INFO - Chargement données organisationnelles depuis le cache
2025-09-23 16:35:30 - data_extractor - INFO - Chargement données financières depuis le cache
2025-09-23 16:35:32 - data_extractor - INFO - Données organisationnelles fusionnées
2025-09-23 16:35:33 - data_extractor - INFO - Données financières fusionnées
2025-09-23 16:35:33 - data_extractor - INFO - Extraction complète terminée : 312,440 lignes, 30 colonnes
2025-09-23 16:38:31 - data_extractor - INFO - DataExtractor initialisé - Cache: True
2025-09-23 16:38:31 - data_extractor - INFO - Chargement données financières depuis le cache
2025-09-23 16:48:51 - data_extractor - INFO - DataExtractor initialisé - Cache: True
2025-09-23 16:48:51 - data_extractor - INFO - Début extraction complète
2025-09-23 16:48:51 - data_extractor - INFO - Chargement données socles depuis le cache
2025-09-23 16:48:51 - data_extractor - INFO - Chargement données organisationnelles depuis le cache
2025-09-23 16:48:51 - data_extractor - INFO - Chargement données financières depuis le cache
2025-09-23 16:48:53 - data_extractor - INFO - Données organisationnelles fusionnées
2025-09-23 16:49:27 - data_extractor - INFO - Logger data_extractor configuré - Fichier: /data/FCP10/Donnees/MC/explo/FCP10_MLCDP_WAX647/code/Prod/SEGPOTDYN/logs/data_extractor_20250923.log
2025-09-23 16:49:27 - data_extractor - INFO - DataExtractor initialisé - Cache: True
2025-09-23 16:49:27 - data_extractor - INFO - Début extraction complète
2025-09-23 16:49:27 - data_extractor - INFO - Chargement données socles depuis le cache
2025-09-23 16:49:27 - data_extractor - INFO - Chargement données organisationnelles depuis le cache
2025-09-23 16:49:28 - data_extractor - INFO - Chargement données financières depuis le cache
2025-09-23 16:49:30 - data_extractor - INFO - Données organisationnelles fusionnées
2025-09-23 16:49:31 - data_extractor - INFO - Données financières fusionnées
2025-09-23 16:49:31 - data_extractor - INFO - Extraction complète terminée : 312,440 lignes, 30 colonnes
2025-09-23 16:52:27 - data_extractor - INFO - DataExtractor initialisé - Cache: True
2025-09-23 16:52:27 - data_extractor - INFO - Chargement données financières depuis le cache
