2025-09-19 10:14:36 - data_extractor - INFO - Logger data_extractor configuré - Fichier: /data/FCP10/Donnees/MC/explo/FCP10_MLCDP_WAX647/code/Prod/SEGPOTDYN/logs/data_extractor_20250919.log
2025-09-19 10:14:36 - data_extractor - INFO - DataExtractor initialisé - Cache: False
2025-09-19 10:14:36 - data_extractor - INFO - Début extraction complète
2025-09-19 10:14:36 - data_extractor - INFO - Extraction données socles depuis la base
2025-09-19 10:16:04 - data_extractor - INFO - Extraction socles terminée : 312,412 lignes
2025-09-19 10:16:04 - data_extractor - INFO - Extraction données organisationnelles depuis la base
2025-09-19 10:16:13 - data_extractor - INFO - Extraction organisationnelle terminée : 385,726 lignes
2025-09-19 10:16:13 - data_extractor - INFO - Extraction données financières depuis la base
2025-09-19 10:17:03 - data_extractor - INFO - Extraction financière terminée : 452,844 lignes
2025-09-19 10:17:04 - data_extractor - INFO - Données organisationnelles fusionnées
2025-09-19 10:17:05 - data_extractor - INFO - Données financières fusionnées
2025-09-19 10:17:05 - data_extractor - INFO - Extraction complète terminée : 312,412 lignes, 30 colonnes
2025-09-19 10:26:59 - data_extractor - INFO - DataExtractor initialisé - Cache: True
2025-09-19 10:26:59 - data_extractor - INFO - Chargement données financières depuis le cache
2025-09-19 13:39:24 - data_extractor - INFO - Logger data_extractor configuré - Fichier: /data/FCP10/Donnees/MC/explo/FCP10_MLCDP_WAX647/code/Prod/SEGPOTDYN/logs/data_extractor_20250919.log
2025-09-19 13:39:24 - data_extractor - INFO - DataExtractor initialisé - Cache: False
2025-09-19 13:39:24 - data_extractor - INFO - Début extraction complète
2025-09-19 13:39:24 - data_extractor - INFO - Extraction données socles depuis la base
2025-09-19 13:40:54 - data_extractor - INFO - Extraction socles terminée : 312,412 lignes
2025-09-19 13:40:54 - data_extractor - INFO - Extraction données organisationnelles depuis la base
2025-09-19 13:41:05 - data_extractor - INFO - Extraction organisationnelle terminée : 385,726 lignes
2025-09-19 13:41:05 - data_extractor - INFO - Extraction données financières depuis la base
2025-09-19 13:42:12 - data_extractor - INFO - Extraction financière terminée : 452,844 lignes
2025-09-19 13:42:13 - data_extractor - INFO - Données organisationnelles fusionnées
2025-09-19 13:42:15 - data_extractor - INFO - Données financières fusionnées
2025-09-19 13:42:15 - data_extractor - INFO - Extraction complète terminée : 312,412 lignes, 30 colonnes
2025-09-19 13:52:19 - data_extractor - INFO - DataExtractor initialisé - Cache: True
2025-09-19 13:52:19 - data_extractor - INFO - Chargement données financières depuis le cache
2025-09-19 14:02:16 - data_extractor - INFO - Logger data_extractor configuré - Fichier: /data/FCP10/Donnees/MC/explo/FCP10_MLCDP_WAX647/code/Prod/SEGPOTDYN/logs/data_extractor_20250919.log
2025-09-19 14:02:16 - data_extractor - INFO - DataExtractor initialisé - Cache: False
2025-09-19 14:02:16 - data_extractor - INFO - Début extraction complète
2025-09-19 14:02:16 - data_extractor - INFO - Extraction données socles depuis la base
2025-09-19 14:03:46 - data_extractor - INFO - Extraction socles terminée : 312,412 lignes
2025-09-19 14:03:46 - data_extractor - INFO - Extraction données organisationnelles depuis la base
2025-09-19 14:03:56 - data_extractor - INFO - Extraction organisationnelle terminée : 385,726 lignes
2025-09-19 14:03:56 - data_extractor - INFO - Extraction données financières depuis la base
2025-09-19 14:04:44 - data_extractor - INFO - Extraction financière terminée : 452,844 lignes
2025-09-19 14:04:46 - data_extractor - INFO - Données organisationnelles fusionnées
2025-09-19 14:04:47 - data_extractor - INFO - Données financières fusionnées
2025-09-19 14:04:47 - data_extractor - INFO - Extraction complète terminée : 312,412 lignes, 30 colonnes
2025-09-19 14:07:43 - data_extractor - INFO - DataExtractor initialisé - Cache: True
2025-09-19 14:07:43 - data_extractor - INFO - Chargement données financières depuis le cache
2025-09-19 14:54:41 - data_extractor - INFO - Logger data_extractor configuré - Fichier: /data/FCP10/Donnees/MC/explo/FCP10_MLCDP_WAX647/code/Prod/SEGPOTDYN/logs/data_extractor_20250919.log
2025-09-19 14:54:41 - data_extractor - INFO - DataExtractor initialisé - Cache: False
2025-09-19 14:54:41 - data_extractor - INFO - Début extraction complète
2025-09-19 14:54:41 - data_extractor - INFO - Extraction données socles depuis la base
2025-09-19 14:56:57 - data_extractor - INFO - Extraction socles terminée : 312,412 lignes
2025-09-19 14:56:57 - data_extractor - INFO - Extraction données organisationnelles depuis la base
2025-09-19 14:57:07 - data_extractor - INFO - Extraction organisationnelle terminée : 385,726 lignes
2025-09-19 14:57:07 - data_extractor - INFO - Extraction données financières depuis la base
2025-09-19 14:57:54 - data_extractor - INFO - Extraction financière terminée : 452,844 lignes
2025-09-19 14:57:56 - data_extractor - INFO - Données organisationnelles fusionnées
2025-09-19 14:57:57 - data_extractor - INFO - Données financières fusionnées
2025-09-19 14:57:57 - data_extractor - INFO - Extraction complète terminée : 312,412 lignes, 30 colonnes
2025-09-19 15:00:54 - data_extractor - INFO - DataExtractor initialisé - Cache: True
2025-09-19 15:00:54 - data_extractor - INFO - Chargement données financières depuis le cache
