2025-09-19 10:17:06 - dimension_optimizer - INFO - Logger dimension_optimizer configuré - Fichier: /data/FCP10/Donnees/MC/explo/FCP10_MLCDP_WAX647/code/Prod/SEGPOTDYN/logs/dimension_optimizer_20250919.log
2025-09-19 10:17:06 - dimension_optimizer - INFO - DimensionOptimizer initialisé - Mode : stratifie
2025-09-19 10:17:06 - dimension_optimizer - INFO - Début transformation dimensionnelle - Mode stratifie
2025-09-19 10:17:06 - dimension_optimizer - INFO - Shape initiale : (312412, 30)
2025-09-19 10:17:07 - dimension_optimizer - INFO - Transformation situation_composite : 2 colonnes
2025-09-19 10:17:07 - dimension_optimizer - INFO - Transformation age : 1 colonnes
2025-09-19 10:17:07 - dimension_optimizer - INFO - Transformation revenu : 1 colonnes
2025-09-19 10:17:07 - dimension_optimizer - INFO - Transformation enfants : 2 colonnes
2025-09-19 10:17:07 - dimension_optimizer - INFO - Transformation logement : 2 colonnes
2025-09-19 10:17:07 - dimension_optimizer - INFO - Transformation terminée : (312412, 9)
2025-09-19 10:17:07 - dimension_optimizer - INFO - Dimensions créées : 8
2025-09-19 10:17:07 - dimension_optimizer - INFO - Colonnes finales : ['Situation_Couple', 'Situation_Celibataire', 'AGE', 'REVENU_Score', 'Enfants_Avec', 'Enfants_Sans', 'Logement_Proprietaire', 'Logement_NonProprietaire']
2025-09-19 13:42:15 - dimension_optimizer - INFO - Logger dimension_optimizer configuré - Fichier: /data/FCP10/Donnees/MC/explo/FCP10_MLCDP_WAX647/code/Prod/SEGPOTDYN/logs/dimension_optimizer_20250919.log
2025-09-19 13:42:15 - dimension_optimizer - INFO - DimensionOptimizer initialisé - Mode : stratifie
2025-09-19 13:42:15 - dimension_optimizer - INFO - Début transformation dimensionnelle - Mode stratifie
2025-09-19 13:42:15 - dimension_optimizer - INFO - Shape initiale : (312412, 30)
2025-09-19 13:42:17 - dimension_optimizer - INFO - Transformation situation_composite : 2 colonnes
2025-09-19 13:42:17 - dimension_optimizer - INFO - Transformation age : 1 colonnes
2025-09-19 13:42:17 - dimension_optimizer - INFO - Transformation revenu : 1 colonnes
2025-09-19 13:42:17 - dimension_optimizer - INFO - Transformation enfants : 2 colonnes
2025-09-19 13:42:17 - dimension_optimizer - INFO - Transformation logement : 2 colonnes
2025-09-19 13:42:17 - dimension_optimizer - INFO - Transformation terminée : (312412, 9)
2025-09-19 13:42:17 - dimension_optimizer - INFO - Dimensions créées : 8
2025-09-19 13:42:17 - dimension_optimizer - INFO - Colonnes finales : ['Situation_Couple', 'Situation_Celibataire', 'AGE', 'REVENU_Score', 'Enfants_Avec', 'Enfants_Sans', 'Logement_Proprietaire', 'Logement_NonProprietaire']
2025-09-19 14:04:48 - dimension_optimizer - INFO - Logger dimension_optimizer configuré - Fichier: /data/FCP10/Donnees/MC/explo/FCP10_MLCDP_WAX647/code/Prod/SEGPOTDYN/logs/dimension_optimizer_20250919.log
2025-09-19 14:04:48 - dimension_optimizer - INFO - DimensionOptimizer initialisé - Mode : stratifie
2025-09-19 14:04:48 - dimension_optimizer - INFO - Début transformation dimensionnelle - Mode stratifie
2025-09-19 14:04:48 - dimension_optimizer - INFO - Shape initiale : (312412, 30)
2025-09-19 14:04:49 - dimension_optimizer - INFO - Transformation situation_composite : 2 colonnes
2025-09-19 14:04:49 - dimension_optimizer - INFO - Transformation age : 1 colonnes
2025-09-19 14:04:49 - dimension_optimizer - INFO - Transformation revenu : 1 colonnes
2025-09-19 14:04:49 - dimension_optimizer - INFO - Transformation enfants : 2 colonnes
2025-09-19 14:04:49 - dimension_optimizer - INFO - Transformation logement : 2 colonnes
2025-09-19 14:04:49 - dimension_optimizer - INFO - Transformation terminée : (312412, 9)
2025-09-19 14:04:49 - dimension_optimizer - INFO - Dimensions créées : 8
2025-09-19 14:04:49 - dimension_optimizer - INFO - Colonnes finales : ['Situation_Couple', 'Situation_Celibataire', 'AGE', 'REVENU_Score', 'Enfants_Avec', 'Enfants_Sans', 'Logement_Proprietaire', 'Logement_NonProprietaire']
2025-09-19 14:57:58 - dimension_optimizer - INFO - Logger dimension_optimizer configuré - Fichier: /data/FCP10/Donnees/MC/explo/FCP10_MLCDP_WAX647/code/Prod/SEGPOTDYN/logs/dimension_optimizer_20250919.log
2025-09-19 14:57:58 - dimension_optimizer - INFO - DimensionOptimizer initialisé - Mode : stratifie
2025-09-19 14:57:58 - dimension_optimizer - INFO - Début transformation dimensionnelle - Mode stratifie
2025-09-19 14:57:58 - dimension_optimizer - INFO - Shape initiale : (312412, 30)
2025-09-19 14:57:59 - dimension_optimizer - INFO - Transformation situation_composite : 2 colonnes
2025-09-19 14:57:59 - dimension_optimizer - INFO - Transformation age : 1 colonnes
2025-09-19 14:57:59 - dimension_optimizer - INFO - Transformation revenu : 1 colonnes
2025-09-19 14:57:59 - dimension_optimizer - INFO - Transformation enfants : 2 colonnes
2025-09-19 14:57:59 - dimension_optimizer - INFO - Transformation logement : 2 colonnes
2025-09-19 14:57:59 - dimension_optimizer - INFO - Transformation terminée : (312412, 9)
2025-09-19 14:57:59 - dimension_optimizer - INFO - Dimensions créées : 8
2025-09-19 14:57:59 - dimension_optimizer - INFO - Colonnes finales : ['Situation_Couple', 'Situation_Celibataire', 'AGE', 'REVENU_Score', 'Enfants_Avec', 'Enfants_Sans', 'Logement_Proprietaire', 'Logement_NonProprietaire']
