2025-10-13 10:54:53 - dimension_optimizer - INFO - Logger dimension_optimizer configuré - Fichier: /data/FCP10/Donnees/MC/explo/FCP10_MLCDP_WAX647/code/Prod/SEGPOTDYN/logs/dimension_optimizer_20251013.log
2025-10-13 10:54:53 - dimension_optimizer - INFO - DimensionOptimizer initialisé - Mode : stratifie
2025-10-13 10:54:53 - dimension_optimizer - INFO - Début transformation dimensionnelle - Mode stratifie
2025-10-13 10:54:53 - dimension_optimizer - INFO - Shape initiale : (312707, 30)
2025-10-13 10:54:54 - dimension_optimizer - INFO - Transformation situation_composite : 2 colonnes
2025-10-13 10:54:54 - dimension_optimizer - INFO - Transformation age : 1 colonnes
2025-10-13 10:54:54 - dimension_optimizer - INFO - Transformation revenu : 1 colonnes
2025-10-13 10:54:54 - dimension_optimizer - INFO - Transformation enfants : 2 colonnes
2025-10-13 10:54:54 - dimension_optimizer - INFO - Transformation logement : 2 colonnes
2025-10-13 10:54:54 - dimension_optimizer - INFO - Transformation terminée : (312707, 9)
2025-10-13 10:54:54 - dimension_optimizer - INFO - Dimensions créées : 8
2025-10-13 10:54:54 - dimension_optimizer - INFO - Colonnes finales : ['Situation_Couple', 'Situation_Celibataire', 'AGE', 'REVENU_Score', 'Enfants_Avec', 'Enfants_Sans', 'Logement_Proprietaire', 'Logement_NonProprietaire']
2025-10-13 11:13:13 - dimension_optimizer - INFO - Logger dimension_optimizer configuré - Fichier: /data/FCP10/Donnees/MC/explo/FCP10_MLCDP_WAX647/code/Prod/SEGPOTDYN/logs/dimension_optimizer_20251013.log
2025-10-13 11:13:13 - dimension_optimizer - INFO - DimensionOptimizer initialisé - Mode : stratifie
2025-10-13 11:13:13 - dimension_optimizer - INFO - Début transformation dimensionnelle - Mode stratifie
2025-10-13 11:13:13 - dimension_optimizer - INFO - Shape initiale : (312707, 30)
2025-10-13 11:13:14 - dimension_optimizer - INFO - Transformation situation_composite : 2 colonnes
2025-10-13 11:13:14 - dimension_optimizer - INFO - Transformation age : 1 colonnes
2025-10-13 11:13:14 - dimension_optimizer - INFO - Transformation revenu : 1 colonnes
2025-10-13 11:13:14 - dimension_optimizer - INFO - Transformation enfants : 2 colonnes
2025-10-13 11:13:14 - dimension_optimizer - INFO - Transformation logement : 2 colonnes
2025-10-13 11:13:14 - dimension_optimizer - INFO - Transformation terminée : (312707, 9)
2025-10-13 11:13:14 - dimension_optimizer - INFO - Dimensions créées : 8
2025-10-13 11:13:14 - dimension_optimizer - INFO - Colonnes finales : ['Situation_Couple', 'Situation_Celibataire', 'AGE', 'REVENU_Score', 'Enfants_Avec', 'Enfants_Sans', 'Logement_Proprietaire', 'Logement_NonProprietaire']
