2025-09-23 15:54:58 - improved_client_scoring - INFO - Logger improved_client_scoring configuré - Fichier: /data/FCP10/Donnees/MC/explo/FCP10_MLCDP_WAX647/code/Prod/SEGPOTDYN/logs/improved_client_scoring_20250923.log
2025-09-23 15:54:58 - improved_client_scoring - INFO - ImprovedClientScoringEngine initialisé - Top clients: 25.0%
2025-09-23 15:54:58 - improved_client_scoring - INFO - Début calcul scores clients avec pourcentages d'atteinte
2025-09-23 15:54:58 - improved_client_scoring - INFO - Données clusterisées : (312440, 61)
2025-09-23 15:54:58 - improved_client_scoring - INFO - Données financières : (452792, 17)
2025-09-23 15:55:00 - improved_client_scoring - INFO - Données fusionnées : (312440, 77)
2025-09-23 15:55:00 - improved_client_scoring - INFO - Nettoyage colonne CLUSTER_GLOBAL
2025-09-23 15:55:02 - improved_client_scoring - INFO - Clients clusterisés retenus : 312440
2025-09-23 15:55:02 - improved_client_scoring - INFO - Clusters uniques : 50
2025-09-23 15:55:02 - improved_client_scoring - INFO - Préparation données financières
2025-09-23 15:55:02 - improved_client_scoring - INFO - Colonnes PNB disponibles : []
2025-09-23 15:55:02 - improved_client_scoring - WARNING - Aucune colonne PNB trouvée - PNB_TOTAL = 0
2025-09-23 15:55:02 - improved_client_scoring - INFO - Calcul des références par cluster (top 25% et poids)
2025-09-23 15:55:02 - improved_client_scoring - WARNING - Aucune colonne PNB pour les références
2025-09-23 15:55:02 - improved_client_scoring - INFO - Calcul pourcentages d'atteinte par univers
2025-09-23 15:55:02 - improved_client_scoring - INFO - Pourcentages d'atteinte calculés pour 0 univers
2025-09-23 15:55:02 - improved_client_scoring - INFO - Calcul pourcentage d'atteinte total pondéré
2025-09-23 15:55:02 - improved_client_scoring - INFO - Atteinte totale - Moyenne: 0.0%, Min: 0.0%, Max: 0.0%
2025-09-23 15:55:02 - improved_client_scoring - INFO - Calcul segmentation finale améliorée (0-4)
2025-09-23 15:55:07 - improved_client_scoring - INFO - Distribution des segments finaux :
2025-09-23 15:55:07 - improved_client_scoring - INFO -   - Segment 1 (A construire): 312,440 clients (100.0%)
2025-09-23 15:55:10 - improved_client_scoring - INFO - === MÉTRIQUES AMÉLIIORÉES ===
2025-09-23 15:55:10 - improved_client_scoring - INFO - Clients scorés : 312,440
2025-09-23 15:55:10 - improved_client_scoring - INFO - Clusters analysés : 50
2025-09-23 15:55:10 - improved_client_scoring - INFO - Atteinte totale moyenne : 0.0%
2025-09-23 15:55:10 - improved_client_scoring - INFO - Clients haute performance (≥80%) : 0
2025-09-23 15:55:10 - improved_client_scoring - INFO - Clients faible performance (<40%) : 312,440
2025-09-23 15:55:10 - improved_client_scoring - INFO - Distribution segments finaux :
2025-09-23 15:55:10 - improved_client_scoring - INFO -   - Segment 1: 312,440 clients (100.0%)
2025-09-23 15:55:10 - improved_client_scoring - INFO - Performance par univers :
2025-09-23 15:55:10 - improved_client_scoring - INFO - Scoring amélioré terminé en 11.96s - 312440 clients scorés
2025-09-23 15:55:11 - improved_client_scoring - INFO - === EXPORT CLIENT ACHIEVEMENTS ===
2025-09-23 15:55:11 - improved_client_scoring - INFO - Fichier créé : /data/FCP10/Donnees/MC/explo/FCP10_MLCDP_WAX647/code/Prod/SEGPOTDYN/models/client_achievements_20250923_155510.csv
2025-09-23 15:55:11 - improved_client_scoring - INFO - Clients exportés : 312,440
2025-09-23 15:55:11 - improved_client_scoring - INFO - Colonnes : ['ID_DWR_CLI_CIAL', 'SEGMENT_FINAL', 'TOTAL_ATTEINTE_PCT']
2025-09-23 15:55:11 - improved_client_scoring - INFO - Atteinte totale moyenne : 0.0%
2025-09-23 15:55:11 - improved_client_scoring - INFO - Distribution segments : {1: 312440}
2025-09-23 16:09:25 - improved_client_scoring - INFO - Logger improved_client_scoring configuré - Fichier: /data/FCP10/Donnees/MC/explo/FCP10_MLCDP_WAX647/code/Prod/SEGPOTDYN/logs/improved_client_scoring_20250923.log
2025-09-23 16:09:25 - improved_client_scoring - INFO - ImprovedClientScoringEngine initialisé - Top clients: 25.0%
2025-09-23 16:09:25 - improved_client_scoring - INFO - Début calcul scores clients avec pourcentages d'atteinte
2025-09-23 16:09:25 - improved_client_scoring - INFO - Données clusterisées : (312440, 61)
2025-09-23 16:09:25 - improved_client_scoring - INFO - Données financières : (452792, 17)
2025-09-23 16:19:59 - improved_client_scoring - INFO - ImprovedClientScoringEngine initialisé - Top clients: 25.0%
2025-09-23 16:19:59 - improved_client_scoring - INFO - Début calcul scores clients avec pourcentages d'atteinte
2025-09-23 16:19:59 - improved_client_scoring - INFO - Données clusterisées : (312440, 61)
2025-09-23 16:19:59 - improved_client_scoring - INFO - Données financières : (452792, 17)
2025-09-23 16:24:38 - improved_client_scoring - INFO - Logger improved_client_scoring configuré - Fichier: /data/FCP10/Donnees/MC/explo/FCP10_MLCDP_WAX647/code/Prod/SEGPOTDYN/logs/improved_client_scoring_20250923.log
2025-09-23 16:24:38 - improved_client_scoring - INFO - ImprovedClientScoringEngine initialisé - Top clients: 25.0%
2025-09-23 16:24:38 - improved_client_scoring - INFO - Début calcul scores clients avec pourcentages d'atteinte
2025-09-23 16:24:38 - improved_client_scoring - INFO - Données clusterisées : (312440, 61)
2025-09-23 16:24:38 - improved_client_scoring - INFO - Données financières : (452792, 17)
2025-09-23 16:24:40 - improved_client_scoring - INFO - Données fusionnées : (312440, 77)
2025-09-23 16:24:40 - improved_client_scoring - INFO - Nettoyage colonne CLUSTER_GLOBAL
2025-09-23 16:24:42 - improved_client_scoring - INFO - Clients clusterisés retenus : 312440
2025-09-23 16:24:42 - improved_client_scoring - INFO - Clusters uniques : 50
2025-09-23 16:24:42 - improved_client_scoring - INFO - Préparation données financières
2025-09-23 16:24:42 - improved_client_scoring - INFO - Colonnes PNB disponibles : []
2025-09-23 16:24:42 - improved_client_scoring - WARNING - Aucune colonne PNB trouvée - PNB_TOTAL = 0
2025-09-23 16:24:42 - improved_client_scoring - INFO - Calcul des références par cluster (top 25% et poids)
2025-09-23 16:24:42 - improved_client_scoring - WARNING - Aucune colonne PNB pour les références
2025-09-23 16:24:42 - improved_client_scoring - INFO - Calcul pourcentages d'atteinte par univers
2025-09-23 16:24:42 - improved_client_scoring - INFO - Pourcentages d'atteinte calculés pour 0 univers
2025-09-23 16:24:42 - improved_client_scoring - INFO - Calcul pourcentage d'atteinte total pondéré
2025-09-23 16:24:42 - improved_client_scoring - INFO - Atteinte totale - Moyenne: 0.0%, Min: 0.0%, Max: 0.0%
2025-09-23 16:24:42 - improved_client_scoring - INFO - Calcul segmentation finale améliorée (0-4)
2025-09-23 16:24:47 - improved_client_scoring - INFO - Distribution des segments finaux :
2025-09-23 16:24:47 - improved_client_scoring - INFO -   - Segment 1 (A construire): 312,440 clients (100.0%)
2025-09-23 16:24:50 - improved_client_scoring - INFO - === MÉTRIQUES AMÉLIIORÉES ===
2025-09-23 16:24:50 - improved_client_scoring - INFO - Clients scorés : 312,440
2025-09-23 16:24:50 - improved_client_scoring - INFO - Clusters analysés : 50
2025-09-23 16:24:50 - improved_client_scoring - INFO - Atteinte totale moyenne : 0.0%
2025-09-23 16:24:50 - improved_client_scoring - INFO - Clients haute performance (≥80%) : 0
2025-09-23 16:24:50 - improved_client_scoring - INFO - Clients faible performance (<40%) : 312,440
2025-09-23 16:24:50 - improved_client_scoring - INFO - Distribution segments finaux :
2025-09-23 16:24:50 - improved_client_scoring - INFO -   - Segment 1: 312,440 clients (100.0%)
2025-09-23 16:24:50 - improved_client_scoring - INFO - Performance par univers :
2025-09-23 16:24:50 - improved_client_scoring - INFO - Scoring amélioré terminé en 12.06s - 312440 clients scorés
2025-09-23 16:24:51 - improved_client_scoring - INFO - === EXPORT CLIENT ACHIEVEMENTS ===
2025-09-23 16:24:51 - improved_client_scoring - INFO - Fichier créé : /data/FCP10/Donnees/MC/explo/FCP10_MLCDP_WAX647/code/Prod/SEGPOTDYN/models/client_achievements_20250923_162450.csv
2025-09-23 16:24:51 - improved_client_scoring - INFO - Clients exportés : 312,440
2025-09-23 16:24:51 - improved_client_scoring - INFO - Colonnes : ['ID_DWR_CLI_CIAL', 'SEGMENT_FINAL', 'TOTAL_ATTEINTE_PCT']
2025-09-23 16:24:51 - improved_client_scoring - INFO - Atteinte totale moyenne : 0.0%
2025-09-23 16:24:51 - improved_client_scoring - INFO - Distribution segments : {1: 312440}
